Archive member included to satisfy reference by file (symbol)

/Applications/STM32CubeIDE.app/Contents/Eclipse/plugins/com.st.stm32cube.ide.mcu.externaltools.gnu-tools-for-stm32.7-2018-q2-update.macos64_1.0.0.201904181610/tools/bin/../lib/gcc/arm-none-eabi/7.3.1/../../../../arm-none-eabi/lib/thumb/v7e-m/fpv4-sp/hard/libc_nano.a(lib_a-exit.o)
                              /Applications/STM32CubeIDE.app/Contents/Eclipse/plugins/com.st.stm32cube.ide.mcu.externaltools.gnu-tools-for-stm32.7-2018-q2-update.macos64_1.0.0.201904181610/tools/bin/../lib/gcc/arm-none-eabi/7.3.1/../../../../arm-none-eabi/lib/thumb/v7e-m/fpv4-sp/hard/crt0.o (exit)
/Applications/STM32CubeIDE.app/Contents/Eclipse/plugins/com.st.stm32cube.ide.mcu.externaltools.gnu-tools-for-stm32.7-2018-q2-update.macos64_1.0.0.201904181610/tools/bin/../lib/gcc/arm-none-eabi/7.3.1/../../../../arm-none-eabi/lib/thumb/v7e-m/fpv4-sp/hard/libc_nano.a(lib_a-impure.o)
                              /Applications/STM32CubeIDE.app/Contents/Eclipse/plugins/com.st.stm32cube.ide.mcu.externaltools.gnu-tools-for-stm32.7-2018-q2-update.macos64_1.0.0.201904181610/tools/bin/../lib/gcc/arm-none-eabi/7.3.1/../../../../arm-none-eabi/lib/thumb/v7e-m/fpv4-sp/hard/libc_nano.a(lib_a-exit.o) (_global_impure_ptr)
/Applications/STM32CubeIDE.app/Contents/Eclipse/plugins/com.st.stm32cube.ide.mcu.externaltools.gnu-tools-for-stm32.7-2018-q2-update.macos64_1.0.0.201904181610/tools/bin/../lib/gcc/arm-none-eabi/7.3.1/../../../../arm-none-eabi/lib/thumb/v7e-m/fpv4-sp/hard/libc_nano.a(lib_a-init.o)
                              /Applications/STM32CubeIDE.app/Contents/Eclipse/plugins/com.st.stm32cube.ide.mcu.externaltools.gnu-tools-for-stm32.7-2018-q2-update.macos64_1.0.0.201904181610/tools/bin/../lib/gcc/arm-none-eabi/7.3.1/../../../../arm-none-eabi/lib/thumb/v7e-m/fpv4-sp/hard/crt0.o (__libc_init_array)
/Applications/STM32CubeIDE.app/Contents/Eclipse/plugins/com.st.stm32cube.ide.mcu.externaltools.gnu-tools-for-stm32.7-2018-q2-update.macos64_1.0.0.201904181610/tools/bin/../lib/gcc/arm-none-eabi/7.3.1/../../../../arm-none-eabi/lib/thumb/v7e-m/fpv4-sp/hard/libc_nano.a(lib_a-memset.o)
                              /Applications/STM32CubeIDE.app/Contents/Eclipse/plugins/com.st.stm32cube.ide.mcu.externaltools.gnu-tools-for-stm32.7-2018-q2-update.macos64_1.0.0.201904181610/tools/bin/../lib/gcc/arm-none-eabi/7.3.1/../../../../arm-none-eabi/lib/thumb/v7e-m/fpv4-sp/hard/crt0.o (memset)
/Applications/STM32CubeIDE.app/Contents/Eclipse/plugins/com.st.stm32cube.ide.mcu.externaltools.gnu-tools-for-stm32.7-2018-q2-update.macos64_1.0.0.201904181610/tools/bin/../lib/gcc/arm-none-eabi/7.3.1/../../../../arm-none-eabi/lib/thumb/v7e-m/fpv4-sp/hard/libc_nano.a(lib_a-reent.o)
                              src/syscalls.o (errno)
/Applications/STM32CubeIDE.app/Contents/Eclipse/plugins/com.st.stm32cube.ide.mcu.externaltools.gnu-tools-for-stm32.7-2018-q2-update.macos64_1.0.0.201904181610/tools/bin/../lib/gcc/arm-none-eabi/7.3.1/../../../../arm-none-eabi/lib/thumb/v7e-m/fpv4-sp/hard/libc_nano.a(lib_a-strlen.o)
                              src/tiny_printf.o (strlen)
/Applications/STM32CubeIDE.app/Contents/Eclipse/plugins/com.st.stm32cube.ide.mcu.externaltools.gnu-tools-for-stm32.7-2018-q2-update.macos64_1.0.0.201904181610/tools/bin/../lib/gcc/arm-none-eabi/7.3.1/../../../../arm-none-eabi/lib/thumb/v7e-m/fpv4-sp/hard/libc_nano.a(lib_a-nano-freer.o)
                              /Applications/STM32CubeIDE.app/Contents/Eclipse/plugins/com.st.stm32cube.ide.mcu.externaltools.gnu-tools-for-stm32.7-2018-q2-update.macos64_1.0.0.201904181610/tools/bin/../lib/gcc/arm-none-eabi/7.3.1/../../../../arm-none-eabi/lib/thumb/v7e-m/fpv4-sp/hard/libc_nano.a(lib_a-reent.o) (_free_r)
/Applications/STM32CubeIDE.app/Contents/Eclipse/plugins/com.st.stm32cube.ide.mcu.externaltools.gnu-tools-for-stm32.7-2018-q2-update.macos64_1.0.0.201904181610/tools/bin/../lib/gcc/arm-none-eabi/7.3.1/../../../../arm-none-eabi/lib/thumb/v7e-m/fpv4-sp/hard/libc_nano.a(lib_a-nano-mallocr.o)
                              /Applications/STM32CubeIDE.app/Contents/Eclipse/plugins/com.st.stm32cube.ide.mcu.externaltools.gnu-tools-for-stm32.7-2018-q2-update.macos64_1.0.0.201904181610/tools/bin/../lib/gcc/arm-none-eabi/7.3.1/../../../../arm-none-eabi/lib/thumb/v7e-m/fpv4-sp/hard/libc_nano.a(lib_a-nano-freer.o) (__malloc_free_list)
/Applications/STM32CubeIDE.app/Contents/Eclipse/plugins/com.st.stm32cube.ide.mcu.externaltools.gnu-tools-for-stm32.7-2018-q2-update.macos64_1.0.0.201904181610/tools/bin/../lib/gcc/arm-none-eabi/7.3.1/../../../../arm-none-eabi/lib/thumb/v7e-m/fpv4-sp/hard/libc_nano.a(lib_a-sbrkr.o)
                              /Applications/STM32CubeIDE.app/Contents/Eclipse/plugins/com.st.stm32cube.ide.mcu.externaltools.gnu-tools-for-stm32.7-2018-q2-update.macos64_1.0.0.201904181610/tools/bin/../lib/gcc/arm-none-eabi/7.3.1/../../../../arm-none-eabi/lib/thumb/v7e-m/fpv4-sp/hard/libc_nano.a(lib_a-nano-mallocr.o) (_sbrk_r)
[...]
Memory Configuration

Name             Origin             Length             Attributes
FLASH            0x0000000008000000 0x0000000000100000 xr
RAM              0x0000000020000000 0x0000000000020000 xrw
MEMORY_B1        0x0000000060000000 0x0000000000000000 xr
CCMRAM           0x0000000010000000 0x0000000000010000 rw
*default*        0x0000000000000000 0xffffffffffffffff

Linker script and memory map

LOAD /Applications/STM32CubeIDE.app/Contents/Eclipse/plugins/com.st.stm32cube.ide.mcu.externaltools.gnu-tools-for-stm32.7-2018-q2-update.macos64_1.0.0.201904181610/tools/bin/../lib/gcc/arm-none-eabi/7.3.1/thumb/v7e-m/fpv4-sp/hard/crti.o
LOAD /Applications/STM32CubeIDE.app/Contents/Eclipse/plugins/com.st.stm32cube.ide.mcu.externaltools.gnu-tools-for-stm32.7-2018-q2-update.macos64_1.0.0.201904181610/tools/bin/../lib/gcc/arm-none-eabi/7.3.1/thumb/v7e-m/fpv4-sp/hard/crtbegin.o
LOAD /Applications/STM32CubeIDE.app/Contents/Eclipse/plugins/com.st.stm32cube.ide.mcu.externaltools.gnu-tools-for-stm32.7-2018-q2-update.macos64_1.0.0.201904181610/tools/bin/../lib/gcc/arm-none-eabi/7.3.1/../../../../arm-none-eabi/lib/thumb/v7e-m/fpv4-sp/hard/crt0.o
LOAD Libraries/STM32F4xx_StdPeriph_Driver/src/misc.o
LOAD Libraries/STM32F4xx_StdPeriph_Driver/src/stm32f4xx_adc.o
LOAD Libraries/STM32F4xx_StdPeriph_Driver/src/stm32f4xx_can.o
LOAD Libraries/STM32F4xx_StdPeriph_Driver/src/stm32f4xx_crc.o
LOAD Libraries/STM32F4xx_StdPeriph_Driver/src/stm32f4xx_cryp.o
LOAD Libraries/STM32F4xx_StdPeriph_Driver/src/stm32f4xx_cryp_aes.o
LOAD Libraries/STM32F4xx_StdPeriph_Driver/src/stm32f4xx_cryp_des.o
LOAD Libraries/STM32F4xx_StdPeriph_Driver/src/stm32f4xx_cryp_tdes.o
LOAD Libraries/STM32F4xx_StdPeriph_Driver/src/stm32f4xx_dac.o
LOAD Libraries/STM32F4xx_StdPeriph_Driver/src/stm32f4xx_dbgmcu.o
LOAD Libraries/STM32F4xx_StdPeriph_Driver/src/stm32f4xx_dcmi.o
LOAD Libraries/STM32F4xx_StdPeriph_Driver/src/stm32f4xx_dma.o
LOAD Libraries/STM32F4xx_StdPeriph_Driver/src/stm32f4xx_exti.o
LOAD Libraries/STM32F4xx_StdPeriph_Driver/src/stm32f4xx_flash.o
LOAD Libraries/STM32F4xx_StdPeriph_Driver/src/stm32f4xx_fsmc.o
LOAD Libraries/STM32F4xx_StdPeriph_Driver/src/stm32f4xx_gpio.o
LOAD Libraries/STM32F4xx_StdPeriph_Driver/src/stm32f4xx_hash.o
LOAD Libraries/STM32F4xx_StdPeriph_Driver/src/stm32f4xx_hash_md5.o
LOAD Libraries/STM32F4xx_StdPeriph_Driver/src/stm32f4xx_hash_sha1.o
LOAD Libraries/STM32F4xx_StdPeriph_Driver/src/stm32f4xx_i2c.o
LOAD Libraries/STM32F4xx_StdPeriph_Driver/src/stm32f4xx_iwdg.o
LOAD Libraries/STM32F4xx_StdPeriph_Driver/src/stm32f4xx_pwr.o
LOAD Libraries/STM32F4xx_StdPeriph_Driver/src/stm32f4xx_rcc.o
LOAD Libraries/STM32F4xx_StdPeriph_Driver/src/stm32f4xx_rng.o
LOAD Libraries/STM32F4xx_StdPeriph_Driver/src/stm32f4xx_rtc.o
LOAD Libraries/STM32F4xx_StdPeriph_Driver/src/stm32f4xx_sdio.o
LOAD Libraries/STM32F4xx_StdPeriph_Driver/src/stm32f4xx_spi.o
LOAD Libraries/STM32F4xx_StdPeriph_Driver/src/stm32f4xx_syscfg.o
LOAD Libraries/STM32F4xx_StdPeriph_Driver/src/stm32f4xx_tim.o
LOAD Libraries/STM32F4xx_StdPeriph_Driver/src/stm32f4xx_usart.o
LOAD Libraries/STM32F4xx_StdPeriph_Driver/src/stm32f4xx_wwdg.o
LOAD src/CAT25512.o
LOAD src/HC165.o
LOAD src/MAX5135.o
LOAD src/adc_pots_selector.o
LOAD src/dip_config.o
LOAD src/expander.o
LOAD src/leds_modes.o
LOAD src/leds_step.o
LOAD src/main.o
LOAD src/startup_stm32f40xx.o
LOAD src/stm32f4xx_it.o
LOAD src/syscalls.o
LOAD src/system_stm32f4xx.o
LOAD src/tiny_printf.o
LOAD src/version.o
START GROUP
LOAD /Applications/STM32CubeIDE.app/Contents/Eclipse/plugins/com.st.stm32cube.ide.mcu.externaltools.gnu-tools-for-stm32.7-2018-q2-update.macos64_1.0.0.201904181610/tools/bin/../lib/gcc/arm-none-eabi/7.3.1/../../../../arm-none-eabi/lib/thumb/v7e-m/fpv4-sp/hard/libc_nano.a
LOAD /Applications/STM32CubeIDE.app/Contents/Eclipse/plugins/com.st.stm32cube.ide.mcu.externaltools.gnu-tools-for-stm32.7-2018-q2-update.macos64_1.0.0.201904181610/tools/bin/../lib/gcc/arm-none-eabi/7.3.1/../../../../arm-none-eabi/lib/thumb/v7e-m/fpv4-sp/hard/libm.a
END GROUP
START GROUP
LOAD /Applications/STM32CubeIDE.app/Contents/Eclipse/plugins/com.st.stm32cube.ide.mcu.externaltools.gnu-tools-for-stm32.7-2018-q2-update.macos64_1.0.0.201904181610/tools/bin/../lib/gcc/arm-none-eabi/7.3.1/thumb/v7e-m/fpv4-sp/hard/libgcc.a
LOAD /Applications/STM32CubeIDE.app/Contents/Eclipse/plugins/com.st.stm32cube.ide.mcu.externaltools.gnu-tools-for-stm32.7-2018-q2-update.macos64_1.0.0.201904181610/tools/bin/../lib/gcc/arm-none-eabi/7.3.1/../../../../arm-none-eabi/lib/thumb/v7e-m/fpv4-sp/hard/libc_nano.a
END GROUP
START GROUP
LOAD /Applications/STM32CubeIDE.app/Contents/Eclipse/plugins/com.st.stm32cube.ide.mcu.externaltools.gnu-tools-for-stm32.7-2018-q2-update.macos64_1.0.0.201904181610/tools/bin/../lib/gcc/arm-none-eabi/7.3.1/thumb/v7e-m/fpv4-sp/hard/libgcc.a
LOAD /Applications/STM32CubeIDE.app/Contents/Eclipse/plugins/com.st.stm32cube.ide.mcu.externaltools.gnu-tools-for-stm32.7-2018-q2-update.macos64_1.0.0.201904181610/tools/bin/../lib/gcc/arm-none-eabi/7.3.1/../../../../arm-none-eabi/lib/thumb/v7e-m/fpv4-sp/hard/libc_nano.a
LOAD /Applications/STM32CubeIDE.app/Contents/Eclipse/plugins/com.st.stm32cube.ide.mcu.externaltools.gnu-tools-for-stm32.7-2018-q2-update.macos64_1.0.0.201904181610/tools/bin/../lib/gcc/arm-none-eabi/7.3.1/../../../../arm-none-eabi/lib/thumb/v7e-m/fpv4-sp/hard/libnosys.a
END GROUP
START GROUP
LOAD /Applications/STM32CubeIDE.app/Contents/Eclipse/plugins/com.st.stm32cube.ide.mcu.externaltools.gnu-tools-for-stm32.7-2018-q2-update.macos64_1.0.0.201904181610/tools/bin/../lib/gcc/arm-none-eabi/7.3.1/thumb/v7e-m/fpv4-sp/hard/libgcc.a
LOAD /Applications/STM32CubeIDE.app/Contents/Eclipse/plugins/com.st.stm32cube.ide.mcu.externaltools.gnu-tools-for-stm32.7-2018-q2-update.macos64_1.0.0.201904181610/tools/bin/../lib/gcc/arm-none-eabi/7.3.1/../../../../arm-none-eabi/lib/thumb/v7e-m/fpv4-sp/hard/libc_nano.a
LOAD /Applications/STM32CubeIDE.app/Contents/Eclipse/plugins/com.st.stm32cube.ide.mcu.externaltools.gnu-tools-for-stm32.7-2018-q2-update.macos64_1.0.0.201904181610/tools/bin/../lib/gcc/arm-none-eabi/7.3.1/../../../../arm-none-eabi/lib/thumb/v7e-m/fpv4-sp/hard/libnosys.a
END GROUP
LOAD /Applications/STM32CubeIDE.app/Contents/Eclipse/plugins/com.st.stm32cube.ide.mcu.externaltools.gnu-tools-for-stm32.7-2018-q2-update.macos64_1.0.0.201904181610/tools/bin/../lib/gcc/arm-none-eabi/7.3.1/thumb/v7e-m/fpv4-sp/hard/crtend.o
LOAD /Applications/STM32CubeIDE.app/Contents/Eclipse/plugins/com.st.stm32cube.ide.mcu.externaltools.gnu-tools-for-stm32.7-2018-q2-update.macos64_1.0.0.201904181610/tools/bin/../lib/gcc/arm-none-eabi/7.3.1/thumb/v7e-m/fpv4-sp/hard/crtn.o
                0x0000000020020000                _estack = 0x20020000
                0x0000000000000000                _Min_Heap_Size = 0x0
                0x0000000000000400                _Min_Stack_Size = 0x400

.isr_vector     0x0000000008000000      0x188
                0x0000000008000000                . = ALIGN (0x4)
 *(.isr_vector)
 .isr_vector    0x0000000008000000      0x188 src/startup_stm32f40xx.o
                0x0000000008000000                g_pfnVectors
                0x0000000008000188                . = ALIGN (0x4)

.text           0x0000000008000188     0x6558
                0x0000000008000188                . = ALIGN (0x4)
 *(.text)
 .text          0x0000000008000188       0x40 /Applications/STM32CubeIDE.app/Contents/Eclipse/plugins/com.st.stm32cube.ide.mcu.externaltools.gnu-tools-for-stm32.7-2018-q2-update.macos64_1.0.0.201904181610/tools/bin/../lib/gcc/arm-none-eabi/7.3.1/thumb/v7e-m/fpv4-sp/hard/crtbegin.o
 .text          0x00000000080001c8       0x10 /Applications/STM32CubeIDE.app/Contents/Eclipse/plugins/com.st.stm32cube.ide.mcu.externaltools.gnu-tools-for-stm32.7-2018-q2-update.macos64_1.0.0.201904181610/tools/bin/../lib/gcc/arm-none-eabi/7.3.1/../../../../arm-none-eabi/lib/thumb/v7e-m/fpv4-sp/hard/libc_nano.a(lib_a-strlen.o)
                0x00000000080001c8                strlen
 .text          0x00000000080001d8      0x378 /Applications/STM32CubeIDE.app/Contents/Eclipse/plugins/com.st.stm32cube.ide.mcu.externaltools.gnu-tools-for-stm32.7-2018-q2-update.macos64_1.0.0.201904181610/tools/bin/../lib/gcc/arm-none-eabi/7.3.1/thumb/v7e-m/fpv4-sp/hard/libgcc.a(_arm_addsubdf3.o)
                0x00000000080001d8                __aeabi_drsub
                0x00000000080001e0                __subdf3
                0x00000000080001e0                __aeabi_dsub
                0x00000000080001e4                __aeabi_dadd
                0x00000000080001e4                __adddf3
                0x000000000800045c                __aeabi_ui2d
                0x000000000800045c                __floatunsidf
                0x000000000800047c                __floatsidf
                0x000000000800047c                __aeabi_i2d
                0x00000000080004a0                __extendsfdf2
                0x00000000080004a0                __aeabi_f2d
                0x00000000080004e4                __aeabi_ul2d
                0x00000000080004e4                __floatundidf
                0x00000000080004f4                __aeabi_l2d
                0x00000000080004f4                __floatdidf
 .text          0x0000000008000550      0x424 /Applications/STM32CubeIDE.app/Contents/Eclipse/plugins/com.st.stm32cube.ide.mcu.externaltools.gnu-tools-for-stm32.7-2018-q2-update.macos64_1.0.0.201904181610/tools/bin/../lib/gcc/arm-none-eabi/7.3.1/thumb/v7e-m/fpv4-sp/hard/libgcc.a(_arm_muldivdf3.o)
                0x0000000008000550                __aeabi_dmul
                0x0000000008000550                __muldf3
                0x00000000080007a4                __aeabi_ddiv
                0x00000000080007a4                __divdf3
 .text          0x0000000008000974       0x40 /Applications/STM32CubeIDE.app/Contents/Eclipse/plugins/com.st.stm32cube.ide.mcu.externaltools.gnu-tools-for-stm32.7-2018-q2-update.macos64_1.0.0.201904181610/tools/bin/../lib/gcc/arm-none-eabi/7.3.1/thumb/v7e-m/fpv4-sp/hard/libgcc.a(_arm_fixunsdfsi.o)
                0x0000000008000974                __fixunsdfsi
                0x0000000008000974                __aeabi_d2uiz
 .text          0x00000000080009b4       0xa0 /Applications/STM32CubeIDE.app/Contents/Eclipse/plugins/com.st.stm32cube.ide.mcu.externaltools.gnu-tools-for-stm32.7-2018-q2-update.macos64_1.0.0.201904181610/tools/bin/../lib/gcc/arm-none-eabi/7.3.1/thumb/v7e-m/fpv4-sp/hard/libgcc.a(_aeabi_ldivmod.o)
                0x00000000080009b4                __aeabi_ldivmod
 .text          0x0000000008000a54      0x2cc /Applications/STM32CubeIDE.app/Contents/Eclipse/plugins/com.st.stm32cube.ide.mcu.externaltools.gnu-tools-for-stm32.7-2018-q2-update.macos64_1.0.0.201904181610/tools/bin/../lib/gcc/arm-none-eabi/7.3.1/thumb/v7e-m/fpv4-sp/hard/libgcc.a(_udivmoddi4.o)
                0x0000000008000a54                __udivmoddi4
 .text          0x0000000008000d20        0x4 /Applications/STM32CubeIDE.app/Contents/Eclipse/plugins/com.st.stm32cube.ide.mcu.externaltools.gnu-tools-for-stm32.7-2018-q2-update.macos64_1.0.0.201904181610/tools/bin/../lib/gcc/arm-none-eabi/7.3.1/thumb/v7e-m/fpv4-sp/hard/libgcc.a(_dvmd_tls.o)
                0x0000000008000d20                __aeabi_ldiv0
                0x0000000008000d20                __aeabi_idiv0
 *(.text*)
 .text.NVIC_Init
                0x0000000008000d24       0x64 Libraries/STM32F4xx_StdPeriph_Driver/src/misc.o
                0x0000000008000d24                NVIC_Init
 .text.ADC_Init
                0x0000000008000d88       0x50 Libraries/STM32F4xx_StdPeriph_Driver/src/stm32f4xx_adc.o
                0x0000000008000d88                ADC_Init
 .text.ADC_StructInit
                0x0000000008000dd8       0x14 Libraries/STM32F4xx_StdPeriph_Driver/src/stm32f4xx_adc.o
                0x0000000008000dd8                ADC_StructInit
 .text.ADC_CommonInit
                0x0000000008000dec       0x2c Libraries/STM32F4xx_StdPeriph_Driver/src/stm32f4xx_adc.o
                0x0000000008000dec                ADC_CommonInit
 .text.ADC_Cmd  0x0000000008000e18       0x16 Libraries/STM32F4xx_StdPeriph_Driver/src/stm32f4xx_adc.o
                0x0000000008000e18                ADC_Cmd
 .text.ADC_RegularChannelConfig
                0x0000000008000e2e       0x90 Libraries/STM32F4xx_StdPeriph_Driver/src/stm32f4xx_adc.o
                0x0000000008000e2e                ADC_RegularChannelConfig
 .text.ADC_ITConfig
                0x0000000008000ebe       0x1c Libraries/STM32F4xx_StdPeriph_Driver/src/stm32f4xx_adc.o
                0x0000000008000ebe                ADC_ITConfig
 .text.ADC_GetFlagStatus
                0x0000000008000eda        0xe Libraries/STM32F4xx_StdPeriph_Driver/src/stm32f4xx_adc.o
                0x0000000008000eda                ADC_GetFlagStatus
 .text.ADC_ClearFlag
                0x0000000008000ee8        0x6 Libraries/STM32F4xx_StdPeriph_Driver/src/stm32f4xx_adc.o
                0x0000000008000ee8                ADC_ClearFlag
 .text.DAC_DeInit
                0x0000000008000eee       0x18 Libraries/STM32F4xx_StdPeriph_Driver/src/stm32f4xx_dac.o
                0x0000000008000eee                DAC_DeInit
 *fill*         0x0000000008000f06        0x2 
 .text.DAC_Init
                0x0000000008000f08       0x30 Libraries/STM32F4xx_StdPeriph_Driver/src/stm32f4xx_dac.o
                0x0000000008000f08                DAC_Init
 .text.DAC_StructInit
                0x0000000008000f38        0xc Libraries/STM32F4xx_StdPeriph_Driver/src/stm32f4xx_dac.o
                0x0000000008000f38                DAC_StructInit
 .text.DAC_Cmd  0x0000000008000f44       0x28 Libraries/STM32F4xx_StdPeriph_Driver/src/stm32f4xx_dac.o
                0x0000000008000f44                DAC_Cmd
 .text.DAC_SetChannel1Data
                0x0000000008000f6c       0x20 Libraries/STM32F4xx_StdPeriph_Driver/src/stm32f4xx_dac.o
                0x0000000008000f6c                DAC_SetChannel1Data
 .text.DAC_SetChannel2Data
                0x0000000008000f8c       0x20 Libraries/STM32F4xx_StdPeriph_Driver/src/stm32f4xx_dac.o
                0x0000000008000f8c                DAC_SetChannel2Data
 .text.EXTI_DeInit
                0x0000000008000fac       0x1c Libraries/STM32F4xx_StdPeriph_Driver/src/stm32f4xx_exti.o
                0x0000000008000fac                EXTI_DeInit
 .text.EXTI_Init
                0x0000000008000fc8       0x90 Libraries/STM32F4xx_StdPeriph_Driver/src/stm32f4xx_exti.o
                0x0000000008000fc8                EXTI_Init
 .text.EXTI_ClearITPendingBit
                0x0000000008001058        0xc Libraries/STM32F4xx_StdPeriph_Driver/src/stm32f4xx_exti.o
                0x0000000008001058                EXTI_ClearITPendingBit
 .text.GPIO_Init
                0x0000000008001064       0x8a Libraries/STM32F4xx_StdPeriph_Driver/src/stm32f4xx_gpio.o
                0x0000000008001064                GPIO_Init
 .text.GPIO_StructInit
                0x00000000080010ee       0x12 Libraries/STM32F4xx_StdPeriph_Driver/src/stm32f4xx_gpio.o
                0x00000000080010ee                GPIO_StructInit
 .text.GPIO_ReadInputDataBit
                0x0000000008001100        0xe Libraries/STM32F4xx_StdPeriph_Driver/src/stm32f4xx_gpio.o
                0x0000000008001100                GPIO_ReadInputDataBit
 .text.GPIO_SetBits
                0x000000000800110e        0x4 Libraries/STM32F4xx_StdPeriph_Driver/src/stm32f4xx_gpio.o
                0x000000000800110e                GPIO_SetBits
 .text.GPIO_ResetBits
                0x0000000008001112        0x4 Libraries/STM32F4xx_StdPeriph_Driver/src/stm32f4xx_gpio.o
                0x0000000008001112                GPIO_ResetBits
 .text.GPIO_PinAFConfig
                0x0000000008001116       0x2e Libraries/STM32F4xx_StdPeriph_Driver/src/stm32f4xx_gpio.o
                0x0000000008001116                GPIO_PinAFConfig
 .text.RCC_GetClocksFreq
                0x0000000008001144       0xb8 Libraries/STM32F4xx_StdPeriph_Driver/src/stm32f4xx_rcc.o
                0x0000000008001144                RCC_GetClocksFreq
 .text.RCC_AHB1PeriphClockCmd
                0x00000000080011fc       0x1c Libraries/STM32F4xx_StdPeriph_Driver/src/stm32f4xx_rcc.o
                0x00000000080011fc                RCC_AHB1PeriphClockCmd
 .text.RCC_APB1PeriphClockCmd
                0x0000000008001218       0x1c Libraries/STM32F4xx_StdPeriph_Driver/src/stm32f4xx_rcc.o
                0x0000000008001218                RCC_APB1PeriphClockCmd
 .text.RCC_APB2PeriphClockCmd
                0x0000000008001234       0x1c Libraries/STM32F4xx_StdPeriph_Driver/src/stm32f4xx_rcc.o
                0x0000000008001234                RCC_APB2PeriphClockCmd
 .text.RCC_APB1PeriphResetCmd
                0x0000000008001250       0x1c Libraries/STM32F4xx_StdPeriph_Driver/src/stm32f4xx_rcc.o
                0x0000000008001250                RCC_APB1PeriphResetCmd
 .text.RCC_APB2PeriphResetCmd
                0x000000000800126c       0x1c Libraries/STM32F4xx_StdPeriph_Driver/src/stm32f4xx_rcc.o
                0x000000000800126c                RCC_APB2PeriphResetCmd
 .text.SPI_I2S_DeInit
                0x0000000008001288       0xc4 Libraries/STM32F4xx_StdPeriph_Driver/src/stm32f4xx_spi.o
                0x0000000008001288                SPI_I2S_DeInit
 .text.SPI_Init
                0x000000000800134c       0x4c Libraries/STM32F4xx_StdPeriph_Driver/src/stm32f4xx_spi.o
                0x000000000800134c                SPI_Init
 .text.SPI_StructInit
                0x0000000008001398       0x18 Libraries/STM32F4xx_StdPeriph_Driver/src/stm32f4xx_spi.o
                0x0000000008001398                SPI_StructInit
 .text.SPI_Cmd  0x00000000080013b0       0x1a Libraries/STM32F4xx_StdPeriph_Driver/src/stm32f4xx_spi.o
                0x00000000080013b0                SPI_Cmd
 .text.SPI_NSSInternalSoftwareConfig
                0x00000000080013ca       0x20 Libraries/STM32F4xx_StdPeriph_Driver/src/stm32f4xx_spi.o
                0x00000000080013ca                SPI_NSSInternalSoftwareConfig
 .text.SPI_I2S_ReceiveData
                0x00000000080013ea        0x4 Libraries/STM32F4xx_StdPeriph_Driver/src/stm32f4xx_spi.o
                0x00000000080013ea                SPI_I2S_ReceiveData
 .text.SPI_I2S_SendData
                0x00000000080013ee        0x4 Libraries/STM32F4xx_StdPeriph_Driver/src/stm32f4xx_spi.o
                0x00000000080013ee                SPI_I2S_SendData
 .text.SPI_I2S_GetFlagStatus
                0x00000000080013f2        0xe Libraries/STM32F4xx_StdPeriph_Driver/src/stm32f4xx_spi.o
                0x00000000080013f2                SPI_I2S_GetFlagStatus
 .text.SYSCFG_EXTILineConfig
                0x0000000008001400       0x34 Libraries/STM32F4xx_StdPeriph_Driver/src/stm32f4xx_syscfg.o
                0x0000000008001400                SYSCFG_EXTILineConfig
 .text.TIM_TimeBaseInit
                0x0000000008001434       0x7c Libraries/STM32F4xx_StdPeriph_Driver/src/stm32f4xx_tim.o
                0x0000000008001434                TIM_TimeBaseInit
 .text.TIM_TimeBaseStructInit
                0x00000000080014b0       0x12 Libraries/STM32F4xx_StdPeriph_Driver/src/stm32f4xx_tim.o
                0x00000000080014b0                TIM_TimeBaseStructInit
 .text.TIM_SetCounter
                0x00000000080014c2        0x4 Libraries/STM32F4xx_StdPeriph_Driver/src/stm32f4xx_tim.o
                0x00000000080014c2                TIM_SetCounter
 .text.TIM_ARRPreloadConfig
                0x00000000080014c6       0x1a Libraries/STM32F4xx_StdPeriph_Driver/src/stm32f4xx_tim.o
                0x00000000080014c6                TIM_ARRPreloadConfig
 .text.TIM_Cmd  0x00000000080014e0       0x1a Libraries/STM32F4xx_StdPeriph_Driver/src/stm32f4xx_tim.o
                0x00000000080014e0                TIM_Cmd
 .text.TIM_SetCompare2
                0x00000000080014fa        0x4 Libraries/STM32F4xx_StdPeriph_Driver/src/stm32f4xx_tim.o
                0x00000000080014fa                TIM_SetCompare2
 .text.TIM_CCxCmd
                0x00000000080014fe       0x22 Libraries/STM32F4xx_StdPeriph_Driver/src/stm32f4xx_tim.o
                0x00000000080014fe                TIM_CCxCmd
 .text.TIM_ITConfig
                0x0000000008001520       0x14 Libraries/STM32F4xx_StdPeriph_Driver/src/stm32f4xx_tim.o
                0x0000000008001520                TIM_ITConfig
 .text.TIM_GetITStatus
                0x0000000008001534       0x18 Libraries/STM32F4xx_StdPeriph_Driver/src/stm32f4xx_tim.o
                0x0000000008001534                TIM_GetITStatus
 .text.TIM_ClearITPendingBit
                0x000000000800154c        0x8 Libraries/STM32F4xx_StdPeriph_Driver/src/stm32f4xx_tim.o
                0x000000000800154c                TIM_ClearITPendingBit
 .text.TIM_SelectOutputTrigger
                0x0000000008001554       0x14 Libraries/STM32F4xx_StdPeriph_Driver/src/stm32f4xx_tim.o
                0x0000000008001554                TIM_SelectOutputTrigger
 .text.CAT25512_SendByte
                0x0000000008001568       0x30 src/CAT25512.o
                0x0000000008001568                CAT25512_SendByte
 .text.CAT25512_RecieveData
                0x0000000008001598       0x30 src/CAT25512.o
                0x0000000008001598                CAT25512_RecieveData
 .text.CAT25512_init
                0x00000000080015c8      0x104 src/CAT25512.o
                0x00000000080015c8                CAT25512_init
 .text.CAT25512_ReadStatusRegister
                0x00000000080016cc       0x34 src/CAT25512.o
                0x00000000080016cc                CAT25512_ReadStatusRegister
 .text.CAT25512_WREN
                0x0000000008001700       0x28 src/CAT25512.o
                0x0000000008001700                CAT25512_WREN
 .text.CAT25512_ReadByte
                0x0000000008001728       0x3c src/CAT25512.o
                0x0000000008001728                CAT25512_ReadByte
 .text.CAT25512_write_block
                0x0000000008001764       0xc8 src/CAT25512.o
                0x0000000008001764                CAT25512_write_block
 .text.CAT25512_read_block
                0x000000000800182c       0x48 src/CAT25512.o
                0x000000000800182c                CAT25512_read_block
 .text.init_HC165
                0x0000000008001874       0x58 src/HC165.o
                0x0000000008001874                init_HC165
 .text.HC165_LatchUp
                0x00000000080018cc       0x6c src/HC165.o
                0x00000000080018cc                HC165_LatchUp
 .text.HC165_GetByte
                0x0000000008001938      0x100 src/HC165.o
                0x0000000008001938                HC165_GetByte
 .text.HC165_GetDWord
                0x0000000008001a38       0x26 src/HC165.o
                0x0000000008001a38                HC165_GetDWord
 .text.HC165_GetDWord1
                0x0000000008001a5e       0x1c src/HC165.o
                0x0000000008001a5e                HC165_GetDWord1
 *fill*         0x0000000008001a7a        0x2 
 .text.GetButton
                0x0000000008001a7c       0x38 src/HC165.o
                0x0000000008001a7c                GetButton
 .text.SendData
                0x0000000008001ab4       0x30 src/MAX5135.o
                0x0000000008001ab4                SendData
 .text.MAX5135_SendPack
                0x0000000008001ae4       0x30 src/MAX5135.o
                0x0000000008001ae4                MAX5135_SendPack
 .text.MAX5135init
                0x0000000008001b14       0xd0 src/MAX5135.o
                0x0000000008001b14                MAX5135init
 .text.MAX5135_DAC_send
                0x0000000008001be4       0x62 src/MAX5135.o
                0x0000000008001be4                MAX5135_DAC_send
 *fill*         0x0000000008001c46        0x2 
 .text.ADC_POTS_selector_init
                0x0000000008001c48       0x3c src/adc_pots_selector.o
                0x0000000008001c48                ADC_POTS_selector_init
 .text.ADC_POTS_selector_SendByte
                0x0000000008001c84       0x80 src/adc_pots_selector.o
                0x0000000008001c84                ADC_POTS_selector_SendByte
 .text.ADC_POTS_selector_SendHalfByte
                0x0000000008001d04       0x80 src/adc_pots_selector.o
                0x0000000008001d04                ADC_POTS_selector_SendHalfByte
 .text.ADC_POTS_selector_SendDWord
                0x0000000008001d84       0x38 src/adc_pots_selector.o
                0x0000000008001d84                ADC_POTS_selector_SendDWord
 .text.ADC_POTS_selector_Ch
                0x0000000008001dbc       0x18 src/adc_pots_selector.o
                0x0000000008001dbc                ADC_POTS_selector_Ch
 .text.ADC_inc  0x0000000008001dd4       0x84 src/adc_pots_selector.o
                0x0000000008001dd4                ADC_inc
 .text.ADC_inc_expanded
                0x0000000008001e58       0x88 src/adc_pots_selector.o
                0x0000000008001e58                ADC_inc_expanded
 .text.DipConfig_init
                0x0000000008001ee0       0x34 src/dip_config.o
                0x0000000008001ee0                DipConfig_init
 .text.GetDipConfig
                0x0000000008001f14       0x44 src/dip_config.o
                0x0000000008001f14                GetDipConfig
 .text.Init_Expander_GPIO
                0x0000000008001f58        0x2 src/expander.o
                0x0000000008001f58                Init_Expander_GPIO
 .text.Is_Expander_Present
                0x0000000008001f5a       0x14 src/expander.o
                0x0000000008001f5a                Is_Expander_Present
 *fill*         0x0000000008001f6e        0x2 
 .text.LEDS_modes_init
                0x0000000008001f70       0x38 src/leds_modes.o
                0x0000000008001f70                LEDS_modes_init
 .text.LEDS_modes_SendByte
                0x0000000008001fa8       0x8c src/leds_modes.o
                0x0000000008001fa8                LEDS_modes_SendByte
 .text.LEDS_modes_SendStruct
                0x0000000008002034       0x34 src/leds_modes.o
                0x0000000008002034                LEDS_modes_SendStruct
 .text.LED_STEP_init
                0x0000000008002068       0x3c src/leds_step.o
                0x0000000008002068                LED_STEP_init
 .text.LED_STEP_SendByte
                0x00000000080020a4       0x94 src/leds_step.o
                0x00000000080020a4                LED_STEP_SendByte
 .text.LED_STEP_SendWord
                0x0000000008002138       0x30 src/leds_step.o
                0x0000000008002138                LED_STEP_SendWord
 .text.LED_STEP_LightStep
                0x0000000008002168       0x64 src/leds_step.o
                0x0000000008002168                LED_STEP_LightStep
 .text.systickInit
                0x00000000080021cc       0x40 src/main.o
                0x00000000080021cc                systickInit
 .text.SysTick_Handler
                0x000000000800220c       0x10 src/main.o
                0x000000000800220c                SysTick_Handler
 .text.mADC_init
                0x000000000800221c      0x16c src/main.o
                0x000000000800221c                mADC_init
 .text.ADCPause
                0x0000000008002388       0x10 src/main.o
                0x0000000008002388                ADCPause
 .text.mInterruptInit
                0x0000000008002398       0xf0 src/main.o
                0x0000000008002398                mInterruptInit
 .text.EXTI0_IRQHandler
                0x0000000008002488       0x6c src/main.o
                0x0000000008002488                EXTI0_IRQHandler
 .text.InitStart_1_SignalTimer
                0x00000000080024f4       0x38 src/main.o
                0x00000000080024f4                InitStart_1_SignalTimer
 .text.InitStart_2_SignalTimer
                0x000000000800252c       0x38 src/main.o
                0x000000000800252c                InitStart_2_SignalTimer
 .text.InitClear_Timer
                0x0000000008002564       0x3c src/main.o
                0x0000000008002564                InitClear_Timer
 .text.EXTI1_IRQHandler
                0x00000000080025a0       0x60 src/main.o
                0x00000000080025a0                EXTI1_IRQHandler
 .text.SaveSequence
                0x0000000008002600       0x7c src/main.o
                0x0000000008002600                SaveSequence
 .text.LoadSequence
                0x000000000800267c      0x108 src/main.o
                0x000000000800267c                LoadSequence
 .text.GetStepWidth
                0x0000000008002784      0x190 src/main.o
                0x0000000008002784                GetStepWidth
 .text.GetStepVoltage
                0x0000000008002914      0x2b0 src/main.o
                0x0000000008002914                GetStepVoltage
 .text.GetNextStep
                0x0000000008002bc4       0xa4 src/main.o
                0x0000000008002bc4                GetNextStep
 .text.EXTI9_5_IRQHandler
                0x0000000008002c68      0x488 src/main.o
                0x0000000008002c68                EXTI9_5_IRQHandler
 .text.TIM4_IRQHandler
                0x00000000080030f0      0x520 src/main.o
                0x00000000080030f0                TIM4_IRQHandler
 .text.TIM5_IRQHandler
                0x0000000008003610      0x4e4 src/main.o
                0x0000000008003610                TIM5_IRQHandler
 .text.mTimersInit
                0x0000000008003af4      0x184 src/main.o
                0x0000000008003af4                mTimersInit
 .text.TIM8_UP_TIM13_IRQHandler
                0x0000000008003c78       0x48 src/main.o
                0x0000000008003c78                TIM8_UP_TIM13_IRQHandler
 .text.TIM8_TRG_COM_TIM14_IRQHandler
                0x0000000008003cc0       0x4c src/main.o
                0x0000000008003cc0                TIM8_TRG_COM_TIM14_IRQHandler
 .text.TIM3_IRQHandler
                0x0000000008003d0c      0x11c src/main.o
                0x0000000008003d0c                TIM3_IRQHandler
 .text.TIM7_IRQHandler
                0x0000000008003e28      0x120 src/main.o
                0x0000000008003e28                TIM7_IRQHandler
 .text.PulsesInit
                0x0000000008003f48       0x98 src/main.o
                0x0000000008003f48                PulsesInit
 .text.DisplayLedsIOInit
                0x0000000008003fe0       0x34 src/main.o
                0x0000000008003fe0                DisplayLedsIOInit
 .text.InternalDACInit
                0x0000000008004014       0x74 src/main.o
                0x0000000008004014                InternalDACInit
 .text.keyb_proc
                0x0000000008004088     0x11b0 src/main.o
                0x0000000008004088                keyb_proc
 .text.UpdateModeSection
                0x0000000008005238      0x4f0 src/main.o
                0x0000000008005238                UpdateModeSection
 .text.UpdateStepSection
                0x0000000008005728       0x7c src/main.o
                0x0000000008005728                UpdateStepSection
 .text.PermutePulses
                0x00000000080057a4       0xc8 src/main.o
                0x00000000080057a4                PermutePulses
 .text.Calibration
                0x000000000800586c      0x100 src/main.o
                0x000000000800586c                Calibration
 .text.delay_ms
                0x000000000800596c       0x34 src/main.o
                0x000000000800596c                delay_ms
 .text.TIM6_DAC_IRQHandler
                0x00000000080059a0      0x214 src/main.o
                0x00000000080059a0                TIM6_DAC_IRQHandler
 *fill*         0x0000000008005bb4        0x4 
 .text.main     0x0000000008005bb8      0x434 src/main.o
                0x0000000008005bb8                main
 .text.delay_us
                0x0000000008005fec       0x34 src/main.o
                0x0000000008005fec                delay_us
 .text.ADC_IRQHandler
                0x0000000008006020      0x3cc src/main.o
                0x0000000008006020                ADC_IRQHandler
 *fill*         0x00000000080063ec        0x4 
 .text.delay_ns
                0x00000000080063f0       0x40 src/main.o
                0x00000000080063f0                delay_ns
 .text.Reset_Handler
                0x0000000008006430       0x50 src/startup_stm32f40xx.o
                0x0000000008006430                Reset_Handler
 .text.Default_Handler
                0x0000000008006480        0x2 src/startup_stm32f40xx.o
                0x0000000008006480                DMA1_Stream3_IRQHandler
                0x0000000008006480                HASH_RNG_IRQHandler
                0x0000000008006480                EXTI2_IRQHandler
                0x0000000008006480                TIM8_CC_IRQHandler
                0x0000000008006480                TIM1_CC_IRQHandler
                0x0000000008006480                DMA2_Stream5_IRQHandler
                0x0000000008006480                DMA1_Stream5_IRQHandler
                0x0000000008006480                PVD_IRQHandler
                0x0000000008006480                SDIO_IRQHandler
                0x0000000008006480                TAMP_STAMP_IRQHandler
                0x0000000008006480                CAN2_RX1_IRQHandler
                0x0000000008006480                EXTI3_IRQHandler
                0x0000000008006480                TIM1_UP_TIM10_IRQHandler
                0x0000000008006480                I2C3_ER_IRQHandler
                0x0000000008006480                I2C2_EV_IRQHandler
                0x0000000008006480                DMA1_Stream2_IRQHandler
                0x0000000008006480                CAN1_RX0_IRQHandler
                0x0000000008006480                FPU_IRQHandler
                0x0000000008006480                OTG_HS_WKUP_IRQHandler
                0x0000000008006480                CAN2_SCE_IRQHandler
                0x0000000008006480                DMA2_Stream2_IRQHandler
                0x0000000008006480                SPI1_IRQHandler
                0x0000000008006480                TIM1_BRK_TIM9_IRQHandler
                0x0000000008006480                DCMI_IRQHandler
                0x0000000008006480                CAN2_RX0_IRQHandler
                0x0000000008006480                DMA2_Stream3_IRQHandler
                0x0000000008006480                USART6_IRQHandler
                0x0000000008006480                USART3_IRQHandler
                0x0000000008006480                CRYP_IRQHandler
                0x0000000008006480                CAN1_RX1_IRQHandler
                0x0000000008006480                UART5_IRQHandler
                0x0000000008006480                DMA2_Stream0_IRQHandler
                0x0000000008006480                I2C1_EV_IRQHandler
                0x0000000008006480                DMA1_Stream6_IRQHandler
                0x0000000008006480                DMA1_Stream1_IRQHandler
                0x0000000008006480                UART4_IRQHandler
                0x0000000008006480                RCC_IRQHandler
                0x0000000008006480                TIM8_BRK_TIM12_IRQHandler
                0x0000000008006480                Default_Handler
                0x0000000008006480                EXTI15_10_IRQHandler
                0x0000000008006480                DMA1_Stream7_IRQHandler
                0x0000000008006480                CAN2_TX_IRQHandler
                0x0000000008006480                DMA2_Stream7_IRQHandler
                0x0000000008006480                I2C3_EV_IRQHandler
                0x0000000008006480                RTC_WKUP_IRQHandler
                0x0000000008006480                ETH_WKUP_IRQHandler
                0x0000000008006480                SPI2_IRQHandler
                0x0000000008006480                OTG_HS_EP1_IN_IRQHandler
                0x0000000008006480                DMA1_Stream0_IRQHandler
                0x0000000008006480                CAN1_TX_IRQHandler
                0x0000000008006480                EXTI4_IRQHandler
                0x0000000008006480                FSMC_IRQHandler
                0x0000000008006480                ETH_IRQHandler
                0x0000000008006480                OTG_HS_EP1_OUT_IRQHandler
                0x0000000008006480                WWDG_IRQHandler
                0x0000000008006480                TIM2_IRQHandler
                0x0000000008006480                OTG_FS_WKUP_IRQHandler
                0x0000000008006480                TIM1_TRG_COM_TIM11_IRQHandler
                0x0000000008006480                OTG_HS_IRQHandler
                0x0000000008006480                USART2_IRQHandler
                0x0000000008006480                I2C2_ER_IRQHandler
                0x0000000008006480                DMA2_Stream1_IRQHandler
                0x0000000008006480                CAN1_SCE_IRQHandler
                0x0000000008006480                FLASH_IRQHandler
                0x0000000008006480                DMA2_Stream4_IRQHandler
                0x0000000008006480                USART1_IRQHandler
                0x0000000008006480                OTG_FS_IRQHandler
                0x0000000008006480                SPI3_IRQHandler
                0x0000000008006480                DMA1_Stream4_IRQHandler
                0x0000000008006480                I2C1_ER_IRQHandler
                0x0000000008006480                DMA2_Stream6_IRQHandler
                0x0000000008006480                RTC_Alarm_IRQHandler
 .text.NMI_Handler
                0x0000000008006482        0x2 src/stm32f4xx_it.o
                0x0000000008006482                NMI_Handler
 .text.HardFault_Handler
                0x0000000008006484        0x2 src/stm32f4xx_it.o
                0x0000000008006484                HardFault_Handler
 .text.MemManage_Handler
                0x0000000008006486        0x2 src/stm32f4xx_it.o
                0x0000000008006486                MemManage_Handler
 .text.BusFault_Handler
                0x0000000008006488        0x2 src/stm32f4xx_it.o
                0x0000000008006488                BusFault_Handler
 .text.UsageFault_Handler
                0x000000000800648a        0x2 src/stm32f4xx_it.o
                0x000000000800648a                UsageFault_Handler
 .text.SVC_Handler
                0x000000000800648c        0x2 src/stm32f4xx_it.o
                0x000000000800648c                SVC_Handler
 .text.DebugMon_Handler
                0x000000000800648e        0x2 src/stm32f4xx_it.o
                0x000000000800648e                DebugMon_Handler
 .text.PendSV_Handler
                0x0000000008006490        0x2 src/stm32f4xx_it.o
                0x0000000008006490                PendSV_Handler
 .text._write   0x0000000008006492       0x50 src/syscalls.o
                0x0000000008006492                _write
 *fill*         0x00000000080064e2        0x2 
 .text.SetSysClock
                0x00000000080064e4       0xc4 src/system_stm32f4xx.o
 .text.SystemInit
                0x00000000080065a8       0x50 src/system_stm32f4xx.o
                0x00000000080065a8                SystemInit
 .text.puts     0x00000000080065f8       0x38 src/tiny_printf.o
                0x00000000080065f8                puts
 .text.versionInit
                0x0000000008006630       0x38 src/version.o
                0x0000000008006630                versionInit
 .text.versionRevised
                0x0000000008006668       0x18 src/version.o
                0x0000000008006668                versionRevised
 .text.__libc_init_array
                0x0000000008006680       0x48 /Applications/STM32CubeIDE.app/Contents/Eclipse/plugins/com.st.stm32cube.ide.mcu.externaltools.gnu-tools-for-stm32.7-2018-q2-update.macos64_1.0.0.201904181610/tools/bin/../lib/gcc/arm-none-eabi/7.3.1/../../../../arm-none-eabi/lib/thumb/v7e-m/fpv4-sp/hard/libc_nano.a(lib_a-init.o)
                0x0000000008006680                __libc_init_array
 *(.glue_7)
 .glue_7        0x00000000080066c8        0x0 linker stubs
 *(.glue_7t)
 .glue_7t       0x00000000080066c8        0x0 linker stubs
 *(.eh_frame)
 .eh_frame      0x00000000080066c8        0x0 /Applications/STM32CubeIDE.app/Contents/Eclipse/plugins/com.st.stm32cube.ide.mcu.externaltools.gnu-tools-for-stm32.7-2018-q2-update.macos64_1.0.0.201904181610/tools/bin/../lib/gcc/arm-none-eabi/7.3.1/thumb/v7e-m/fpv4-sp/hard/crtbegin.o
 *(.init)
 .init          0x00000000080066c8        0x4 /Applications/STM32CubeIDE.app/Contents/Eclipse/plugins/com.st.stm32cube.ide.mcu.externaltools.gnu-tools-for-stm32.7-2018-q2-update.macos64_1.0.0.201904181610/tools/bin/../lib/gcc/arm-none-eabi/7.3.1/thumb/v7e-m/fpv4-sp/hard/crti.o
                0x00000000080066c8                _init
 .init          0x00000000080066cc        0x8 /Applications/STM32CubeIDE.app/Contents/Eclipse/plugins/com.st.stm32cube.ide.mcu.externaltools.gnu-tools-for-stm32.7-2018-q2-update.macos64_1.0.0.201904181610/tools/bin/../lib/gcc/arm-none-eabi/7.3.1/thumb/v7e-m/fpv4-sp/hard/crtn.o
 *(.fini)
 .fini          0x00000000080066d4        0x4 /Applications/STM32CubeIDE.app/Contents/Eclipse/plugins/com.st.stm32cube.ide.mcu.externaltools.gnu-tools-for-stm32.7-2018-q2-update.macos64_1.0.0.201904181610/tools/bin/../lib/gcc/arm-none-eabi/7.3.1/thumb/v7e-m/fpv4-sp/hard/crti.o
                0x00000000080066d4                _fini
 .fini          0x00000000080066d8        0x8 /Applications/STM32CubeIDE.app/Contents/Eclipse/plugins/com.st.stm32cube.ide.mcu.externaltools.gnu-tools-for-stm32.7-2018-q2-update.macos64_1.0.0.201904181610/tools/bin/../lib/gcc/arm-none-eabi/7.3.1/thumb/v7e-m/fpv4-sp/hard/crtn.o
                0x00000000080066e0                . = ALIGN (0x4)
                0x00000000080066e0                _etext = .

.vfp11_veneer   0x00000000080066e0        0x0
 .vfp11_veneer  0x00000000080066e0        0x0 linker stubs

.v4_bx          0x00000000080066e0        0x0
 .v4_bx         0x00000000080066e0        0x0 linker stubs

.iplt           0x00000000080066e0        0x0
 .iplt          0x00000000080066e0        0x0 /Applications/STM32CubeIDE.app/Contents/Eclipse/plugins/com.st.stm32cube.ide.mcu.externaltools.gnu-tools-for-stm32.7-2018-q2-update.macos64_1.0.0.201904181610/tools/bin/../lib/gcc/arm-none-eabi/7.3.1/thumb/v7e-m/fpv4-sp/hard/crtbegin.o

.rodata         0x00000000080066e0       0x10
                0x00000000080066e0                . = ALIGN (0x4)
 *(.rodata)
 *(.rodata*)
 .rodata.EXTI0_IRQHandler.str1.4
                0x00000000080066e0        0xb src/main.o
 *fill*         0x00000000080066eb        0x1 
 .rodata.fputs.str1.4
                0x00000000080066ec        0x4 src/tiny_printf.o
                                          0x2 (size before relaxing)
                0x00000000080066f0                . = ALIGN (0x4)

.ARM.extab
 *(.ARM.extab* .gnu.linkonce.armextab.*)

.ARM            0x00000000080066f0        0x8
                0x00000000080066f0                __exidx_start = .
 *(.ARM.exidx*)
 .ARM.exidx     0x00000000080066f0        0x8 /Applications/STM32CubeIDE.app/Contents/Eclipse/plugins/com.st.stm32cube.ide.mcu.externaltools.gnu-tools-for-stm32.7-2018-q2-update.macos64_1.0.0.201904181610/tools/bin/../lib/gcc/arm-none-eabi/7.3.1/thumb/v7e-m/fpv4-sp/hard/libgcc.a(_udivmoddi4.o)
                0x00000000080066f8                __exidx_end = .

.rel.dyn        0x00000000080066f8        0x0
 .rel.iplt      0x00000000080066f8        0x0 /Applications/STM32CubeIDE.app/Contents/Eclipse/plugins/com.st.stm32cube.ide.mcu.externaltools.gnu-tools-for-stm32.7-2018-q2-update.macos64_1.0.0.201904181610/tools/bin/../lib/gcc/arm-none-eabi/7.3.1/thumb/v7e-m/fpv4-sp/hard/crtbegin.o

.preinit_array  0x00000000080066f8        0x0
                0x00000000080066f8                PROVIDE (__preinit_array_start = .)
 *(.preinit_array*)
                0x00000000080066f8                PROVIDE (__preinit_array_end = .)

.init_array     0x00000000080066f8        0x4
                0x00000000080066f8                PROVIDE (__init_array_start = .)
 *(SORT_BY_NAME(.init_array.*))
 *(.init_array*)
 .init_array    0x00000000080066f8        0x4 /Applications/STM32CubeIDE.app/Contents/Eclipse/plugins/com.st.stm32cube.ide.mcu.externaltools.gnu-tools-for-stm32.7-2018-q2-update.macos64_1.0.0.201904181610/tools/bin/../lib/gcc/arm-none-eabi/7.3.1/thumb/v7e-m/fpv4-sp/hard/crtbegin.o
                0x00000000080066fc                PROVIDE (__init_array_end = .)

.fini_array     0x00000000080066fc        0x4
                [!provide]                        PROVIDE (__fini_array_start = .)
 *(SORT_BY_NAME(.fini_array.*))
 *(.fini_array*)
 .fini_array    0x00000000080066fc        0x4 /Applications/STM32CubeIDE.app/Contents/Eclipse/plugins/com.st.stm32cube.ide.mcu.externaltools.gnu-tools-for-stm32.7-2018-q2-update.macos64_1.0.0.201904181610/tools/bin/../lib/gcc/arm-none-eabi/7.3.1/thumb/v7e-m/fpv4-sp/hard/crtbegin.o
                [!provide]                        PROVIDE (__fini_array_end = .)
                0x0000000008006700                _sidata = LOADADDR (.data)

.data           0x0000000020000000      0x27c load address 0x0000000008006700
                0x0000000020000000                . = ALIGN (0x4)
                0x0000000020000000                _sdata = .
 *(.data)
 *(.data*)
 .data.APBAHBPrescTable
                0x0000000020000000       0x10 Libraries/STM32F4xx_StdPeriph_Driver/src/stm32f4xx_rcc.o
 .data.ChSelData
                0x0000000020000010      0x240 src/adc_pots_selector.o
                0x0000000020000010                ChSelData
 .data.CalConstants
                0x0000000020000250       0x20 src/main.o
                0x0000000020000250                CalConstants
 .data.bank     0x0000000020000270        0x1 src/main.o
                0x0000000020000270                bank
 *fill*         0x0000000020000271        0x3 
 .data.pots_step
                0x0000000020000274        0x2 src/main.o
                0x0000000020000274                pots_step
 *fill*         0x0000000020000276        0x2 
 .data.previous_step
                0x0000000020000278        0x2 src/main.o
                0x0000000020000278                previous_step
                0x000000002000027c                . = ALIGN (0x4)
 *fill*         0x000000002000027a        0x2 
                0x000000002000027c                _edata = .
                0x000000000800697c                _siccmram = LOADADDR (.ccmram)

.igot.plt       0x000000002000027c        0x0 load address 0x000000000800697c
 .igot.plt      0x000000002000027c        0x0 /Applications/STM32CubeIDE.app/Contents/Eclipse/plugins/com.st.stm32cube.ide.mcu.externaltools.gnu-tools-for-stm32.7-2018-q2-update.macos64_1.0.0.201904181610/tools/bin/../lib/gcc/arm-none-eabi/7.3.1/thumb/v7e-m/fpv4-sp/hard/crtbegin.o

.ccmram         0x0000000010000000        0x0 load address 0x000000000800697c
                0x0000000010000000                . = ALIGN (0x4)
                0x0000000010000000                _sccmram = .
 *(.ccmram)
 *(.ccmram*)
                0x0000000010000000                . = ALIGN (0x4)
                0x0000000010000000                _eccmram = .
                0x0000000010000000                . = ALIGN (0x4)

.bss            0x0000000020000280      0x9b0
                0x0000000020000280                _sbss = .
                0x0000000020000280                __bss_start__ = _sbss
 *(.bss)
 .bss           0x0000000020000280       0x1c /Applications/STM32CubeIDE.app/Contents/Eclipse/plugins/com.st.stm32cube.ide.mcu.externaltools.gnu-tools-for-stm32.7-2018-q2-update.macos64_1.0.0.201904181610/tools/bin/../lib/gcc/arm-none-eabi/7.3.1/thumb/v7e-m/fpv4-sp/hard/crtbegin.o
 *(.bss*)
 .bss.ADC_POT_sel_cnt
                0x000000002000029c        0x1 src/main.o
                0x000000002000029c                ADC_POT_sel_cnt
 *fill*         0x000000002000029d        0x3 
 .bss.PreviousStep
                0x00000000200002a0        0x4 src/main.o
                0x00000000200002a0                PreviousStep
 .bss.PreviousStep_2
                0x00000000200002a4        0x4 src/main.o
                0x00000000200002a4                PreviousStep_2
 .bss.advanced_counter_1
                0x00000000200002a8        0x1 src/main.o
                0x00000000200002a8                advanced_counter_1
 .bss.advanced_counter_2
                0x00000000200002a9        0x1 src/main.o
                0x00000000200002a9                advanced_counter_2
 .bss.clear_counter1.10877
                0x00000000200002aa        0x1 src/main.o
 .bss.clear_counter2.10878
                0x00000000200002ab        0x1 src/main.o
 .bss.counterL  0x00000000200002ac        0x2 src/main.o
                0x00000000200002ac                counterL
 .bss.counterR  0x00000000200002ae        0x2 src/main.o
                0x00000000200002ae                counterR
 .bss.gDisplayMode
                0x00000000200002b0        0x1 src/main.o
                0x00000000200002b0                gDisplayMode
 .bss.gEditModeStepNum
                0x00000000200002b1        0x1 src/main.o
                0x00000000200002b1                gEditModeStepNum
 *fill*         0x00000000200002b2        0x2 
 .bss.gFullStepWidth_1
                0x00000000200002b4        0x4 src/main.o
 .bss.gFullStepWidth_2
                0x00000000200002b8        0x4 src/main.o
 .bss.gKeysNotValid
                0x00000000200002bc        0x1 src/main.o
                0x00000000200002bc                gKeysNotValid
 .bss.gPrevSequencerMode_1
                0x00000000200002bd        0x1 src/main.o
                0x00000000200002bd                gPrevSequencerMode_1
 .bss.gPrevSequencerMode_2
                0x00000000200002be        0x1 src/main.o
                0x00000000200002be                gPrevSequencerMode_2
 .bss.gSequenceStepNumber_1
                0x00000000200002bf        0x1 src/main.o
                0x00000000200002bf                gSequenceStepNumber_1
 .bss.gSequenceStepNumber_2
                0x00000000200002c0        0x1 src/main.o
                0x00000000200002c0                gSequenceStepNumber_2
 .bss.gSequencerMode_1
                0x00000000200002c1        0x1 src/main.o
                0x00000000200002c1                gSequencerMode_1
 .bss.gSequencerMode_2
                0x00000000200002c2        0x1 src/main.o
                0x00000000200002c2                gSequencerMode_2
 *fill*         0x00000000200002c3        0x1 
 .bss.gStepWidth_1
                0x00000000200002c4        0x4 src/main.o
 .bss.gStepWidth_2
                0x00000000200002c8        0x4 src/main.o
 .bss.key_locked
                0x00000000200002cc        0x1 src/main.o
                0x00000000200002cc                key_locked
 *fill*         0x00000000200002cd        0x3 
 .bss.load_counter
                0x00000000200002d0        0x4 src/main.o
                0x00000000200002d0                load_counter
 .bss.save_counter
                0x00000000200002d4        0x4 src/main.o
                0x00000000200002d4                save_counter
 .bss.strobe_banana_flag1
                0x00000000200002d8        0x1 src/main.o
                0x00000000200002d8                strobe_banana_flag1
 .bss.strobe_banana_flag2
                0x00000000200002d9        0x1 src/main.o
                0x00000000200002d9                strobe_banana_flag2
 .bss.swapped_pulses
                0x00000000200002da        0x1 src/main.o
                0x00000000200002da                swapped_pulses
 *(COMMON)
 *fill*         0x00000000200002db        0x5 
 COMMON         0x00000000200002e0      0x950 src/main.o
                0x00000000200002e0                acc
                0x00000000200002e8                gDipConfig
                0x00000000200002ec                ADC_result
                0x00000000200002f0                DisplayUpdateFlags
                0x00000000200002f4                average_array
                0x00000000200007f4                voltages_lp
                0x0000000020000834                i
                0x0000000020000838                AddData
                0x0000000020000848                step1
                0x000000002000084a                tick
                0x000000002000084c                average_index
                0x00000000200008cc                divider
                0x00000000200008d0                readings
                0x00000000200008d2                rev
                0x00000000200008d4                tsteps_lp
                0x0000000020000954                offset
                0x0000000020000958                Steps
                0x0000000020000b58                steps_lp
                0x0000000020000bd8                RCC_Clocks
                0x0000000020000be8                adcreading
                0x0000000020000bec                times_lp
                0x0000000020000c2c                millis
                0x0000000020000c30                . = ALIGN (0x4)
                0x0000000020000c30                _ebss = .
                0x0000000020000c30                __bss_end__ = _ebss

._user_heap_stack
                0x0000000020000c30      0x400
                0x0000000020000c30                . = ALIGN (0x4)
                0x0000000020000c30                PROVIDE (end = .)
                [!provide]                        PROVIDE (_end = .)
                0x0000000020000c30                . = (. + _Min_Heap_Size)
                0x0000000020001030                . = (. + _Min_Stack_Size)
 *fill*         0x0000000020000c30      0x400 
                0x0000000020001030                . = ALIGN (0x4)

.memory_b1_text
 *(.mb1text)
 *(.mb1text*)
 *(.mb1rodata)
 *(.mb1rodata*)

/DISCARD/
 libc.a(*)
 libm.a(*)
 libgcc.a(*)

.ARM.attributes
                0x0000000000000000       0x30
 *(.ARM.attributes)
 .ARM.attributes
                0x0000000000000000       0x22 /Applications/STM32CubeIDE.app/Contents/Eclipse/plugins/com.st.stm32cube.ide.mcu.externaltools.gnu-tools-for-stm32.7-2018-q2-update.macos64_1.0.0.201904181610/tools/bin/../lib/gcc/arm-none-eabi/7.3.1/thumb/v7e-m/fpv4-sp/hard/crti.o
 .ARM.attributes
                0x0000000000000022       0x34 /Applications/STM32CubeIDE.app/Contents/Eclipse/plugins/com.st.stm32cube.ide.mcu.externaltools.gnu-tools-for-stm32.7-2018-q2-update.macos64_1.0.0.201904181610/tools/bin/../lib/gcc/arm-none-eabi/7.3.1/thumb/v7e-m/fpv4-sp/hard/crtbegin.o
 .ARM.attributes
                0x0000000000000056       0x39 Libraries/STM32F4xx_StdPeriph_Driver/src/misc.o
 .ARM.attributes
                0x000000000000008f       0x39 Libraries/STM32F4xx_StdPeriph_Driver/src/stm32f4xx_adc.o
 .ARM.attributes
                0x00000000000000c8       0x39 Libraries/STM32F4xx_StdPeriph_Driver/src/stm32f4xx_dac.o
 .ARM.attributes
                0x0000000000000101       0x39 Libraries/STM32F4xx_StdPeriph_Driver/src/stm32f4xx_exti.o
 .ARM.attributes
                0x000000000000013a       0x39 Libraries/STM32F4xx_StdPeriph_Driver/src/stm32f4xx_gpio.o
 .ARM.attributes
                0x0000000000000173       0x39 Libraries/STM32F4xx_StdPeriph_Driver/src/stm32f4xx_rcc.o
 .ARM.attributes
                0x00000000000001ac       0x39 Libraries/STM32F4xx_StdPeriph_Driver/src/stm32f4xx_spi.o
 .ARM.attributes
                0x00000000000001e5       0x39 Libraries/STM32F4xx_StdPeriph_Driver/src/stm32f4xx_syscfg.o
 .ARM.attributes
                0x000000000000021e       0x39 Libraries/STM32F4xx_StdPeriph_Driver/src/stm32f4xx_tim.o
 .ARM.attributes
                0x0000000000000257       0x39 src/CAT25512.o
 .ARM.attributes
                0x0000000000000290       0x39 src/HC165.o
 .ARM.attributes
                0x00000000000002c9       0x39 src/MAX5135.o
 .ARM.attributes
                0x0000000000000302       0x39 src/adc_pots_selector.o
 .ARM.attributes
                0x000000000000033b       0x39 src/dip_config.o
 .ARM.attributes
                0x0000000000000374       0x39 src/expander.o
 .ARM.attributes
                0x00000000000003ad       0x39 src/leds_modes.o
 .ARM.attributes
                0x00000000000003e6       0x39 src/leds_step.o
 .ARM.attributes
                0x000000000000041f       0x39 src/main.o
 .ARM.attributes
                0x0000000000000458       0x21 src/startup_stm32f40xx.o
 .ARM.attributes
                0x0000000000000479       0x39 src/stm32f4xx_it.o
 .ARM.attributes
                0x00000000000004b2       0x39 src/syscalls.o
 .ARM.attributes
                0x00000000000004eb       0x39 src/system_stm32f4xx.o
 .ARM.attributes
                0x0000000000000524       0x39 src/tiny_printf.o
 .ARM.attributes
                0x000000000000055d       0x39 src/version.o
 .ARM.attributes
                0x0000000000000596       0x34 /Applications/STM32CubeIDE.app/Contents/Eclipse/plugins/com.st.stm32cube.ide.mcu.externaltools.gnu-tools-for-stm32.7-2018-q2-update.macos64_1.0.0.201904181610/tools/bin/../lib/gcc/arm-none-eabi/7.3.1/../../../../arm-none-eabi/lib/thumb/v7e-m/fpv4-sp/hard/libc_nano.a(lib_a-init.o)
 .ARM.attributes
                0x00000000000005ca       0x1b /Applications/STM32CubeIDE.app/Contents/Eclipse/plugins/com.st.stm32cube.ide.mcu.externaltools.gnu-tools-for-stm32.7-2018-q2-update.macos64_1.0.0.201904181610/tools/bin/../lib/gcc/arm-none-eabi/7.3.1/../../../../arm-none-eabi/lib/thumb/v7e-m/fpv4-sp/hard/libc_nano.a(lib_a-strlen.o)
 .ARM.attributes
                0x00000000000005e5       0x22 /Applications/STM32CubeIDE.app/Contents/Eclipse/plugins/com.st.stm32cube.ide.mcu.externaltools.gnu-tools-for-stm32.7-2018-q2-update.macos64_1.0.0.201904181610/tools/bin/../lib/gcc/arm-none-eabi/7.3.1/thumb/v7e-m/fpv4-sp/hard/libgcc.a(_arm_addsubdf3.o)
 .ARM.attributes
                0x0000000000000607       0x22 /Applications/STM32CubeIDE.app/Contents/Eclipse/plugins/com.st.stm32cube.ide.mcu.externaltools.gnu-tools-for-stm32.7-2018-q2-update.macos64_1.0.0.201904181610/tools/bin/../lib/gcc/arm-none-eabi/7.3.1/thumb/v7e-m/fpv4-sp/hard/libgcc.a(_arm_muldivdf3.o)
 .ARM.attributes
                0x0000000000000629       0x22 /Applications/STM32CubeIDE.app/Contents/Eclipse/plugins/com.st.stm32cube.ide.mcu.externaltools.gnu-tools-for-stm32.7-2018-q2-update.macos64_1.0.0.201904181610/tools/bin/../lib/gcc/arm-none-eabi/7.3.1/thumb/v7e-m/fpv4-sp/hard/libgcc.a(_arm_fixunsdfsi.o)
 .ARM.attributes
                0x000000000000064b       0x22 /Applications/STM32CubeIDE.app/Contents/Eclipse/plugins/com.st.stm32cube.ide.mcu.externaltools.gnu-tools-for-stm32.7-2018-q2-update.macos64_1.0.0.201904181610/tools/bin/../lib/gcc/arm-none-eabi/7.3.1/thumb/v7e-m/fpv4-sp/hard/libgcc.a(_aeabi_ldivmod.o)
 .ARM.attributes
                0x000000000000066d       0x34 /Applications/STM32CubeIDE.app/Contents/Eclipse/plugins/com.st.stm32cube.ide.mcu.externaltools.gnu-tools-for-stm32.7-2018-q2-update.macos64_1.0.0.201904181610/tools/bin/../lib/gcc/arm-none-eabi/7.3.1/thumb/v7e-m/fpv4-sp/hard/libgcc.a(_udivmoddi4.o)
 .ARM.attributes
                0x00000000000006a1       0x22 /Applications/STM32CubeIDE.app/Contents/Eclipse/plugins/com.st.stm32cube.ide.mcu.externaltools.gnu-tools-for-stm32.7-2018-q2-update.macos64_1.0.0.201904181610/tools/bin/../lib/gcc/arm-none-eabi/7.3.1/thumb/v7e-m/fpv4-sp/hard/libgcc.a(_dvmd_tls.o)
 .ARM.attributes
                0x00000000000006c3       0x22 /Applications/STM32CubeIDE.app/Contents/Eclipse/plugins/com.st.stm32cube.ide.mcu.externaltools.gnu-tools-for-stm32.7-2018-q2-update.macos64_1.0.0.201904181610/tools/bin/../lib/gcc/arm-none-eabi/7.3.1/thumb/v7e-m/fpv4-sp/hard/crtn.o
OUTPUT(MARF_v2.5.elf elf32-littlearm)

.debug_info     0x0000000000000000    0x13668
 .debug_info    0x0000000000000000      0x54f Libraries/STM32F4xx_StdPeriph_Driver/src/misc.o
 .debug_info    0x000000000000054f      0xc91 Libraries/STM32F4xx_StdPeriph_Driver/src/stm32f4xx_adc.o
 .debug_info    0x00000000000011e0      0x6a7 Libraries/STM32F4xx_StdPeriph_Driver/src/stm32f4xx_dac.o
 .debug_info    0x0000000000001887      0x36a Libraries/STM32F4xx_StdPeriph_Driver/src/stm32f4xx_exti.o
 .debug_info    0x0000000000001bf1      0x7ee Libraries/STM32F4xx_StdPeriph_Driver/src/stm32f4xx_gpio.o
 .debug_info    0x00000000000023df      0xcce Libraries/STM32F4xx_StdPeriph_Driver/src/stm32f4xx_rcc.o
 .debug_info    0x00000000000030ad      0xc6c Libraries/STM32F4xx_StdPeriph_Driver/src/stm32f4xx_spi.o
 .debug_info    0x0000000000003d19      0x2c4 Libraries/STM32F4xx_StdPeriph_Driver/src/stm32f4xx_syscfg.o
 .debug_info    0x0000000000003fdd     0x2109 Libraries/STM32F4xx_StdPeriph_Driver/src/stm32f4xx_tim.o
 .debug_info    0x00000000000060e6      0xe61 src/CAT25512.o
 .debug_info    0x0000000000006f47      0xe38 src/HC165.o
 .debug_info    0x0000000000007d7f      0x79c src/MAX5135.o
 .debug_info    0x000000000000851b      0xda3 src/adc_pots_selector.o
 .debug_info    0x00000000000092be      0x43a src/dip_config.o
 .debug_info    0x00000000000096f8      0x1c1 src/expander.o
 .debug_info    0x00000000000098b9      0xf56 src/leds_modes.o
 .debug_info    0x000000000000a80f      0xdb2 src/leds_step.o
 .debug_info    0x000000000000b5c1     0x54ae src/main.o
 .debug_info    0x0000000000010a6f       0x22 src/startup_stm32f40xx.o
 .debug_info    0x0000000000010a91      0x140 src/stm32f4xx_it.o
 .debug_info    0x0000000000010bd1     0x1307 src/syscalls.o
 .debug_info    0x0000000000011ed8      0x5ea src/system_stm32f4xx.o
 .debug_info    0x00000000000124c2      0xe57 src/tiny_printf.o
 .debug_info    0x0000000000013319      0x34f src/version.o

.debug_abbrev   0x0000000000000000     0x2de8
 .debug_abbrev  0x0000000000000000      0x186 Libraries/STM32F4xx_StdPeriph_Driver/src/misc.o
 .debug_abbrev  0x0000000000000186      0x1eb Libraries/STM32F4xx_StdPeriph_Driver/src/stm32f4xx_adc.o
 .debug_abbrev  0x0000000000000371      0x1e0 Libraries/STM32F4xx_StdPeriph_Driver/src/stm32f4xx_dac.o
 .debug_abbrev  0x0000000000000551      0x1e1 Libraries/STM32F4xx_StdPeriph_Driver/src/stm32f4xx_exti.o
 .debug_abbrev  0x0000000000000732      0x1fa Libraries/STM32F4xx_StdPeriph_Driver/src/stm32f4xx_gpio.o
 .debug_abbrev  0x000000000000092c      0x223 Libraries/STM32F4xx_StdPeriph_Driver/src/stm32f4xx_rcc.o
 .debug_abbrev  0x0000000000000b4f      0x1c5 Libraries/STM32F4xx_StdPeriph_Driver/src/stm32f4xx_spi.o
 .debug_abbrev  0x0000000000000d14      0x177 Libraries/STM32F4xx_StdPeriph_Driver/src/stm32f4xx_syscfg.o
 .debug_abbrev  0x0000000000000e8b      0x1d6 Libraries/STM32F4xx_StdPeriph_Driver/src/stm32f4xx_tim.o
 .debug_abbrev  0x0000000000001061      0x1c0 src/CAT25512.o
 .debug_abbrev  0x0000000000001221      0x25c src/HC165.o
 .debug_abbrev  0x000000000000147d      0x17b src/MAX5135.o
 .debug_abbrev  0x00000000000015f8      0x285 src/adc_pots_selector.o
 .debug_abbrev  0x000000000000187d      0x1ce src/dip_config.o
 .debug_abbrev  0x0000000000001a4b      0x11e src/expander.o
 .debug_abbrev  0x0000000000001b69      0x244 src/leds_modes.o
 .debug_abbrev  0x0000000000001dad      0x242 src/leds_step.o
 .debug_abbrev  0x0000000000001fef      0x496 src/main.o
 .debug_abbrev  0x0000000000002485       0x12 src/startup_stm32f40xx.o
 .debug_abbrev  0x0000000000002497       0x7b src/stm32f4xx_it.o
 .debug_abbrev  0x0000000000002512      0x2ef src/syscalls.o
 .debug_abbrev  0x0000000000002801      0x177 src/system_stm32f4xx.o
 .debug_abbrev  0x0000000000002978      0x302 src/tiny_printf.o
 .debug_abbrev  0x0000000000002c7a      0x16e src/version.o

.debug_loc      0x0000000000000000     0x63a0
 .debug_loc     0x0000000000000000      0x128 Libraries/STM32F4xx_StdPeriph_Driver/src/misc.o
 .debug_loc     0x0000000000000128      0x919 Libraries/STM32F4xx_StdPeriph_Driver/src/stm32f4xx_adc.o
 .debug_loc     0x0000000000000a41      0x55c Libraries/STM32F4xx_StdPeriph_Driver/src/stm32f4xx_dac.o
 .debug_loc     0x0000000000000f9d      0x170 Libraries/STM32F4xx_StdPeriph_Driver/src/stm32f4xx_exti.o
 .debug_loc     0x000000000000110d      0x3a9 Libraries/STM32F4xx_StdPeriph_Driver/src/stm32f4xx_gpio.o
 .debug_loc     0x00000000000014b6      0xa3b Libraries/STM32F4xx_StdPeriph_Driver/src/stm32f4xx_rcc.o
 .debug_loc     0x0000000000001ef1      0x736 Libraries/STM32F4xx_StdPeriph_Driver/src/stm32f4xx_spi.o
 .debug_loc     0x0000000000002627       0x9b Libraries/STM32F4xx_StdPeriph_Driver/src/stm32f4xx_syscfg.o
 .debug_loc     0x00000000000026c2     0x18f5 Libraries/STM32F4xx_StdPeriph_Driver/src/stm32f4xx_tim.o
 .debug_loc     0x0000000000003fb7      0x21d src/CAT25512.o
 .debug_loc     0x00000000000041d4       0xb2 src/HC165.o
 .debug_loc     0x0000000000004286      0x212 src/MAX5135.o
 .debug_loc     0x0000000000004498      0x2d2 src/adc_pots_selector.o
 .debug_loc     0x000000000000476a       0x1e src/dip_config.o
 .debug_loc     0x0000000000004788       0xc1 src/leds_modes.o
 .debug_loc     0x0000000000004849      0x126 src/leds_step.o
 .debug_loc     0x000000000000496f     0x1032 src/main.o
 .debug_loc     0x00000000000059a1      0x3af src/syscalls.o
 .debug_loc     0x0000000000005d50      0x13e src/system_stm32f4xx.o
 .debug_loc     0x0000000000005e8e      0x512 src/tiny_printf.o

.debug_aranges  0x0000000000000000      0xdf0
 .debug_aranges
                0x0000000000000000       0x40 Libraries/STM32F4xx_StdPeriph_Driver/src/misc.o
 .debug_aranges
                0x0000000000000040      0x148 Libraries/STM32F4xx_StdPeriph_Driver/src/stm32f4xx_adc.o
 .debug_aranges
                0x0000000000000188       0xa0 Libraries/STM32F4xx_StdPeriph_Driver/src/stm32f4xx_dac.o
 .debug_aranges
                0x0000000000000228       0x58 Libraries/STM32F4xx_StdPeriph_Driver/src/stm32f4xx_exti.o
 .debug_aranges
                0x0000000000000280       0x88 Libraries/STM32F4xx_StdPeriph_Driver/src/stm32f4xx_gpio.o
 .debug_aranges
                0x0000000000000308      0x180 Libraries/STM32F4xx_StdPeriph_Driver/src/stm32f4xx_rcc.o
 .debug_aranges
                0x0000000000000488       0xe0 Libraries/STM32F4xx_StdPeriph_Driver/src/stm32f4xx_spi.o
 .debug_aranges
                0x0000000000000568       0x48 Libraries/STM32F4xx_StdPeriph_Driver/src/stm32f4xx_syscfg.o
 .debug_aranges
                0x00000000000005b0      0x2f8 Libraries/STM32F4xx_StdPeriph_Driver/src/stm32f4xx_tim.o
 .debug_aranges
                0x00000000000008a8       0x70 src/CAT25512.o
 .debug_aranges
                0x0000000000000918       0x48 src/HC165.o
 .debug_aranges
                0x0000000000000960       0x38 src/MAX5135.o
 .debug_aranges
                0x0000000000000998       0x50 src/adc_pots_selector.o
 .debug_aranges
                0x00000000000009e8       0x28 src/dip_config.o
 .debug_aranges
                0x0000000000000a10       0x28 src/expander.o
 .debug_aranges
                0x0000000000000a38       0x38 src/leds_modes.o
 .debug_aranges
                0x0000000000000a70       0x38 src/leds_step.o
 .debug_aranges
                0x0000000000000aa8      0x148 src/main.o
 .debug_aranges
                0x0000000000000bf0       0x28 src/startup_stm32f40xx.o
 .debug_aranges
                0x0000000000000c18       0x58 src/stm32f4xx_it.o
 .debug_aranges
                0x0000000000000c70       0xc8 src/syscalls.o
 .debug_aranges
                0x0000000000000d38       0x30 src/system_stm32f4xx.o
 .debug_aranges
                0x0000000000000d68       0x60 src/tiny_printf.o
 .debug_aranges
                0x0000000000000dc8       0x28 src/version.o

.debug_ranges   0x0000000000000000      0xcc0
 .debug_ranges  0x0000000000000000       0x30 Libraries/STM32F4xx_StdPeriph_Driver/src/misc.o
 .debug_ranges  0x0000000000000030      0x138 Libraries/STM32F4xx_StdPeriph_Driver/src/stm32f4xx_adc.o
 .debug_ranges  0x0000000000000168       0x90 Libraries/STM32F4xx_StdPeriph_Driver/src/stm32f4xx_dac.o
 .debug_ranges  0x00000000000001f8       0x48 Libraries/STM32F4xx_StdPeriph_Driver/src/stm32f4xx_exti.o
 .debug_ranges  0x0000000000000240       0x78 Libraries/STM32F4xx_StdPeriph_Driver/src/stm32f4xx_gpio.o
 .debug_ranges  0x00000000000002b8      0x170 Libraries/STM32F4xx_StdPeriph_Driver/src/stm32f4xx_rcc.o
 .debug_ranges  0x0000000000000428       0xd0 Libraries/STM32F4xx_StdPeriph_Driver/src/stm32f4xx_spi.o
 .debug_ranges  0x00000000000004f8       0x38 Libraries/STM32F4xx_StdPeriph_Driver/src/stm32f4xx_syscfg.o
 .debug_ranges  0x0000000000000530      0x2e8 Libraries/STM32F4xx_StdPeriph_Driver/src/stm32f4xx_tim.o
 .debug_ranges  0x0000000000000818       0x60 src/CAT25512.o
 .debug_ranges  0x0000000000000878       0x38 src/HC165.o
 .debug_ranges  0x00000000000008b0       0x28 src/MAX5135.o
 .debug_ranges  0x00000000000008d8       0x58 src/adc_pots_selector.o
 .debug_ranges  0x0000000000000930       0x18 src/dip_config.o
 .debug_ranges  0x0000000000000948       0x18 src/expander.o
 .debug_ranges  0x0000000000000960       0x28 src/leds_modes.o
 .debug_ranges  0x0000000000000988       0x28 src/leds_step.o
 .debug_ranges  0x00000000000009b0      0x138 src/main.o
 .debug_ranges  0x0000000000000ae8       0x20 src/startup_stm32f40xx.o
 .debug_ranges  0x0000000000000b08       0x48 src/stm32f4xx_it.o
 .debug_ranges  0x0000000000000b50       0xb8 src/syscalls.o
 .debug_ranges  0x0000000000000c08       0x20 src/system_stm32f4xx.o
 .debug_ranges  0x0000000000000c28       0x80 src/tiny_printf.o
 .debug_ranges  0x0000000000000ca8       0x18 src/version.o

.debug_macro    0x0000000000000000    0x14271
 .debug_macro   0x0000000000000000      0x1c6 Libraries/STM32F4xx_StdPeriph_Driver/src/misc.o
 .debug_macro   0x00000000000001c6      0xa5a Libraries/STM32F4xx_StdPeriph_Driver/src/misc.o
 .debug_macro   0x0000000000000c20       0x5d Libraries/STM32F4xx_StdPeriph_Driver/src/misc.o
 .debug_macro   0x0000000000000c7d       0x3b Libraries/STM32F4xx_StdPeriph_Driver/src/misc.o
 .debug_macro   0x0000000000000cb8       0x22 Libraries/STM32F4xx_StdPeriph_Driver/src/misc.o
 .debug_macro   0x0000000000000cda       0x8e Libraries/STM32F4xx_StdPeriph_Driver/src/misc.o
 .debug_macro   0x0000000000000d68       0x51 Libraries/STM32F4xx_StdPeriph_Driver/src/misc.o
 .debug_macro   0x0000000000000db9       0xef Libraries/STM32F4xx_StdPeriph_Driver/src/misc.o
 .debug_macro   0x0000000000000ea8       0x6a Libraries/STM32F4xx_StdPeriph_Driver/src/misc.o
 .debug_macro   0x0000000000000f12      0x1df Libraries/STM32F4xx_StdPeriph_Driver/src/misc.o
 .debug_macro   0x00000000000010f1       0x18 Libraries/STM32F4xx_StdPeriph_Driver/src/misc.o
 .debug_macro   0x0000000000001109       0x42 Libraries/STM32F4xx_StdPeriph_Driver/src/misc.o
 .debug_macro   0x000000000000114b      0xd39 Libraries/STM32F4xx_StdPeriph_Driver/src/misc.o
 .debug_macro   0x0000000000001e84     0x822c Libraries/STM32F4xx_StdPeriph_Driver/src/misc.o
 .debug_macro   0x000000000000a0b0      0x44f Libraries/STM32F4xx_StdPeriph_Driver/src/misc.o
 .debug_macro   0x000000000000a4ff      0x3cf Libraries/STM32F4xx_StdPeriph_Driver/src/misc.o
 .debug_macro   0x000000000000a8ce      0x144 Libraries/STM32F4xx_StdPeriph_Driver/src/misc.o
 .debug_macro   0x000000000000aa12      0x188 Libraries/STM32F4xx_StdPeriph_Driver/src/misc.o
 .debug_macro   0x000000000000ab9a       0xb2 Libraries/STM32F4xx_StdPeriph_Driver/src/misc.o
 .debug_macro   0x000000000000ac4c      0x149 Libraries/STM32F4xx_StdPeriph_Driver/src/misc.o
 .debug_macro   0x000000000000ad95      0x477 Libraries/STM32F4xx_StdPeriph_Driver/src/misc.o
 .debug_macro   0x000000000000b20c       0xae Libraries/STM32F4xx_StdPeriph_Driver/src/misc.o
 .debug_macro   0x000000000000b2ba      0x2f7 Libraries/STM32F4xx_StdPeriph_Driver/src/misc.o
 .debug_macro   0x000000000000b5b1      0x279 Libraries/STM32F4xx_StdPeriph_Driver/src/misc.o
 .debug_macro   0x000000000000b82a       0xc3 Libraries/STM32F4xx_StdPeriph_Driver/src/misc.o
 .debug_macro   0x000000000000b8ed      0x288 Libraries/STM32F4xx_StdPeriph_Driver/src/misc.o
 .debug_macro   0x000000000000bb75      0x2bb Libraries/STM32F4xx_StdPeriph_Driver/src/misc.o
 .debug_macro   0x000000000000be30       0x64 Libraries/STM32F4xx_StdPeriph_Driver/src/misc.o
 .debug_macro   0x000000000000be94       0xae Libraries/STM32F4xx_StdPeriph_Driver/src/misc.o
 .debug_macro   0x000000000000bf42      0x57c Libraries/STM32F4xx_StdPeriph_Driver/src/misc.o
 .debug_macro   0x000000000000c4be       0x40 Libraries/STM32F4xx_StdPeriph_Driver/src/misc.o
 .debug_macro   0x000000000000c4fe      0x57b Libraries/STM32F4xx_StdPeriph_Driver/src/misc.o
 .debug_macro   0x000000000000ca79      0x342 Libraries/STM32F4xx_StdPeriph_Driver/src/misc.o
 .debug_macro   0x000000000000cdbb      0x36c Libraries/STM32F4xx_StdPeriph_Driver/src/misc.o
 .debug_macro   0x000000000000d127       0xe2 Libraries/STM32F4xx_StdPeriph_Driver/src/misc.o
 .debug_macro   0x000000000000d209      0x73b Libraries/STM32F4xx_StdPeriph_Driver/src/misc.o
 .debug_macro   0x000000000000d944      0x223 Libraries/STM32F4xx_StdPeriph_Driver/src/misc.o
 .debug_macro   0x000000000000db67       0x34 Libraries/STM32F4xx_StdPeriph_Driver/src/misc.o
 .debug_macro   0x000000000000db9b       0x35 Libraries/STM32F4xx_StdPeriph_Driver/src/misc.o
 .debug_macro   0x000000000000dbd0       0x7c Libraries/STM32F4xx_StdPeriph_Driver/src/misc.o
 .debug_macro   0x000000000000dc4c      0x24a Libraries/STM32F4xx_StdPeriph_Driver/src/stm32f4xx_adc.o
 .debug_macro   0x000000000000de96      0x3c9 Libraries/STM32F4xx_StdPeriph_Driver/src/stm32f4xx_adc.o
 .debug_macro   0x000000000000e25f       0x82 Libraries/STM32F4xx_StdPeriph_Driver/src/stm32f4xx_adc.o
 .debug_macro   0x000000000000e2e1      0x1f2 Libraries/STM32F4xx_StdPeriph_Driver/src/stm32f4xx_dac.o
 .debug_macro   0x000000000000e4d3      0x182 Libraries/STM32F4xx_StdPeriph_Driver/src/stm32f4xx_dac.o
 .debug_macro   0x000000000000e655      0x1c6 Libraries/STM32F4xx_StdPeriph_Driver/src/stm32f4xx_exti.o
 .debug_macro   0x000000000000e81b       0xa8 Libraries/STM32F4xx_StdPeriph_Driver/src/stm32f4xx_exti.o
 .debug_macro   0x000000000000e8c3      0x1c0 Libraries/STM32F4xx_StdPeriph_Driver/src/stm32f4xx_gpio.o
 .debug_macro   0x000000000000ea83      0x282 Libraries/STM32F4xx_StdPeriph_Driver/src/stm32f4xx_gpio.o
 .debug_macro   0x000000000000ed05      0x27c Libraries/STM32F4xx_StdPeriph_Driver/src/stm32f4xx_rcc.o
 .debug_macro   0x000000000000ef81      0x576 Libraries/STM32F4xx_StdPeriph_Driver/src/stm32f4xx_rcc.o
 .debug_macro   0x000000000000f4f7      0x1eb Libraries/STM32F4xx_StdPeriph_Driver/src/stm32f4xx_spi.o
 .debug_macro   0x000000000000f6e2      0x366 Libraries/STM32F4xx_StdPeriph_Driver/src/stm32f4xx_spi.o
 .debug_macro   0x000000000000fa48      0x1ea Libraries/STM32F4xx_StdPeriph_Driver/src/stm32f4xx_syscfg.o
 .debug_macro   0x000000000000fc32       0xdc Libraries/STM32F4xx_StdPeriph_Driver/src/stm32f4xx_syscfg.o
 .debug_macro   0x000000000000fd0e      0x1ea Libraries/STM32F4xx_StdPeriph_Driver/src/stm32f4xx_tim.o
 .debug_macro   0x000000000000fef8      0x735 Libraries/STM32F4xx_StdPeriph_Driver/src/stm32f4xx_tim.o
 .debug_macro   0x000000000001062d      0x1c9 src/CAT25512.o
 .debug_macro   0x00000000000107f6       0x64 src/CAT25512.o
 .debug_macro   0x000000000001085a      0x30c src/HC165.o
 .debug_macro   0x0000000000010b66       0x18 src/HC165.o
 .debug_macro   0x0000000000010b7e       0x40 src/HC165.o
 .debug_macro   0x0000000000010bbe       0x94 src/HC165.o
 .debug_macro   0x0000000000010c52       0x3c src/HC165.o
 .debug_macro   0x0000000000010c8e       0x34 src/HC165.o
 .debug_macro   0x0000000000010cc2       0x16 src/HC165.o
 .debug_macro   0x0000000000010cd8      0x10e src/HC165.o
 .debug_macro   0x0000000000010de6       0x8d src/HC165.o
 .debug_macro   0x0000000000010e73       0x57 src/HC165.o
 .debug_macro   0x0000000000010eca       0x52 src/HC165.o
 .debug_macro   0x0000000000010f1c       0x1f src/HC165.o
 .debug_macro   0x0000000000010f3b       0x43 src/HC165.o
 .debug_macro   0x0000000000010f7e       0x20 src/HC165.o
 .debug_macro   0x0000000000010f9e      0x1a3 src/HC165.o
 .debug_macro   0x0000000000011141      0x330 src/HC165.o
 .debug_macro   0x0000000000011471       0x16 src/HC165.o
 .debug_macro   0x0000000000011487       0x29 src/HC165.o
 .debug_macro   0x00000000000114b0       0x16 src/HC165.o
 .debug_macro   0x00000000000114c6       0x35 src/HC165.o
 .debug_macro   0x00000000000114fb       0x20 src/HC165.o
 .debug_macro   0x000000000001151b      0x1c9 src/MAX5135.o
 .debug_macro   0x00000000000116e4       0x76 src/MAX5135.o
 .debug_macro   0x000000000001175a      0x2f9 src/adc_pots_selector.o
 .debug_macro   0x0000000000011a53       0x46 src/adc_pots_selector.o
 .debug_macro   0x0000000000011a99       0x16 src/adc_pots_selector.o
 .debug_macro   0x0000000000011aaf      0x1e2 src/dip_config.o
 .debug_macro   0x0000000000011c91      0x1c9 src/expander.o
 .debug_macro   0x0000000000011e5a       0x10 src/expander.o
 .debug_macro   0x0000000000011e6a      0x2e1 src/leds_modes.o
 .debug_macro   0x000000000001214b       0x10 src/leds_modes.o
 .debug_macro   0x000000000001215b      0x2ea src/leds_step.o
 .debug_macro   0x0000000000012445       0x10 src/leds_step.o
 .debug_macro   0x0000000000012455      0x558 src/main.o
 .debug_macro   0x00000000000129ad       0x94 src/main.o
 .debug_macro   0x0000000000012a41       0x1c src/main.o
 .debug_macro   0x0000000000012a5d       0x10 src/main.o
 .debug_macro   0x0000000000012a6d       0x10 src/main.o
 .debug_macro   0x0000000000012a7d       0x1c src/main.o
 .debug_macro   0x0000000000012a99       0x52 src/main.o
 .debug_macro   0x0000000000012aeb       0x40 src/main.o
 .debug_macro   0x0000000000012b2b       0x10 src/main.o
 .debug_macro   0x0000000000012b3b       0x40 src/main.o
 .debug_macro   0x0000000000012b7b       0xd7 src/main.o
 .debug_macro   0x0000000000012c52       0x1c src/main.o
 .debug_macro   0x0000000000012c6e       0x3d src/main.o
 .debug_macro   0x0000000000012cab       0x16 src/main.o
 .debug_macro   0x0000000000012cc1      0x145 src/main.o
 .debug_macro   0x0000000000012e06      0x1c0 src/stm32f4xx_it.o
 .debug_macro   0x0000000000012fc6      0x3c3 src/syscalls.o
 .debug_macro   0x0000000000013389      0x174 src/syscalls.o
 .debug_macro   0x00000000000134fd       0x10 src/syscalls.o
 .debug_macro   0x000000000001350d       0x10 src/syscalls.o
 .debug_macro   0x000000000001351d       0x10 src/syscalls.o
 .debug_macro   0x000000000001352d       0x35 src/syscalls.o
 .debug_macro   0x0000000000013562      0x122 src/syscalls.o
 .debug_macro   0x0000000000013684       0x10 src/syscalls.o
 .debug_macro   0x0000000000013694      0x241 src/syscalls.o
 .debug_macro   0x00000000000138d5       0x10 src/syscalls.o
 .debug_macro   0x00000000000138e5      0x189 src/syscalls.o
 .debug_macro   0x0000000000013a6e       0x16 src/syscalls.o
 .debug_macro   0x0000000000013a84       0x88 src/syscalls.o
 .debug_macro   0x0000000000013b0c      0x1d9 src/system_stm32f4xx.o
 .debug_macro   0x0000000000013ce5      0x1c0 src/tiny_printf.o
 .debug_macro   0x0000000000013ea5       0x58 src/tiny_printf.o
 .debug_macro   0x0000000000013efd       0x16 src/tiny_printf.o
 .debug_macro   0x0000000000013f13       0x97 src/tiny_printf.o
 .debug_macro   0x0000000000013faa       0xfd src/tiny_printf.o
 .debug_macro   0x00000000000140a7      0x1ca src/version.o

.debug_line     0x0000000000000000     0xd15b
 .debug_line    0x0000000000000000      0x720 Libraries/STM32F4xx_StdPeriph_Driver/src/misc.o
 .debug_line    0x0000000000000720      0xa3c Libraries/STM32F4xx_StdPeriph_Driver/src/stm32f4xx_adc.o
 .debug_line    0x000000000000115c      0x82f Libraries/STM32F4xx_StdPeriph_Driver/src/stm32f4xx_dac.o
 .debug_line    0x000000000000198b      0x776 Libraries/STM32F4xx_StdPeriph_Driver/src/stm32f4xx_exti.o
 .debug_line    0x0000000000002101      0x803 Libraries/STM32F4xx_StdPeriph_Driver/src/stm32f4xx_gpio.o
 .debug_line    0x0000000000002904      0xa98 Libraries/STM32F4xx_StdPeriph_Driver/src/stm32f4xx_rcc.o
 .debug_line    0x000000000000339c      0x926 Libraries/STM32F4xx_StdPeriph_Driver/src/stm32f4xx_spi.o
 .debug_line    0x0000000000003cc2      0x72a Libraries/STM32F4xx_StdPeriph_Driver/src/stm32f4xx_syscfg.o
 .debug_line    0x00000000000043ec      0xf31 Libraries/STM32F4xx_StdPeriph_Driver/src/stm32f4xx_tim.o
 .debug_line    0x000000000000531d      0x7e3 src/CAT25512.o
 .debug_line    0x0000000000005b00      0x8ce src/HC165.o
 .debug_line    0x00000000000063ce      0x712 src/MAX5135.o
 .debug_line    0x0000000000006ae0      0x949 src/adc_pots_selector.o
 .debug_line    0x0000000000007429      0x6bf src/dip_config.o
 .debug_line    0x0000000000007ae8      0x6c5 src/expander.o
 .debug_line    0x00000000000081ad      0x8a7 src/leds_modes.o
 .debug_line    0x0000000000008a54      0x8d0 src/leds_step.o
 .debug_line    0x0000000000009324     0x174c src/main.o
 .debug_line    0x000000000000aa70       0x7a src/startup_stm32f40xx.o
 .debug_line    0x000000000000aaea      0x71b src/stm32f4xx_it.o
 .debug_line    0x000000000000b205      0xab4 src/syscalls.o
 .debug_line    0x000000000000bcb9      0x714 src/system_stm32f4xx.o
 .debug_line    0x000000000000c3cd      0x6d9 src/tiny_printf.o
 .debug_line    0x000000000000caa6      0x6b5 src/version.o

.debug_str      0x0000000000000000    0x64d06
 .debug_str     0x0000000000000000    0x597bc Libraries/STM32F4xx_StdPeriph_Driver/src/misc.o
                                      0x5996c (size before relaxing)
 .debug_str     0x00000000000597bc      0x94a Libraries/STM32F4xx_StdPeriph_Driver/src/stm32f4xx_adc.o
                                      0x5a072 (size before relaxing)
 .debug_str     0x000000000005a106      0x391 Libraries/STM32F4xx_StdPeriph_Driver/src/stm32f4xx_dac.o
                                      0x59ae7 (size before relaxing)
 .debug_str     0x000000000005a497      0x1e2 Libraries/STM32F4xx_StdPeriph_Driver/src/stm32f4xx_exti.o
                                      0x598ef (size before relaxing)
 .debug_str     0x000000000005a679      0x31f Libraries/STM32F4xx_StdPeriph_Driver/src/stm32f4xx_gpio.o
                                      0x59a2e (size before relaxing)
 .debug_str     0x000000000005a998      0xb81 Libraries/STM32F4xx_StdPeriph_Driver/src/stm32f4xx_rcc.o
                                      0x5a34e (size before relaxing)
 .debug_str     0x000000000005b519      0x3d6 Libraries/STM32F4xx_StdPeriph_Driver/src/stm32f4xx_spi.o
                                      0x59d06 (size before relaxing)
 .debug_str     0x000000000005b8ef      0x2b6 Libraries/STM32F4xx_StdPeriph_Driver/src/stm32f4xx_syscfg.o
                                      0x599df (size before relaxing)
 .debug_str     0x000000000005bba5      0xc2f Libraries/STM32F4xx_StdPeriph_Driver/src/stm32f4xx_tim.o
                                      0x5a439 (size before relaxing)
 .debug_str     0x000000000005c7d4      0x278 src/CAT25512.o
                                      0x59d03 (size before relaxing)
 .debug_str     0x000000000005ca4c     0x35bd src/HC165.o
                                      0x5cf98 (size before relaxing)
 .debug_str     0x0000000000060009      0x214 src/MAX5135.o
                                      0x59cab (size before relaxing)
 .debug_str     0x000000000006021d      0x2d9 src/adc_pots_selector.o
                                      0x5cffe (size before relaxing)
 .debug_str     0x00000000000604f6       0xe7 src/dip_config.o
                                      0x599a1 (size before relaxing)
 .debug_str     0x00000000000605dd       0x66 src/expander.o
                                      0x59791 (size before relaxing)
 .debug_str     0x0000000000060643      0x2f8 src/leds_modes.o
                                      0x5d04d (size before relaxing)
 .debug_str     0x000000000006093b      0x1a8 src/leds_step.o
                                      0x5cf37 (size before relaxing)
 .debug_str     0x0000000000060ae3     0x2d6a src/main.o
                                      0x609d6 (size before relaxing)
 .debug_str     0x000000000006384d       0x2a src/startup_stm32f40xx.o
                                         0x6e (size before relaxing)
 .debug_str     0x0000000000063877       0xa8 src/stm32f4xx_it.o
                                      0x59765 (size before relaxing)
 .debug_str     0x000000000006391f     0x11b0 src/syscalls.o
                                      0x5ee8e (size before relaxing)
 .debug_str     0x0000000000064acf       0xc7 src/system_stm32f4xx.o
                                      0x5992e (size before relaxing)
 .debug_str     0x0000000000064b96      0x155 src/tiny_printf.o
                                       0x7882 (size before relaxing)
 .debug_str     0x0000000000064ceb       0x1b src/version.o
                                      0x598de (size before relaxing)

.comment        0x0000000000000000       0x7b
 .comment       0x0000000000000000       0x7b Libraries/STM32F4xx_StdPeriph_Driver/src/misc.o
                                         0x7c (size before relaxing)
 .comment       0x000000000000007b       0x7c Libraries/STM32F4xx_StdPeriph_Driver/src/stm32f4xx_adc.o
 .comment       0x000000000000007b       0x7c Libraries/STM32F4xx_StdPeriph_Driver/src/stm32f4xx_dac.o
 .comment       0x000000000000007b       0x7c Libraries/STM32F4xx_StdPeriph_Driver/src/stm32f4xx_exti.o
 .comment       0x000000000000007b       0x7c Libraries/STM32F4xx_StdPeriph_Driver/src/stm32f4xx_gpio.o
 .comment       0x000000000000007b       0x7c Libraries/STM32F4xx_StdPeriph_Driver/src/stm32f4xx_rcc.o
 .comment       0x000000000000007b       0x7c Libraries/STM32F4xx_StdPeriph_Driver/src/stm32f4xx_spi.o
 .comment       0x000000000000007b       0x7c Libraries/STM32F4xx_StdPeriph_Driver/src/stm32f4xx_syscfg.o
 .comment       0x000000000000007b       0x7c Libraries/STM32F4xx_StdPeriph_Driver/src/stm32f4xx_tim.o
 .comment       0x000000000000007b       0x7c src/CAT25512.o
 .comment       0x000000000000007b       0x7c src/HC165.o
 .comment       0x000000000000007b       0x7c src/MAX5135.o
 .comment       0x000000000000007b       0x7c src/adc_pots_selector.o
 .comment       0x000000000000007b       0x7c src/dip_config.o
 .comment       0x000000000000007b       0x7c src/expander.o
 .comment       0x000000000000007b       0x7c src/leds_modes.o
 .comment       0x000000000000007b       0x7c src/leds_step.o
 .comment       0x000000000000007b       0x7c src/main.o
 .comment       0x000000000000007b       0x7c src/stm32f4xx_it.o
 .comment       0x000000000000007b       0x7c src/syscalls.o
 .comment       0x000000000000007b       0x7c src/system_stm32f4xx.o
 .comment       0x000000000000007b       0x7c src/tiny_printf.o
 .comment       0x000000000000007b       0x7c src/version.o

.debug_frame    0x0000000000000000     0x2160
 .debug_frame   0x0000000000000000       0x60 Libraries/STM32F4xx_StdPeriph_Driver/src/misc.o
 .debug_frame   0x0000000000000060      0x2d4 Libraries/STM32F4xx_StdPeriph_Driver/src/stm32f4xx_adc.o
 .debug_frame   0x0000000000000334      0x14c Libraries/STM32F4xx_StdPeriph_Driver/src/stm32f4xx_dac.o
 .debug_frame   0x0000000000000480       0xa0 Libraries/STM32F4xx_StdPeriph_Driver/src/stm32f4xx_exti.o
 .debug_frame   0x0000000000000520      0x120 Libraries/STM32F4xx_StdPeriph_Driver/src/stm32f4xx_gpio.o
 .debug_frame   0x0000000000000640      0x2fc Libraries/STM32F4xx_StdPeriph_Driver/src/stm32f4xx_rcc.o
 .debug_frame   0x000000000000093c      0x1e0 Libraries/STM32F4xx_StdPeriph_Driver/src/stm32f4xx_spi.o
 .debug_frame   0x0000000000000b1c       0x84 Libraries/STM32F4xx_StdPeriph_Driver/src/stm32f4xx_syscfg.o
 .debug_frame   0x0000000000000ba0      0x6cc Libraries/STM32F4xx_StdPeriph_Driver/src/stm32f4xx_tim.o
 .debug_frame   0x000000000000126c      0x144 src/CAT25512.o
 .debug_frame   0x00000000000013b0       0xbc src/HC165.o
 .debug_frame   0x000000000000146c       0x80 src/MAX5135.o
 .debug_frame   0x00000000000014ec       0xb8 src/adc_pots_selector.o
 .debug_frame   0x00000000000015a4       0x48 src/dip_config.o
 .debug_frame   0x00000000000015ec       0x38 src/expander.o
 .debug_frame   0x0000000000001624       0x80 src/leds_modes.o
 .debug_frame   0x00000000000016a4       0x84 src/leds_step.o
 .debug_frame   0x0000000000001728      0x468 src/main.o
 .debug_frame   0x0000000000001b90       0x90 src/stm32f4xx_it.o
 .debug_frame   0x0000000000001c20      0x17c src/syscalls.o
 .debug_frame   0x0000000000001d9c       0x54 src/system_stm32f4xx.o
 .debug_frame   0x0000000000001df0      0x168 src/tiny_printf.o
 .debug_frame   0x0000000000001f58       0x44 src/version.o
 .debug_frame   0x0000000000001f9c       0x2c /Applications/STM32CubeIDE.app/Contents/Eclipse/plugins/com.st.stm32cube.ide.mcu.externaltools.gnu-tools-for-stm32.7-2018-q2-update.macos64_1.0.0.201904181610/tools/bin/../lib/gcc/arm-none-eabi/7.3.1/../../../../arm-none-eabi/lib/thumb/v7e-m/fpv4-sp/hard/libc_nano.a(lib_a-init.o)
 .debug_frame   0x0000000000001fc8       0xac /Applications/STM32CubeIDE.app/Contents/Eclipse/plugins/com.st.stm32cube.ide.mcu.externaltools.gnu-tools-for-stm32.7-2018-q2-update.macos64_1.0.0.201904181610/tools/bin/../lib/gcc/arm-none-eabi/7.3.1/thumb/v7e-m/fpv4-sp/hard/libgcc.a(_arm_addsubdf3.o)
 .debug_frame   0x0000000000002074       0x50 /Applications/STM32CubeIDE.app/Contents/Eclipse/plugins/com.st.stm32cube.ide.mcu.externaltools.gnu-tools-for-stm32.7-2018-q2-update.macos64_1.0.0.201904181610/tools/bin/../lib/gcc/arm-none-eabi/7.3.1/thumb/v7e-m/fpv4-sp/hard/libgcc.a(_arm_muldivdf3.o)
 .debug_frame   0x00000000000020c4       0x24 /Applications/STM32CubeIDE.app/Contents/Eclipse/plugins/com.st.stm32cube.ide.mcu.externaltools.gnu-tools-for-stm32.7-2018-q2-update.macos64_1.0.0.201904181610/tools/bin/../lib/gcc/arm-none-eabi/7.3.1/thumb/v7e-m/fpv4-sp/hard/libgcc.a(_arm_fixunsdfsi.o)
 .debug_frame   0x00000000000020e8       0x44 /Applications/STM32CubeIDE.app/Contents/Eclipse/plugins/com.st.stm32cube.ide.mcu.externaltools.gnu-tools-for-stm32.7-2018-q2-update.macos64_1.0.0.201904181610/tools/bin/../lib/gcc/arm-none-eabi/7.3.1/thumb/v7e-m/fpv4-sp/hard/libgcc.a(_aeabi_ldivmod.o)
 .debug_frame   0x000000000000212c       0x34 /Applications/STM32CubeIDE.app/Contents/Eclipse/plugins/com.st.stm32cube.ide.mcu.externaltools.gnu-tools-for-stm32.7-2018-q2-update.macos64_1.0.0.201904181610/tools/bin/../lib/gcc/arm-none-eabi/7.3.1/thumb/v7e-m/fpv4-sp/hard/libgcc.a(_udivmoddi4.o)

Cross Reference Table

Symbol                                            File
ADCPause                                          src/main.o
ADCResume                                         src/main.o
ADC_AnalogWatchdogCmd                             Libraries/STM32F4xx_StdPeriph_Driver/src/stm32f4xx_adc.o
ADC_AnalogWatchdogSingleChannelConfig             Libraries/STM32F4xx_StdPeriph_Driver/src/stm32f4xx_adc.o
ADC_AnalogWatchdogThresholdsConfig                Libraries/STM32F4xx_StdPeriph_Driver/src/stm32f4xx_adc.o
ADC_AutoInjectedConvCmd                           Libraries/STM32F4xx_StdPeriph_Driver/src/stm32f4xx_adc.o
ADC_ClearFlag                                     Libraries/STM32F4xx_StdPeriph_Driver/src/stm32f4xx_adc.o
                                                  src/main.o
ADC_ClearITPendingBit                             Libraries/STM32F4xx_StdPeriph_Driver/src/stm32f4xx_adc.o
ADC_Cmd                                           Libraries/STM32F4xx_StdPeriph_Driver/src/stm32f4xx_adc.o
                                                  src/main.o
ADC_CommonInit                                    Libraries/STM32F4xx_StdPeriph_Driver/src/stm32f4xx_adc.o
                                                  src/main.o
ADC_CommonStructInit                              Libraries/STM32F4xx_StdPeriph_Driver/src/stm32f4xx_adc.o
ADC_ContinuousModeCmd                             Libraries/STM32F4xx_StdPeriph_Driver/src/stm32f4xx_adc.o
ADC_DMACmd                                        Libraries/STM32F4xx_StdPeriph_Driver/src/stm32f4xx_adc.o
ADC_DMARequestAfterLastTransferCmd                Libraries/STM32F4xx_StdPeriph_Driver/src/stm32f4xx_adc.o
ADC_DeInit                                        Libraries/STM32F4xx_StdPeriph_Driver/src/stm32f4xx_adc.o
ADC_DiscModeChannelCountConfig                    Libraries/STM32F4xx_StdPeriph_Driver/src/stm32f4xx_adc.o
ADC_DiscModeCmd                                   Libraries/STM32F4xx_StdPeriph_Driver/src/stm32f4xx_adc.o
ADC_EOCOnEachRegularChannelCmd                    Libraries/STM32F4xx_StdPeriph_Driver/src/stm32f4xx_adc.o
ADC_ExternalTrigInjectedConvConfig                Libraries/STM32F4xx_StdPeriph_Driver/src/stm32f4xx_adc.o
ADC_ExternalTrigInjectedConvEdgeConfig            Libraries/STM32F4xx_StdPeriph_Driver/src/stm32f4xx_adc.o
ADC_GetConversionValue                            Libraries/STM32F4xx_StdPeriph_Driver/src/stm32f4xx_adc.o
ADC_GetFlagStatus                                 Libraries/STM32F4xx_StdPeriph_Driver/src/stm32f4xx_adc.o
                                                  src/main.o
ADC_GetITStatus                                   Libraries/STM32F4xx_StdPeriph_Driver/src/stm32f4xx_adc.o
ADC_GetInjectedConversionValue                    Libraries/STM32F4xx_StdPeriph_Driver/src/stm32f4xx_adc.o
ADC_GetMultiModeConversionValue                   Libraries/STM32F4xx_StdPeriph_Driver/src/stm32f4xx_adc.o
ADC_GetSoftwareStartConvStatus                    Libraries/STM32F4xx_StdPeriph_Driver/src/stm32f4xx_adc.o
ADC_GetSoftwareStartInjectedConvCmdStatus         Libraries/STM32F4xx_StdPeriph_Driver/src/stm32f4xx_adc.o
ADC_IRQHandler                                    src/main.o
ADC_ITConfig                                      Libraries/STM32F4xx_StdPeriph_Driver/src/stm32f4xx_adc.o
                                                  src/main.o
ADC_Init                                          Libraries/STM32F4xx_StdPeriph_Driver/src/stm32f4xx_adc.o
                                                  src/main.o
ADC_InjectedChannelConfig                         Libraries/STM32F4xx_StdPeriph_Driver/src/stm32f4xx_adc.o
ADC_InjectedDiscModeCmd                           Libraries/STM32F4xx_StdPeriph_Driver/src/stm32f4xx_adc.o
ADC_InjectedSequencerLengthConfig                 Libraries/STM32F4xx_StdPeriph_Driver/src/stm32f4xx_adc.o
ADC_MultiModeDMARequestAfterLastTransferCmd       Libraries/STM32F4xx_StdPeriph_Driver/src/stm32f4xx_adc.o
ADC_POTS_selector_Ch                              src/adc_pots_selector.o
                                                  src/main.o
ADC_POTS_selector_SendByte                        src/adc_pots_selector.o
ADC_POTS_selector_SendDWord                       src/adc_pots_selector.o
ADC_POTS_selector_SendHalfByte                    src/adc_pots_selector.o
ADC_POTS_selector_init                            src/adc_pots_selector.o
                                                  src/main.o
ADC_POT_sel_cnt                                   src/main.o
ADC_RegularChannelConfig                          Libraries/STM32F4xx_StdPeriph_Driver/src/stm32f4xx_adc.o
                                                  src/main.o
ADC_SetInjectedOffset                             Libraries/STM32F4xx_StdPeriph_Driver/src/stm32f4xx_adc.o