Archive member included to satisfy reference by file (symbol)

/Applications/STM32CubeIDE.app/Contents/Eclipse/plugins/com.st.stm32cube.ide.mcu.externaltools.gnu-tools-for-stm32.7-2018-q2-update.macos64_1.0.0.201904181610/tools/bin/../lib/gcc/arm-none-eabi/7.3.1/../../../../arm-none-eabi/lib/thumb/v7e-m/fpv4-sp/hard/libc_nano.a(lib_a-exit.o)
                              /Applications/STM32CubeIDE.app/Contents/Eclipse/plugins/com.st.stm32cube.ide.mcu.externaltools.gnu-tools-for-stm32.7-2018-q2-update.macos64_1.0.0.201904181610/tools/bin/../lib/gcc/arm-none-eabi/7.3.1/../../../../arm-none-eabi/lib/thumb/v7e-m/fpv4-sp/hard/crt0.o (exit)
/Applications/STM32CubeIDE.app/Contents/Eclipse/plugins/com.st.stm32cube.ide.mcu.externaltools.gnu-tools-for-stm32.7-2018-q2-update.macos64_1.0.0.201904181610/tools/bin/../lib/gcc/arm-none-eabi/7.3.1/../../../../arm-none-eabi/lib/thumb/v7e-m/fpv4-sp/hard/libc_nano.a(lib_a-impure.o)
                              /Applications/STM32CubeIDE.app/Contents/Eclipse/plugins/com.st.stm32cube.ide.mcu.externaltools.gnu-tools-for-stm32.7-2018-q2-update.macos64_1.0.0.201904181610/tools/bin/../lib/gcc/arm-none-eabi/7.3.1/../../../../arm-none-eabi/lib/thumb/v7e-m/fpv4-sp/hard/libc_nano.a(lib_a-exit.o) (_global_impure_ptr)
/Applications/STM32CubeIDE.app/Contents/Eclipse/plugins/com.st.stm32cube.ide.mcu.externaltools.gnu-tools-for-stm32.7-2018-q2-update.macos64_1.0.0.201904181610/tools/bin/../lib/gcc/arm-none-eabi/7.3.1/../../../../arm-none-eabi/lib/thumb/v7e-m/fpv4-sp/hard/libc_nano.a(lib_a-init.o)
                              /Applications/STM32CubeIDE.app/Contents/Eclipse/plugins/com.st.stm32cube.ide.mcu.externaltools.gnu-tools-for-stm32.7-2018-q2-update.macos64_1.0.0.201904181610/tools/bin/../lib/gcc/arm-none-eabi/7.3.1/../../../../arm-none-eabi/lib/thumb/v7e-m/fpv4-sp/hard/crt0.o (__libc_init_array)
/Applications/STM32CubeIDE.app/Contents/Eclipse/plugins/com.st.stm32cube.ide.mcu.externaltools.gnu-tools-for-stm32.7-2018-q2-update.macos64_1.0.0.201904181610/tools/bin/../lib/gcc/arm-none-eabi/7.3.1/../../../../arm-none-eabi/lib/thumb/v7e-m/fpv4-sp/hard/libc_nano.a(lib_a-memset.o)
                              /Applications/STM32CubeIDE.app/Contents/Eclipse/plugins/com.st.stm32cube.ide.mcu.externaltools.gnu-tools-for-stm32.7-2018-q2-update.macos64_1.0.0.201904181610/tools/bin/../lib/gcc/arm-none-eabi/7.3.1/../../../../arm-none-eabi/lib/thumb/v7e-m/fpv4-sp/hard/crt0.o (memset)
/Applications/STM32CubeIDE.app/Contents/Eclipse/plugins/com.st.stm32cube.ide.mcu.externaltools.gnu-tools-for-stm32.7-2018-q2-update.macos64_1.0.0.201904181610/tools/bin/../lib/gcc/arm-none-eabi/7.3.1/../../../../arm-none-eabi/lib/thumb/v7e-m/fpv4-sp/hard/libc_nano.a(lib_a-reent.o)
                              src/syscalls.o (errno)
/Applications/STM32CubeIDE.app/Contents/Eclipse/plugins/com.st.stm32cube.ide.mcu.externaltools.gnu-tools-for-stm32.7-2018-q2-update.macos64_1.0.0.201904181610/tools/bin/../lib/gcc/arm-none-eabi/7.3.1/../../../../arm-none-eabi/lib/thumb/v7e-m/fpv4-sp/hard/libc_nano.a(lib_a-strlen.o)
                              src/tiny_printf.o (strlen)
/Applications/STM32CubeIDE.app/Contents/Eclipse/plugins/com.st.stm32cube.ide.mcu.externaltools.gnu-tools-for-stm32.7-2018-q2-update.macos64_1.0.0.201904181610/tools/bin/../lib/gcc/arm-none-eabi/7.3.1/../../../../arm-none-eabi/lib/thumb/v7e-m/fpv4-sp/hard/libc_nano.a(lib_a-nano-freer.o)
                              /Applications/STM32CubeIDE.app/Contents/Eclipse/plugins/com.st.stm32cube.ide.mcu.externaltools.gnu-tools-for-stm32.7-2018-q2-update.macos64_1.0.0.201904181610/tools/bin/../lib/gcc/arm-none-eabi/7.3.1/../../../../arm-none-eabi/lib/thumb/v7e-m/fpv4-sp/hard/libc_nano.a(lib_a-reent.o) (_free_r)
/Applications/STM32CubeIDE.app/Contents/Eclipse/plugins/com.st.stm32cube.ide.mcu.externaltools.gnu-tools-for-stm32.7-2018-q2-update.macos64_1.0.0.201904181610/tools/bin/../lib/gcc/arm-none-eabi/7.3.1/../../../../arm-none-eabi/lib/thumb/v7e-m/fpv4-sp/hard/libc_nano.a(lib_a-nano-mallocr.o)
                              /Applications/STM32CubeIDE.app/Contents/Eclipse/plugins/com.st.stm32cube.ide.mcu.externaltools.gnu-tools-for-stm32.7-2018-q2-update.macos64_1.0.0.201904181610/tools/bin/../lib/gcc/arm-none-eabi/7.3.1/../../../../arm-none-eabi/lib/thumb/v7e-m/fpv4-sp/hard/libc_nano.a(lib_a-nano-freer.o) (__malloc_free_list)
/Applications/STM32CubeIDE.app/Contents/Eclipse/plugins/com.st.stm32cube.ide.mcu.externaltools.gnu-tools-for-stm32.7-2018-q2-update.macos64_1.0.0.201904181610/tools/bin/../lib/gcc/arm-none-eabi/7.3.1/../../../../arm-none-eabi/lib/thumb/v7e-m/fpv4-sp/hard/libc_nano.a(lib_a-sbrkr.o)
                              /Applications/STM32CubeIDE.app/Contents/Eclipse/plugins/com.st.stm32cube.ide.mcu.externaltools.gnu-tools-for-stm32.7-2018-q2-update.macos64_1.0.0.201904181610/tools/bin/../lib/gcc/arm-none-eabi/7.3.1/../../../../arm-none-eabi/lib/thumb/v7e-m/fpv4-sp/hard/libc_nano.a(lib_a-nano-mallocr.o) (_sbrk_r)
[...]
Memory Configuration

Name             Origin             Length             Attributes
FLASH            0x0000000008000000 0x0000000000100000 xr
RAM              0x0000000020000000 0x0000000000020000 xrw
MEMORY_B1        0x0000000060000000 0x0000000000000000 xr
CCMRAM           0x0000000010000000 0x0000000000010000 rw
*default*        0x0000000000000000 0xffffffffffffffff

Linker script and memory map

LOAD /Applications/STM32CubeIDE.app/Contents/Eclipse/plugins/com.st.stm32cube.ide.mcu.externaltools.gnu-tools-for-stm32.7-2018-q2-update.macos64_1.0.0.201904181610/tools/bin/../lib/gcc/arm-none-eabi/7.3.1/thumb/v7e-m/fpv4-sp/hard/crti.o
LOAD /Applications/STM32CubeIDE.app/Contents/Eclipse/plugins/com.st.stm32cube.ide.mcu.externaltools.gnu-tools-for-stm32.7-2018-q2-update.macos64_1.0.0.201904181610/tools/bin/../lib/gcc/arm-none-eabi/7.3.1/thumb/v7e-m/fpv4-sp/hard/crtbegin.o
LOAD /Applications/STM32CubeIDE.app/Contents/Eclipse/plugins/com.st.stm32cube.ide.mcu.externaltools.gnu-tools-for-stm32.7-2018-q2-update.macos64_1.0.0.201904181610/tools/bin/../lib/gcc/arm-none-eabi/7.3.1/../../../../arm-none-eabi/lib/thumb/v7e-m/fpv4-sp/hard/crt0.o
LOAD Libraries/STM32F4xx_StdPeriph_Driver/src/misc.o
LOAD Libraries/STM32F4xx_StdPeriph_Driver/src/stm32f4xx_adc.o
LOAD Libraries/STM32F4xx_StdPeriph_Driver/src/stm32f4xx_can.o
LOAD Libraries/STM32F4xx_StdPeriph_Driver/src/stm32f4xx_crc.o
LOAD Libraries/STM32F4xx_StdPeriph_Driver/src/stm32f4xx_cryp.o
LOAD Libraries/STM32F4xx_StdPeriph_Driver/src/stm32f4xx_cryp_aes.o
LOAD Libraries/STM32F4xx_StdPeriph_Driver/src/stm32f4xx_cryp_des.o
LOAD Libraries/STM32F4xx_StdPeriph_Driver/src/stm32f4xx_cryp_tdes.o
LOAD Libraries/STM32F4xx_StdPeriph_Driver/src/stm32f4xx_dac.o
LOAD Libraries/STM32F4xx_StdPeriph_Driver/src/stm32f4xx_dbgmcu.o
LOAD Libraries/STM32F4xx_StdPeriph_Driver/src/stm32f4xx_dcmi.o
LOAD Libraries/STM32F4xx_StdPeriph_Driver/src/stm32f4xx_dma.o
LOAD Libraries/STM32F4xx_StdPeriph_Driver/src/stm32f4xx_exti.o
LOAD Libraries/STM32F4xx_StdPeriph_Driver/src/stm32f4xx_flash.o
LOAD Libraries/STM32F4xx_StdPeriph_Driver/src/stm32f4xx_fsmc.o
LOAD Libraries/STM32F4xx_StdPeriph_Driver/src/stm32f4xx_gpio.o
LOAD Libraries/STM32F4xx_StdPeriph_Driver/src/stm32f4xx_hash.o
LOAD Libraries/STM32F4xx_StdPeriph_Driver/src/stm32f4xx_hash_md5.o
LOAD Libraries/STM32F4xx_StdPeriph_Driver/src/stm32f4xx_hash_sha1.o
LOAD Libraries/STM32F4xx_StdPeriph_Driver/src/stm32f4xx_i2c.o
LOAD Libraries/STM32F4xx_StdPeriph_Driver/src/stm32f4xx_iwdg.o
LOAD Libraries/STM32F4xx_StdPeriph_Driver/src/stm32f4xx_pwr.o
LOAD Libraries/STM32F4xx_StdPeriph_Driver/src/stm32f4xx_rcc.o
LOAD Libraries/STM32F4xx_StdPeriph_Driver/src/stm32f4xx_rng.o
LOAD Libraries/STM32F4xx_StdPeriph_Driver/src/stm32f4xx_rtc.o
LOAD Libraries/STM32F4xx_StdPeriph_Driver/src/stm32f4xx_sdio.o
LOAD Libraries/STM32F4xx_StdPeriph_Driver/src/stm32f4xx_spi.o
LOAD Libraries/STM32F4xx_StdPeriph_Driver/src/stm32f4xx_syscfg.o
LOAD Libraries/STM32F4xx_StdPeriph_Driver/src/stm32f4xx_tim.o
LOAD Libraries/STM32F4xx_StdPeriph_Driver/src/stm32f4xx_usart.o
LOAD Libraries/STM32F4xx_StdPeriph_Driver/src/stm32f4xx_wwdg.o
LOAD src/CAT25512.o
LOAD src/HC165.o
LOAD src/MAX5135.o
LOAD src/adc_pots_selector.o
LOAD src/dip_config.o
LOAD src/expander.o
LOAD src/leds_modes.o
LOAD src/leds_step.o
LOAD src/main.o
LOAD src/startup_stm32f40xx.o
LOAD src/stm32f4xx_it.o
LOAD src/syscalls.o
LOAD src/system_stm32f4xx.o
LOAD src/tiny_printf.o
START GROUP
LOAD /Applications/STM32CubeIDE.app/Contents/Eclipse/plugins/com.st.stm32cube.ide.mcu.externaltools.gnu-tools-for-stm32.7-2018-q2-update.macos64_1.0.0.201904181610/tools/bin/../lib/gcc/arm-none-eabi/7.3.1/../../../../arm-none-eabi/lib/thumb/v7e-m/fpv4-sp/hard/libc_nano.a
LOAD /Applications/STM32CubeIDE.app/Contents/Eclipse/plugins/com.st.stm32cube.ide.mcu.externaltools.gnu-tools-for-stm32.7-2018-q2-update.macos64_1.0.0.201904181610/tools/bin/../lib/gcc/arm-none-eabi/7.3.1/../../../../arm-none-eabi/lib/thumb/v7e-m/fpv4-sp/hard/libm.a
END GROUP
START GROUP
LOAD /Applications/STM32CubeIDE.app/Contents/Eclipse/plugins/com.st.stm32cube.ide.mcu.externaltools.gnu-tools-for-stm32.7-2018-q2-update.macos64_1.0.0.201904181610/tools/bin/../lib/gcc/arm-none-eabi/7.3.1/thumb/v7e-m/fpv4-sp/hard/libgcc.a
LOAD /Applications/STM32CubeIDE.app/Contents/Eclipse/plugins/com.st.stm32cube.ide.mcu.externaltools.gnu-tools-for-stm32.7-2018-q2-update.macos64_1.0.0.201904181610/tools/bin/../lib/gcc/arm-none-eabi/7.3.1/../../../../arm-none-eabi/lib/thumb/v7e-m/fpv4-sp/hard/libc_nano.a
END GROUP
START GROUP
LOAD /Applications/STM32CubeIDE.app/Contents/Eclipse/plugins/com.st.stm32cube.ide.mcu.externaltools.gnu-tools-for-stm32.7-2018-q2-update.macos64_1.0.0.201904181610/tools/bin/../lib/gcc/arm-none-eabi/7.3.1/thumb/v7e-m/fpv4-sp/hard/libgcc.a
LOAD /Applications/STM32CubeIDE.app/Contents/Eclipse/plugins/com.st.stm32cube.ide.mcu.externaltools.gnu-tools-for-stm32.7-2018-q2-update.macos64_1.0.0.201904181610/tools/bin/../lib/gcc/arm-none-eabi/7.3.1/../../../../arm-none-eabi/lib/thumb/v7e-m/fpv4-sp/hard/libc_nano.a
LOAD /Applications/STM32CubeIDE.app/Contents/Eclipse/plugins/com.st.stm32cube.ide.mcu.externaltools.gnu-tools-for-stm32.7-2018-q2-update.macos64_1.0.0.201904181610/tools/bin/../lib/gcc/arm-none-eabi/7.3.1/../../../../arm-none-eabi/lib/thumb/v7e-m/fpv4-sp/hard/libnosys.a
END GROUP
START GROUP
LOAD /Applications/STM32CubeIDE.app/Contents/Eclipse/plugins/com.st.stm32cube.ide.mcu.externaltools.gnu-tools-for-stm32.7-2018-q2-update.macos64_1.0.0.201904181610/tools/bin/../lib/gcc/arm-none-eabi/7.3.1/thumb/v7e-m/fpv4-sp/hard/libgcc.a
LOAD /Applications/STM32CubeIDE.app/Contents/Eclipse/plugins/com.st.stm32cube.ide.mcu.externaltools.gnu-tools-for-stm32.7-2018-q2-update.macos64_1.0.0.201904181610/tools/bin/../lib/gcc/arm-none-eabi/7.3.1/../../../../arm-none-eabi/lib/thumb/v7e-m/fpv4-sp/hard/libc_nano.a
LOAD /Applications/STM32CubeIDE.app/Contents/Eclipse/plugins/com.st.stm32cube.ide.mcu.externaltools.gnu-tools-for-stm32.7-2018-q2-update.macos64_1.0.0.201904181610/tools/bin/../lib/gcc/arm-none-eabi/7.3.1/../../../../arm-none-eabi/lib/thumb/v7e-m/fpv4-sp/hard/libnosys.a
END GROUP
LOAD /Applications/STM32CubeIDE.app/Contents/Eclipse/plugins/com.st.stm32cube.ide.mcu.externaltools.gnu-tools-for-stm32.7-2018-q2-update.macos64_1.0.0.201904181610/tools/bin/../lib/gcc/arm-none-eabi/7.3.1/thumb/v7e-m/fpv4-sp/hard/crtend.o
LOAD /Applications/STM32CubeIDE.app/Contents/Eclipse/plugins/com.st.stm32cube.ide.mcu.externaltools.gnu-tools-for-stm32.7-2018-q2-update.macos64_1.0.0.201904181610/tools/bin/../lib/gcc/arm-none-eabi/7.3.1/thumb/v7e-m/fpv4-sp/hard/crtn.o
                0x0000000020020000                _estack = 0x20020000
                0x0000000000000000                _Min_Heap_Size = 0x0
                0x0000000000000400                _Min_Stack_Size = 0x400

.isr_vector     0x0000000008000000      0x188
                0x0000000008000000                . = ALIGN (0x4)
 *(.isr_vector)
 .isr_vector    0x0000000008000000      0x188 src/startup_stm32f40xx.o
                0x0000000008000000                g_pfnVectors
                0x0000000008000188                . = ALIGN (0x4)

.text           0x0000000008000188     0x60e0
                0x0000000008000188                . = ALIGN (0x4)
 *(.text)
 .text          0x0000000008000188       0x40 /Applications/STM32CubeIDE.app/Contents/Eclipse/plugins/com.st.stm32cube.ide.mcu.externaltools.gnu-tools-for-stm32.7-2018-q2-update.macos64_1.0.0.201904181610/tools/bin/../lib/gcc/arm-none-eabi/7.3.1/thumb/v7e-m/fpv4-sp/hard/crtbegin.o
 .text          0x00000000080001c8      0x378 /Applications/STM32CubeIDE.app/Contents/Eclipse/plugins/com.st.stm32cube.ide.mcu.externaltools.gnu-tools-for-stm32.7-2018-q2-update.macos64_1.0.0.201904181610/tools/bin/../lib/gcc/arm-none-eabi/7.3.1/thumb/v7e-m/fpv4-sp/hard/libgcc.a(_arm_addsubdf3.o)
                0x00000000080001c8                __aeabi_drsub
                0x00000000080001d0                __subdf3
                0x00000000080001d0                __aeabi_dsub
                0x00000000080001d4                __aeabi_dadd
                0x00000000080001d4                __adddf3
                0x000000000800044c                __aeabi_ui2d
                0x000000000800044c                __floatunsidf
                0x000000000800046c                __floatsidf
                0x000000000800046c                __aeabi_i2d
                0x0000000008000490                __extendsfdf2
                0x0000000008000490                __aeabi_f2d
                0x00000000080004d4                __aeabi_ul2d
                0x00000000080004d4                __floatundidf
                0x00000000080004e4                __aeabi_l2d
                0x00000000080004e4                __floatdidf
 .text          0x0000000008000540      0x424 /Applications/STM32CubeIDE.app/Contents/Eclipse/plugins/com.st.stm32cube.ide.mcu.externaltools.gnu-tools-for-stm32.7-2018-q2-update.macos64_1.0.0.201904181610/tools/bin/../lib/gcc/arm-none-eabi/7.3.1/thumb/v7e-m/fpv4-sp/hard/libgcc.a(_arm_muldivdf3.o)
                0x0000000008000540                __aeabi_dmul
                0x0000000008000540                __muldf3
                0x0000000008000794                __aeabi_ddiv
                0x0000000008000794                __divdf3
 .text          0x0000000008000964       0x40 /Applications/STM32CubeIDE.app/Contents/Eclipse/plugins/com.st.stm32cube.ide.mcu.externaltools.gnu-tools-for-stm32.7-2018-q2-update.macos64_1.0.0.201904181610/tools/bin/../lib/gcc/arm-none-eabi/7.3.1/thumb/v7e-m/fpv4-sp/hard/libgcc.a(_arm_fixunsdfsi.o)
                0x0000000008000964                __fixunsdfsi
                0x0000000008000964                __aeabi_d2uiz
 .text          0x00000000080009a4       0xa0 /Applications/STM32CubeIDE.app/Contents/Eclipse/plugins/com.st.stm32cube.ide.mcu.externaltools.gnu-tools-for-stm32.7-2018-q2-update.macos64_1.0.0.201904181610/tools/bin/../lib/gcc/arm-none-eabi/7.3.1/thumb/v7e-m/fpv4-sp/hard/libgcc.a(_aeabi_ldivmod.o)
                0x00000000080009a4                __aeabi_ldivmod
 .text          0x0000000008000a44      0x2cc /Applications/STM32CubeIDE.app/Contents/Eclipse/plugins/com.st.stm32cube.ide.mcu.externaltools.gnu-tools-for-stm32.7-2018-q2-update.macos64_1.0.0.201904181610/tools/bin/../lib/gcc/arm-none-eabi/7.3.1/thumb/v7e-m/fpv4-sp/hard/libgcc.a(_udivmoddi4.o)
                0x0000000008000a44                __udivmoddi4
 .text          0x0000000008000d10        0x4 /Applications/STM32CubeIDE.app/Contents/Eclipse/plugins/com.st.stm32cube.ide.mcu.externaltools.gnu-tools-for-stm32.7-2018-q2-update.macos64_1.0.0.201904181610/tools/bin/../lib/gcc/arm-none-eabi/7.3.1/thumb/v7e-m/fpv4-sp/hard/libgcc.a(_dvmd_tls.o)
                0x0000000008000d10                __aeabi_ldiv0
                0x0000000008000d10                __aeabi_idiv0
 *(.text*)
 .text.NVIC_Init
                0x0000000008000d14       0x64 Libraries/STM32F4xx_StdPeriph_Driver/src/misc.o
                0x0000000008000d14                NVIC_Init
 .text.ADC_Init
                0x0000000008000d78       0x50 Libraries/STM32F4xx_StdPeriph_Driver/src/stm32f4xx_adc.o
                0x0000000008000d78                ADC_Init
 .text.ADC_StructInit
                0x0000000008000dc8       0x14 Libraries/STM32F4xx_StdPeriph_Driver/src/stm32f4xx_adc.o
                0x0000000008000dc8                ADC_StructInit
 .text.ADC_Cmd  0x0000000008000ddc       0x16 Libraries/STM32F4xx_StdPeriph_Driver/src/stm32f4xx_adc.o
                0x0000000008000ddc                ADC_Cmd
 .text.ADC_RegularChannelConfig
                0x0000000008000df2       0x90 Libraries/STM32F4xx_StdPeriph_Driver/src/stm32f4xx_adc.o
                0x0000000008000df2                ADC_RegularChannelConfig
 .text.ADC_ITConfig
                0x0000000008000e82       0x1c Libraries/STM32F4xx_StdPeriph_Driver/src/stm32f4xx_adc.o
                0x0000000008000e82                ADC_ITConfig
 .text.ADC_GetFlagStatus
                0x0000000008000e9e        0xe Libraries/STM32F4xx_StdPeriph_Driver/src/stm32f4xx_adc.o
                0x0000000008000e9e                ADC_GetFlagStatus
 .text.ADC_ClearFlag
                0x0000000008000eac        0x6 Libraries/STM32F4xx_StdPeriph_Driver/src/stm32f4xx_adc.o
                0x0000000008000eac                ADC_ClearFlag
 .text.DAC_DeInit
                0x0000000008000eb2       0x18 Libraries/STM32F4xx_StdPeriph_Driver/src/stm32f4xx_dac.o
                0x0000000008000eb2                DAC_DeInit
 *fill*         0x0000000008000eca        0x2 
 .text.DAC_Init
                0x0000000008000ecc       0x30 Libraries/STM32F4xx_StdPeriph_Driver/src/stm32f4xx_dac.o
                0x0000000008000ecc                DAC_Init
 .text.DAC_StructInit
                0x0000000008000efc        0xc Libraries/STM32F4xx_StdPeriph_Driver/src/stm32f4xx_dac.o
                0x0000000008000efc                DAC_StructInit
 .text.DAC_Cmd  0x0000000008000f08       0x28 Libraries/STM32F4xx_StdPeriph_Driver/src/stm32f4xx_dac.o
                0x0000000008000f08                DAC_Cmd
 .text.DAC_SetChannel1Data
                0x0000000008000f30       0x20 Libraries/STM32F4xx_StdPeriph_Driver/src/stm32f4xx_dac.o
                0x0000000008000f30                DAC_SetChannel1Data
 .text.DAC_SetChannel2Data
                0x0000000008000f50       0x20 Libraries/STM32F4xx_StdPeriph_Driver/src/stm32f4xx_dac.o
                0x0000000008000f50                DAC_SetChannel2Data
 .text.EXTI_DeInit
                0x0000000008000f70       0x1c Libraries/STM32F4xx_StdPeriph_Driver/src/stm32f4xx_exti.o
                0x0000000008000f70                EXTI_DeInit
 .text.EXTI_Init
                0x0000000008000f8c       0x90 Libraries/STM32F4xx_StdPeriph_Driver/src/stm32f4xx_exti.o
                0x0000000008000f8c                EXTI_Init
 .text.EXTI_ClearITPendingBit
                0x000000000800101c        0xc Libraries/STM32F4xx_StdPeriph_Driver/src/stm32f4xx_exti.o
                0x000000000800101c                EXTI_ClearITPendingBit
 .text.GPIO_Init
                0x0000000008001028       0x8a Libraries/STM32F4xx_StdPeriph_Driver/src/stm32f4xx_gpio.o
                0x0000000008001028                GPIO_Init
 .text.GPIO_StructInit
                0x00000000080010b2       0x12 Libraries/STM32F4xx_StdPeriph_Driver/src/stm32f4xx_gpio.o
                0x00000000080010b2                GPIO_StructInit
 .text.GPIO_ReadInputDataBit
                0x00000000080010c4        0xe Libraries/STM32F4xx_StdPeriph_Driver/src/stm32f4xx_gpio.o
                0x00000000080010c4                GPIO_ReadInputDataBit
 .text.GPIO_SetBits
                0x00000000080010d2        0x4 Libraries/STM32F4xx_StdPeriph_Driver/src/stm32f4xx_gpio.o
                0x00000000080010d2                GPIO_SetBits
 .text.GPIO_ResetBits
                0x00000000080010d6        0x4 Libraries/STM32F4xx_StdPeriph_Driver/src/stm32f4xx_gpio.o
                0x00000000080010d6                GPIO_ResetBits
 .text.GPIO_PinAFConfig
                0x00000000080010da       0x2e Libraries/STM32F4xx_StdPeriph_Driver/src/stm32f4xx_gpio.o
                0x00000000080010da                GPIO_PinAFConfig
 .text.RCC_GetClocksFreq
                0x0000000008001108       0xb8 Libraries/STM32F4xx_StdPeriph_Driver/src/stm32f4xx_rcc.o
                0x0000000008001108                RCC_GetClocksFreq
 .text.RCC_AHB1PeriphClockCmd
                0x00000000080011c0       0x1c Libraries/STM32F4xx_StdPeriph_Driver/src/stm32f4xx_rcc.o
                0x00000000080011c0                RCC_AHB1PeriphClockCmd
 .text.RCC_APB1PeriphClockCmd
                0x00000000080011dc       0x1c Libraries/STM32F4xx_StdPeriph_Driver/src/stm32f4xx_rcc.o
                0x00000000080011dc                RCC_APB1PeriphClockCmd
 .text.RCC_APB2PeriphClockCmd
                0x00000000080011f8       0x1c Libraries/STM32F4xx_StdPeriph_Driver/src/stm32f4xx_rcc.o
                0x00000000080011f8                RCC_APB2PeriphClockCmd
 .text.RCC_APB1PeriphResetCmd
                0x0000000008001214       0x1c Libraries/STM32F4xx_StdPeriph_Driver/src/stm32f4xx_rcc.o
                0x0000000008001214                RCC_APB1PeriphResetCmd
 .text.RCC_APB2PeriphResetCmd
                0x0000000008001230       0x1c Libraries/STM32F4xx_StdPeriph_Driver/src/stm32f4xx_rcc.o
                0x0000000008001230                RCC_APB2PeriphResetCmd
 .text.SPI_I2S_DeInit
                0x000000000800124c       0xc4 Libraries/STM32F4xx_StdPeriph_Driver/src/stm32f4xx_spi.o
                0x000000000800124c                SPI_I2S_DeInit
 .text.SPI_Init
                0x0000000008001310       0x4c Libraries/STM32F4xx_StdPeriph_Driver/src/stm32f4xx_spi.o
                0x0000000008001310                SPI_Init
 .text.SPI_StructInit
                0x000000000800135c       0x18 Libraries/STM32F4xx_StdPeriph_Driver/src/stm32f4xx_spi.o
                0x000000000800135c                SPI_StructInit
 .text.SPI_Cmd  0x0000000008001374       0x1a Libraries/STM32F4xx_StdPeriph_Driver/src/stm32f4xx_spi.o
                0x0000000008001374                SPI_Cmd
 .text.SPI_NSSInternalSoftwareConfig
                0x000000000800138e       0x20 Libraries/STM32F4xx_StdPeriph_Driver/src/stm32f4xx_spi.o
                0x000000000800138e                SPI_NSSInternalSoftwareConfig
 .text.SPI_I2S_ReceiveData
                0x00000000080013ae        0x4 Libraries/STM32F4xx_StdPeriph_Driver/src/stm32f4xx_spi.o
                0x00000000080013ae                SPI_I2S_ReceiveData
 .text.SPI_I2S_SendData
                0x00000000080013b2        0x4 Libraries/STM32F4xx_StdPeriph_Driver/src/stm32f4xx_spi.o
                0x00000000080013b2                SPI_I2S_SendData
 .text.SPI_I2S_GetFlagStatus
                0x00000000080013b6        0xe Libraries/STM32F4xx_StdPeriph_Driver/src/stm32f4xx_spi.o
                0x00000000080013b6                SPI_I2S_GetFlagStatus
 .text.SYSCFG_EXTILineConfig
                0x00000000080013c4       0x34 Libraries/STM32F4xx_StdPeriph_Driver/src/stm32f4xx_syscfg.o
                0x00000000080013c4                SYSCFG_EXTILineConfig
 .text.TIM_TimeBaseInit
                0x00000000080013f8       0x7c Libraries/STM32F4xx_StdPeriph_Driver/src/stm32f4xx_tim.o
                0x00000000080013f8                TIM_TimeBaseInit
 .text.TIM_TimeBaseStructInit
                0x0000000008001474       0x12 Libraries/STM32F4xx_StdPeriph_Driver/src/stm32f4xx_tim.o
                0x0000000008001474                TIM_TimeBaseStructInit
 .text.TIM_SetCounter
                0x0000000008001486        0x4 Libraries/STM32F4xx_StdPeriph_Driver/src/stm32f4xx_tim.o
                0x0000000008001486                TIM_SetCounter
 .text.TIM_ARRPreloadConfig
                0x000000000800148a       0x1a Libraries/STM32F4xx_StdPeriph_Driver/src/stm32f4xx_tim.o
                0x000000000800148a                TIM_ARRPreloadConfig
 .text.TIM_Cmd  0x00000000080014a4       0x1a Libraries/STM32F4xx_StdPeriph_Driver/src/stm32f4xx_tim.o
                0x00000000080014a4                TIM_Cmd
 .text.TIM_SetCompare2
                0x00000000080014be        0x4 Libraries/STM32F4xx_StdPeriph_Driver/src/stm32f4xx_tim.o
                0x00000000080014be                TIM_SetCompare2
 .text.TIM_CCxCmd
                0x00000000080014c2       0x22 Libraries/STM32F4xx_StdPeriph_Driver/src/stm32f4xx_tim.o
                0x00000000080014c2                TIM_CCxCmd
 .text.TIM_ITConfig
                0x00000000080014e4       0x14 Libraries/STM32F4xx_StdPeriph_Driver/src/stm32f4xx_tim.o
                0x00000000080014e4                TIM_ITConfig
 .text.TIM_GetITStatus
                0x00000000080014f8       0x18 Libraries/STM32F4xx_StdPeriph_Driver/src/stm32f4xx_tim.o
                0x00000000080014f8                TIM_GetITStatus
 .text.TIM_ClearITPendingBit
                0x0000000008001510        0x8 Libraries/STM32F4xx_StdPeriph_Driver/src/stm32f4xx_tim.o
                0x0000000008001510                TIM_ClearITPendingBit
 .text.TIM_SelectOutputTrigger
                0x0000000008001518       0x14 Libraries/STM32F4xx_StdPeriph_Driver/src/stm32f4xx_tim.o
                0x0000000008001518                TIM_SelectOutputTrigger
 .text.CAT25512_SendByte
                0x000000000800152c       0x30 src/CAT25512.o
                0x000000000800152c                CAT25512_SendByte
 .text.CAT25512_RecieveData
                0x000000000800155c       0x30 src/CAT25512.o
                0x000000000800155c                CAT25512_RecieveData
 .text.CAT25512_init
                0x000000000800158c      0x104 src/CAT25512.o
                0x000000000800158c                CAT25512_init
 .text.CAT25512_ReadStatusRegister
                0x0000000008001690       0x34 src/CAT25512.o
                0x0000000008001690                CAT25512_ReadStatusRegister
 .text.CAT25512_WREN
                0x00000000080016c4       0x28 src/CAT25512.o
                0x00000000080016c4                CAT25512_WREN
 .text.CAT25512_write_block
                0x00000000080016ec       0xc8 src/CAT25512.o
                0x00000000080016ec                CAT25512_write_block
 .text.CAT25512_read_block
                0x00000000080017b4       0x48 src/CAT25512.o
                0x00000000080017b4                CAT25512_read_block
 .text.init_HC165
                0x00000000080017fc       0x58 src/HC165.o
                0x00000000080017fc                init_HC165
 .text.HC165_LatchUp
                0x0000000008001854       0x30 src/HC165.o
                0x0000000008001854                HC165_LatchUp
 .text.HC165_GetByte
                0x0000000008001884       0x6c src/HC165.o
                0x0000000008001884                HC165_GetByte
 .text.HC165_GetDWord
                0x00000000080018f0       0x26 src/HC165.o
                0x00000000080018f0                HC165_GetDWord
 .text.HC165_GetDWord1
                0x0000000008001916       0x1c src/HC165.o
                0x0000000008001916                HC165_GetDWord1
 *fill*         0x0000000008001932        0x2 
 .text.GetButton
                0x0000000008001934       0x38 src/HC165.o
                0x0000000008001934                GetButton
 .text.SendData
                0x000000000800196c       0x30 src/MAX5135.o
                0x000000000800196c                SendData
 .text.MAX5135_SendPack
                0x000000000800199c       0x30 src/MAX5135.o
                0x000000000800199c                MAX5135_SendPack
 .text.MAX5135init
                0x00000000080019cc       0xd0 src/MAX5135.o
                0x00000000080019cc                MAX5135init
 .text.MAX5135_DAC_send
                0x0000000008001a9c       0x60 src/MAX5135.o
                0x0000000008001a9c                MAX5135_DAC_send
 .text.ADC_POTS_selector_init
                0x0000000008001afc       0x3c src/adc_pots_selector.o
                0x0000000008001afc                ADC_POTS_selector_init
 .text.ADC_POTS_selector_SendByte
                0x0000000008001b38       0x40 src/adc_pots_selector.o
                0x0000000008001b38                ADC_POTS_selector_SendByte
 .text.ADC_POTS_selector_SendDWord
                0x0000000008001b78       0x38 src/adc_pots_selector.o
                0x0000000008001b78                ADC_POTS_selector_SendDWord
 .text.ADC_POTS_selector_Ch
                0x0000000008001bb0       0x18 src/adc_pots_selector.o
                0x0000000008001bb0                ADC_POTS_selector_Ch
 .text.DipConfig_init
                0x0000000008001bc8       0x34 src/dip_config.o
                0x0000000008001bc8                DipConfig_init
 .text.GetDipConfig
                0x0000000008001bfc       0x44 src/dip_config.o
                0x0000000008001bfc                GetDipConfig
 .text.Init_Expander_GPIO
                0x0000000008001c40       0x34 src/expander.o
                0x0000000008001c40                Init_Expander_GPIO
 .text.Is_Expander_Present
                0x0000000008001c74       0x14 src/expander.o
                0x0000000008001c74                Is_Expander_Present
 .text.LEDS_modes_init
                0x0000000008001c88       0x38 src/leds_modes.o
                0x0000000008001c88                LEDS_modes_init
 .text.LEDS_modes_SendByte
                0x0000000008001cc0       0x4c src/leds_modes.o
                0x0000000008001cc0                LEDS_modes_SendByte
 .text.LEDS_modes_SendStruct
                0x0000000008001d0c       0x34 src/leds_modes.o
                0x0000000008001d0c                LEDS_modes_SendStruct
 .text.LED_STEP_init
                0x0000000008001d40       0x3c src/leds_step.o
                0x0000000008001d40                LED_STEP_init
 .text.LED_STEP_SendByte
                0x0000000008001d7c       0x54 src/leds_step.o
                0x0000000008001d7c                LED_STEP_SendByte
 .text.LED_STEP_SendWord
                0x0000000008001dd0       0x30 src/leds_step.o
                0x0000000008001dd0                LED_STEP_SendWord
 .text.LED_STEP_LightStep
                0x0000000008001e00       0x60 src/leds_step.o
                0x0000000008001e00                LED_STEP_LightStep
 .text.mADC_init
                0x0000000008001e60      0x158 src/main.o
                0x0000000008001e60                mADC_init
 .text.ADCPause
                0x0000000008001fb8       0x10 src/main.o
                0x0000000008001fb8                ADCPause
 .text.mInterruptInit
                0x0000000008001fc8       0xf0 src/main.o
                0x0000000008001fc8                mInterruptInit
 .text.EXTI0_IRQHandler
                0x00000000080020b8       0x60 src/main.o
                0x00000000080020b8                EXTI0_IRQHandler
 .text.InitStart_1_SignalTimer
                0x0000000008002118       0x38 src/main.o
                0x0000000008002118                InitStart_1_SignalTimer
 .text.InitStart_2_SignalTimer
                0x0000000008002150       0x38 src/main.o
                0x0000000008002150                InitStart_2_SignalTimer
 .text.InitClear_Timer
                0x0000000008002188       0x3c src/main.o
                0x0000000008002188                InitClear_Timer
 .text.EXTI1_IRQHandler
                0x00000000080021c4       0x60 src/main.o
                0x00000000080021c4                EXTI1_IRQHandler
 .text.EXTI9_5_IRQHandler
                0x0000000008002224      0x204 src/main.o
                0x0000000008002224                EXTI9_5_IRQHandler
 .text.SaveSequence
                0x0000000008002428       0x7c src/main.o
                0x0000000008002428                SaveSequence
 .text.LoadSequence
                0x00000000080024a4      0x108 src/main.o
                0x00000000080024a4                LoadSequence
 .text.GetStepWidth
                0x00000000080025ac      0x190 src/main.o
                0x00000000080025ac                GetStepWidth
 .text.GetStepVoltage
                0x000000000800273c      0x2ac src/main.o
                0x000000000800273c                GetStepVoltage
 .text.GetNextStep
                0x00000000080029e8       0xa4 src/main.o
                0x00000000080029e8                GetNextStep
 *fill*         0x0000000008002a8c        0x4 
 .text.TIM4_IRQHandler
                0x0000000008002a90      0x588 src/main.o
                0x0000000008002a90                TIM4_IRQHandler
 .text.TIM5_IRQHandler
                0x0000000008003018      0x4e4 src/main.o
                0x0000000008003018                TIM5_IRQHandler
 .text.mTimersInit
                0x00000000080034fc      0x184 src/main.o
                0x00000000080034fc                mTimersInit
 .text.TIM8_UP_TIM13_IRQHandler
                0x0000000008003680       0x48 src/main.o
                0x0000000008003680                TIM8_UP_TIM13_IRQHandler
 .text.TIM8_TRG_COM_TIM14_IRQHandler
                0x00000000080036c8       0x4c src/main.o
                0x00000000080036c8                TIM8_TRG_COM_TIM14_IRQHandler
 .text.TIM3_IRQHandler
                0x0000000008003714       0xc0 src/main.o
                0x0000000008003714                TIM3_IRQHandler
 .text.TIM7_IRQHandler
                0x00000000080037d4       0xbc src/main.o
                0x00000000080037d4                TIM7_IRQHandler
 .text.PulsesInit
                0x0000000008003890       0x98 src/main.o
                0x0000000008003890                PulsesInit
 .text.DisplayLedsIOInit
                0x0000000008003928       0x34 src/main.o
                0x0000000008003928                DisplayLedsIOInit
 .text.InternalDACInit
                0x000000000800395c       0x74 src/main.o
                0x000000000800395c                InternalDACInit
 .text.keyb_proc
                0x00000000080039d0     0x122c src/main.o
                0x00000000080039d0                keyb_proc
 .text.UpdateModeSection
                0x0000000008004bfc      0x490 src/main.o
                0x0000000008004bfc                UpdateModeSection
 .text.UpdateStepSection
                0x000000000800508c       0x7c src/main.o
                0x000000000800508c                UpdateStepSection
 .text.Calibration
                0x0000000008005108      0x17c src/main.o
                0x0000000008005108                Calibration
 .text.delay_ms
                0x0000000008005284       0x34 src/main.o
                0x0000000008005284                delay_ms
 .text.TIM6_DAC_IRQHandler
                0x00000000080052b8      0x214 src/main.o
                0x00000000080052b8                TIM6_DAC_IRQHandler
 *fill*         0x00000000080054cc        0x4 
 .text.main     0x00000000080054d0      0x448 src/main.o
                0x00000000080054d0                main
 .text.delay_us
                0x0000000008005918       0x34 src/main.o
                0x0000000008005918                delay_us
 .text.ADC_IRQHandler
                0x000000000800594c      0x4c0 src/main.o
                0x000000000800594c                ADC_IRQHandler
 *fill*         0x0000000008005e0c        0x4 
 .text.delay_ns
                0x0000000008005e10       0x40 src/main.o
                0x0000000008005e10                delay_ns
 .text.Reset_Handler
                0x0000000008005e50       0x50 src/startup_stm32f40xx.o
                0x0000000008005e50                Reset_Handler
 .text.Default_Handler
                0x0000000008005ea0        0x2 src/startup_stm32f40xx.o
                0x0000000008005ea0                DMA1_Stream3_IRQHandler
                0x0000000008005ea0                HASH_RNG_IRQHandler
                0x0000000008005ea0                EXTI2_IRQHandler
                0x0000000008005ea0                TIM8_CC_IRQHandler
                0x0000000008005ea0                TIM1_CC_IRQHandler
                0x0000000008005ea0                DMA2_Stream5_IRQHandler
                0x0000000008005ea0                DMA1_Stream5_IRQHandler
                0x0000000008005ea0                PVD_IRQHandler
                0x0000000008005ea0                SDIO_IRQHandler
                0x0000000008005ea0                TAMP_STAMP_IRQHandler
                0x0000000008005ea0                CAN2_RX1_IRQHandler
                0x0000000008005ea0                EXTI3_IRQHandler
                0x0000000008005ea0                TIM1_UP_TIM10_IRQHandler
                0x0000000008005ea0                I2C3_ER_IRQHandler
                0x0000000008005ea0                I2C2_EV_IRQHandler
                0x0000000008005ea0                DMA1_Stream2_IRQHandler
                0x0000000008005ea0                CAN1_RX0_IRQHandler
                0x0000000008005ea0                FPU_IRQHandler
                0x0000000008005ea0                OTG_HS_WKUP_IRQHandler
                0x0000000008005ea0                CAN2_SCE_IRQHandler
                0x0000000008005ea0                DMA2_Stream2_IRQHandler
                0x0000000008005ea0                SPI1_IRQHandler
                0x0000000008005ea0                TIM1_BRK_TIM9_IRQHandler
                0x0000000008005ea0                DCMI_IRQHandler
                0x0000000008005ea0                CAN2_RX0_IRQHandler
                0x0000000008005ea0                DMA2_Stream3_IRQHandler
                0x0000000008005ea0                USART6_IRQHandler
                0x0000000008005ea0                USART3_IRQHandler
                0x0000000008005ea0                CRYP_IRQHandler
                0x0000000008005ea0                CAN1_RX1_IRQHandler
                0x0000000008005ea0                UART5_IRQHandler
                0x0000000008005ea0                DMA2_Stream0_IRQHandler
                0x0000000008005ea0                I2C1_EV_IRQHandler
                0x0000000008005ea0                DMA1_Stream6_IRQHandler
                0x0000000008005ea0                DMA1_Stream1_IRQHandler
                0x0000000008005ea0                UART4_IRQHandler
                0x0000000008005ea0                RCC_IRQHandler
                0x0000000008005ea0                TIM8_BRK_TIM12_IRQHandler
                0x0000000008005ea0                Default_Handler
                0x0000000008005ea0                EXTI15_10_IRQHandler
                0x0000000008005ea0                DMA1_Stream7_IRQHandler
                0x0000000008005ea0                CAN2_TX_IRQHandler
                0x0000000008005ea0                DMA2_Stream7_IRQHandler
                0x0000000008005ea0                I2C3_EV_IRQHandler
                0x0000000008005ea0                RTC_WKUP_IRQHandler
                0x0000000008005ea0                ETH_WKUP_IRQHandler
                0x0000000008005ea0                SPI2_IRQHandler
                0x0000000008005ea0                OTG_HS_EP1_IN_IRQHandler
                0x0000000008005ea0                DMA1_Stream0_IRQHandler
                0x0000000008005ea0                CAN1_TX_IRQHandler
                0x0000000008005ea0                EXTI4_IRQHandler
                0x0000000008005ea0                FSMC_IRQHandler
                0x0000000008005ea0                ETH_IRQHandler
                0x0000000008005ea0                OTG_HS_EP1_OUT_IRQHandler
                0x0000000008005ea0                WWDG_IRQHandler
                0x0000000008005ea0                TIM2_IRQHandler
                0x0000000008005ea0                OTG_FS_WKUP_IRQHandler
                0x0000000008005ea0                TIM1_TRG_COM_TIM11_IRQHandler
                0x0000000008005ea0                OTG_HS_IRQHandler
                0x0000000008005ea0                USART2_IRQHandler
                0x0000000008005ea0                I2C2_ER_IRQHandler
                0x0000000008005ea0                DMA2_Stream1_IRQHandler
                0x0000000008005ea0                CAN1_SCE_IRQHandler
                0x0000000008005ea0                FLASH_IRQHandler
                0x0000000008005ea0                DMA2_Stream4_IRQHandler
                0x0000000008005ea0                USART1_IRQHandler
                0x0000000008005ea0                OTG_FS_IRQHandler
                0x0000000008005ea0                SPI3_IRQHandler
                0x0000000008005ea0                DMA1_Stream4_IRQHandler
                0x0000000008005ea0                I2C1_ER_IRQHandler
                0x0000000008005ea0                DMA2_Stream6_IRQHandler
                0x0000000008005ea0                RTC_Alarm_IRQHandler
 .text.NMI_Handler
                0x0000000008005ea2        0x2 src/stm32f4xx_it.o
                0x0000000008005ea2                NMI_Handler
 .text.HardFault_Handler
                0x0000000008005ea4        0x2 src/stm32f4xx_it.o
                0x0000000008005ea4                HardFault_Handler
 .text.MemManage_Handler
                0x0000000008005ea6        0x2 src/stm32f4xx_it.o
                0x0000000008005ea6                MemManage_Handler
 .text.BusFault_Handler
                0x0000000008005ea8        0x2 src/stm32f4xx_it.o
                0x0000000008005ea8                BusFault_Handler
 .text.UsageFault_Handler
                0x0000000008005eaa        0x2 src/stm32f4xx_it.o
                0x0000000008005eaa                UsageFault_Handler
 .text.SVC_Handler
                0x0000000008005eac        0x2 src/stm32f4xx_it.o
                0x0000000008005eac                SVC_Handler
 .text.DebugMon_Handler
                0x0000000008005eae        0x2 src/stm32f4xx_it.o
                0x0000000008005eae                DebugMon_Handler
 .text.PendSV_Handler
                0x0000000008005eb0        0x2 src/stm32f4xx_it.o
                0x0000000008005eb0                PendSV_Handler
 .text.SysTick_Handler
                0x0000000008005eb2        0x2 src/stm32f4xx_it.o
                0x0000000008005eb2                SysTick_Handler
 .text._write   0x0000000008005eb4       0x50 src/syscalls.o
                0x0000000008005eb4                _write
 .text.SetSysClock
                0x0000000008005f04       0xc4 src/system_stm32f4xx.o
 .text.SystemInit
                0x0000000008005fc8       0x50 src/system_stm32f4xx.o
                0x0000000008005fc8                SystemInit
 .text.ts_itoa  0x0000000008006018       0x40 src/tiny_printf.o
                0x0000000008006018                ts_itoa
 .text.ts_formatstring
                0x0000000008006058       0xdc src/tiny_printf.o
                0x0000000008006058                ts_formatstring
 .text.ts_formatlength
                0x0000000008006134       0x8e src/tiny_printf.o
                0x0000000008006134                ts_formatlength
 .text.iprintf  0x00000000080061c2       0x46 src/tiny_printf.o
                0x00000000080061c2                printf
                0x00000000080061c2                iprintf
 .text.__libc_init_array
                0x0000000008006208       0x48 /Applications/STM32CubeIDE.app/Contents/Eclipse/plugins/com.st.stm32cube.ide.mcu.externaltools.gnu-tools-for-stm32.7-2018-q2-update.macos64_1.0.0.201904181610/tools/bin/../lib/gcc/arm-none-eabi/7.3.1/../../../../arm-none-eabi/lib/thumb/v7e-m/fpv4-sp/hard/libc_nano.a(lib_a-init.o)
                0x0000000008006208                __libc_init_array
 *(.glue_7)
 .glue_7        0x0000000008006250        0x0 linker stubs
 *(.glue_7t)
 .glue_7t       0x0000000008006250        0x0 linker stubs
 *(.eh_frame)
 .eh_frame      0x0000000008006250        0x0 /Applications/STM32CubeIDE.app/Contents/Eclipse/plugins/com.st.stm32cube.ide.mcu.externaltools.gnu-tools-for-stm32.7-2018-q2-update.macos64_1.0.0.201904181610/tools/bin/../lib/gcc/arm-none-eabi/7.3.1/thumb/v7e-m/fpv4-sp/hard/crtbegin.o
 *(.init)
 .init          0x0000000008006250        0x4 /Applications/STM32CubeIDE.app/Contents/Eclipse/plugins/com.st.stm32cube.ide.mcu.externaltools.gnu-tools-for-stm32.7-2018-q2-update.macos64_1.0.0.201904181610/tools/bin/../lib/gcc/arm-none-eabi/7.3.1/thumb/v7e-m/fpv4-sp/hard/crti.o
                0x0000000008006250                _init
 .init          0x0000000008006254        0x8 /Applications/STM32CubeIDE.app/Contents/Eclipse/plugins/com.st.stm32cube.ide.mcu.externaltools.gnu-tools-for-stm32.7-2018-q2-update.macos64_1.0.0.201904181610/tools/bin/../lib/gcc/arm-none-eabi/7.3.1/thumb/v7e-m/fpv4-sp/hard/crtn.o
 *(.fini)
 .fini          0x000000000800625c        0x4 /Applications/STM32CubeIDE.app/Contents/Eclipse/plugins/com.st.stm32cube.ide.mcu.externaltools.gnu-tools-for-stm32.7-2018-q2-update.macos64_1.0.0.201904181610/tools/bin/../lib/gcc/arm-none-eabi/7.3.1/thumb/v7e-m/fpv4-sp/hard/crti.o
                0x000000000800625c                _fini
 .fini          0x0000000008006260        0x8 /Applications/STM32CubeIDE.app/Contents/Eclipse/plugins/com.st.stm32cube.ide.mcu.externaltools.gnu-tools-for-stm32.7-2018-q2-update.macos64_1.0.0.201904181610/tools/bin/../lib/gcc/arm-none-eabi/7.3.1/thumb/v7e-m/fpv4-sp/hard/crtn.o
                0x0000000008006268                . = ALIGN (0x4)
                0x0000000008006268                _etext = .

.vfp11_veneer   0x0000000008006268        0x0
 .vfp11_veneer  0x0000000008006268        0x0 linker stubs

.v4_bx          0x0000000008006268        0x0
 .v4_bx         0x0000000008006268        0x0 linker stubs

.iplt           0x0000000008006268        0x0
 .iplt          0x0000000008006268        0x0 /Applications/STM32CubeIDE.app/Contents/Eclipse/plugins/com.st.stm32cube.ide.mcu.externaltools.gnu-tools-for-stm32.7-2018-q2-update.macos64_1.0.0.201904181610/tools/bin/../lib/gcc/arm-none-eabi/7.3.1/thumb/v7e-m/fpv4-sp/hard/crtbegin.o

.rodata         0x0000000008006268       0x28
                0x0000000008006268                . = ALIGN (0x4)
 *(.rodata)
 *(.rodata*)
 .rodata.TIM4_IRQHandler.str1.4
                0x0000000008006268       0x28 src/main.o
                                         0x26 (size before relaxing)
                0x0000000008006290                . = ALIGN (0x4)

.ARM.extab
 *(.ARM.extab* .gnu.linkonce.armextab.*)

.ARM            0x0000000008006290        0x8
                0x0000000008006290                __exidx_start = .
 *(.ARM.exidx*)
 .ARM.exidx     0x0000000008006290        0x8 /Applications/STM32CubeIDE.app/Contents/Eclipse/plugins/com.st.stm32cube.ide.mcu.externaltools.gnu-tools-for-stm32.7-2018-q2-update.macos64_1.0.0.201904181610/tools/bin/../lib/gcc/arm-none-eabi/7.3.1/thumb/v7e-m/fpv4-sp/hard/libgcc.a(_udivmoddi4.o)
                0x0000000008006298                __exidx_end = .

.rel.dyn        0x0000000008006298        0x0
 .rel.iplt      0x0000000008006298        0x0 /Applications/STM32CubeIDE.app/Contents/Eclipse/plugins/com.st.stm32cube.ide.mcu.externaltools.gnu-tools-for-stm32.7-2018-q2-update.macos64_1.0.0.201904181610/tools/bin/../lib/gcc/arm-none-eabi/7.3.1/thumb/v7e-m/fpv4-sp/hard/crtbegin.o

.preinit_array  0x0000000008006298        0x0
                0x0000000008006298                PROVIDE (__preinit_array_start = .)
 *(.preinit_array*)
                0x0000000008006298                PROVIDE (__preinit_array_end = .)

.init_array     0x0000000008006298        0x4
                0x0000000008006298                PROVIDE (__init_array_start = .)
 *(SORT_BY_NAME(.init_array.*))
 *(.init_array*)
 .init_array    0x0000000008006298        0x4 /Applications/STM32CubeIDE.app/Contents/Eclipse/plugins/com.st.stm32cube.ide.mcu.externaltools.gnu-tools-for-stm32.7-2018-q2-update.macos64_1.0.0.201904181610/tools/bin/../lib/gcc/arm-none-eabi/7.3.1/thumb/v7e-m/fpv4-sp/hard/crtbegin.o
                0x000000000800629c                PROVIDE (__init_array_end = .)

.fini_array     0x000000000800629c        0x4
                [!provide]                        PROVIDE (__fini_array_start = .)
 *(SORT_BY_NAME(.fini_array.*))
 *(.fini_array*)
 .fini_array    0x000000000800629c        0x4 /Applications/STM32CubeIDE.app/Contents/Eclipse/plugins/com.st.stm32cube.ide.mcu.externaltools.gnu-tools-for-stm32.7-2018-q2-update.macos64_1.0.0.201904181610/tools/bin/../lib/gcc/arm-none-eabi/7.3.1/thumb/v7e-m/fpv4-sp/hard/crtbegin.o
                [!provide]                        PROVIDE (__fini_array_end = .)
                0x00000000080062a0                _sidata = LOADADDR (.data)

.data           0x0000000020000000      0x27c load address 0x00000000080062a0
                0x0000000020000000                . = ALIGN (0x4)
                0x0000000020000000                _sdata = .
 *(.data)
 *(.data*)
 .data.APBAHBPrescTable
                0x0000000020000000       0x10 Libraries/STM32F4xx_StdPeriph_Driver/src/stm32f4xx_rcc.o
 .data.ChSelData
                0x0000000020000010      0x240 src/adc_pots_selector.o
                0x0000000020000010                ChSelData
 .data.CalConstants
                0x0000000020000250       0x20 src/main.o
                0x0000000020000250                CalConstants
 .data.bank     0x0000000020000270        0x1 src/main.o
                0x0000000020000270                bank
 *fill*         0x0000000020000271        0x3 
 .data.pots_step
                0x0000000020000274        0x2 src/main.o
                0x0000000020000274                pots_step
 *fill*         0x0000000020000276        0x2 
 .data.previous_step
                0x0000000020000278        0x2 src/main.o
                0x0000000020000278                previous_step
                0x000000002000027c                . = ALIGN (0x4)
 *fill*         0x000000002000027a        0x2 
                0x000000002000027c                _edata = .
                0x000000000800651c                _siccmram = LOADADDR (.ccmram)

.igot.plt       0x000000002000027c        0x0 load address 0x000000000800651c
 .igot.plt      0x000000002000027c        0x0 /Applications/STM32CubeIDE.app/Contents/Eclipse/plugins/com.st.stm32cube.ide.mcu.externaltools.gnu-tools-for-stm32.7-2018-q2-update.macos64_1.0.0.201904181610/tools/bin/../lib/gcc/arm-none-eabi/7.3.1/thumb/v7e-m/fpv4-sp/hard/crtbegin.o

.ccmram         0x0000000010000000        0x0 load address 0x000000000800651c
                0x0000000010000000                . = ALIGN (0x4)
                0x0000000010000000                _sccmram = .
 *(.ccmram)
 *(.ccmram*)
                0x0000000010000000                . = ALIGN (0x4)
                0x0000000010000000                _eccmram = .
                0x0000000010000000                . = ALIGN (0x4)

.bss            0x0000000020000280      0x8b4
                0x0000000020000280                _sbss = .
                0x0000000020000280                __bss_start__ = _sbss
 *(.bss)
 .bss           0x0000000020000280       0x1c /Applications/STM32CubeIDE.app/Contents/Eclipse/plugins/com.st.stm32cube.ide.mcu.externaltools.gnu-tools-for-stm32.7-2018-q2-update.macos64_1.0.0.201904181610/tools/bin/../lib/gcc/arm-none-eabi/7.3.1/thumb/v7e-m/fpv4-sp/hard/crtbegin.o
 *(.bss*)
 .bss.ADC_POT_sel_cnt
                0x000000002000029c        0x1 src/main.o
                0x000000002000029c                ADC_POT_sel_cnt
 *fill*         0x000000002000029d        0x3 
 .bss.PreviousStep
                0x00000000200002a0        0x4 src/main.o
                0x00000000200002a0                PreviousStep
 .bss.PreviousStep_2
                0x00000000200002a4        0x4 src/main.o
                0x00000000200002a4                PreviousStep_2
 .bss.advanced_counter_1
                0x00000000200002a8        0x1 src/main.o
                0x00000000200002a8                advanced_counter_1
 .bss.advanced_counter_2
                0x00000000200002a9        0x1 src/main.o
                0x00000000200002a9                advanced_counter_2
 .bss.clear_counter1.10828
                0x00000000200002aa        0x1 src/main.o
 .bss.clear_counter2.10829
                0x00000000200002ab        0x1 src/main.o
 .bss.counterL  0x00000000200002ac        0x2 src/main.o
                0x00000000200002ac                counterL
 .bss.counterR  0x00000000200002ae        0x2 src/main.o
                0x00000000200002ae                counterR
 .bss.gDisplayMode
                0x00000000200002b0        0x1 src/main.o
                0x00000000200002b0                gDisplayMode
 .bss.gEditModeStepNum
                0x00000000200002b1        0x1 src/main.o
                0x00000000200002b1                gEditModeStepNum
 *fill*         0x00000000200002b2        0x2 
 .bss.gFullStepWidth_1
                0x00000000200002b4        0x4 src/main.o
 .bss.gFullStepWidth_2
                0x00000000200002b8        0x4 src/main.o
 .bss.gKeysNotValid
                0x00000000200002bc        0x1 src/main.o
                0x00000000200002bc                gKeysNotValid
 .bss.gPrevSequencerMode_1
                0x00000000200002bd        0x1 src/main.o
                0x00000000200002bd                gPrevSequencerMode_1
 .bss.gPrevSequencerMode_2
                0x00000000200002be        0x1 src/main.o
                0x00000000200002be                gPrevSequencerMode_2
 .bss.gSequenceStepNumber_1
                0x00000000200002bf        0x1 src/main.o
                0x00000000200002bf                gSequenceStepNumber_1
 .bss.gSequenceStepNumber_2
                0x00000000200002c0        0x1 src/main.o
                0x00000000200002c0                gSequenceStepNumber_2
 .bss.gSequencerMode_1
                0x00000000200002c1        0x1 src/main.o
                0x00000000200002c1                gSequencerMode_1
 .bss.gSequencerMode_2
                0x00000000200002c2        0x1 src/main.o
                0x00000000200002c2                gSequencerMode_2
 *fill*         0x00000000200002c3        0x1 
 .bss.gStepWidth_1
                0x00000000200002c4        0x4 src/main.o
 .bss.gStepWidth_2
                0x00000000200002c8        0x4 src/main.o
 .bss.key_locked
                0x00000000200002cc        0x1 src/main.o
                0x00000000200002cc                key_locked
 *fill*         0x00000000200002cd        0x3 
 .bss.load_counter
                0x00000000200002d0        0x4 src/main.o
                0x00000000200002d0                load_counter
 .bss.save_counter
                0x00000000200002d4        0x4 src/main.o
                0x00000000200002d4                save_counter
 .bss.strobe_banana_flag1
                0x00000000200002d8        0x1 src/main.o
                0x00000000200002d8                strobe_banana_flag1
 .bss.strobe_banana_flag2
                0x00000000200002d9        0x1 src/main.o
                0x00000000200002d9                strobe_banana_flag2
 *(COMMON)
 *fill*         0x00000000200002da        0x6 
 COMMON         0x00000000200002e0      0x854 src/main.o
                0x00000000200002e0                acc
                0x00000000200002e8                gDipConfig
                0x00000000200002ec                ADC_result
                0x00000000200002f0                DisplayUpdateFlags
                0x00000000200002f4                average_array
                0x00000000200007f4                i
                0x00000000200007f8                AddData
                0x0000000020000818                average_index
                0x0000000020000898                divider
                0x000000002000089c                readings
                0x00000000200008a0                offset
                0x00000000200008a4                Steps
                0x0000000020000aa4                steps_lp
                0x0000000020000b24                RCC_Clocks
                0x0000000020000b34                . = ALIGN (0x4)
                0x0000000020000b34                _ebss = .
                0x0000000020000b34                __bss_end__ = _ebss

._user_heap_stack
                0x0000000020000b34      0x400
                0x0000000020000b34                . = ALIGN (0x4)
                0x0000000020000b34                PROVIDE (end = .)
                [!provide]                        PROVIDE (_end = .)
                0x0000000020000b34                . = (. + _Min_Heap_Size)
                0x0000000020000f34                . = (. + _Min_Stack_Size)
 *fill*         0x0000000020000b34      0x400 
                0x0000000020000f34                . = ALIGN (0x4)

.memory_b1_text
 *(.mb1text)
 *(.mb1text*)
 *(.mb1rodata)
 *(.mb1rodata*)

/DISCARD/
 libc.a(*)
 libm.a(*)
 libgcc.a(*)

.ARM.attributes
                0x0000000000000000       0x30
 *(.ARM.attributes)
 .ARM.attributes
                0x0000000000000000       0x22 /Applications/STM32CubeIDE.app/Contents/Eclipse/plugins/com.st.stm32cube.ide.mcu.externaltools.gnu-tools-for-stm32.7-2018-q2-update.macos64_1.0.0.201904181610/tools/bin/../lib/gcc/arm-none-eabi/7.3.1/thumb/v7e-m/fpv4-sp/hard/crti.o
 .ARM.attributes
                0x0000000000000022       0x34 /Applications/STM32CubeIDE.app/Contents/Eclipse/plugins/com.st.stm32cube.ide.mcu.externaltools.gnu-tools-for-stm32.7-2018-q2-update.macos64_1.0.0.201904181610/tools/bin/../lib/gcc/arm-none-eabi/7.3.1/thumb/v7e-m/fpv4-sp/hard/crtbegin.o
 .ARM.attributes
                0x0000000000000056       0x39 Libraries/STM32F4xx_StdPeriph_Driver/src/misc.o
 .ARM.attributes
                0x000000000000008f       0x39 Libraries/STM32F4xx_StdPeriph_Driver/src/stm32f4xx_adc.o
 .ARM.attributes
                0x00000000000000c8       0x39 Libraries/STM32F4xx_StdPeriph_Driver/src/stm32f4xx_dac.o
 .ARM.attributes
                0x0000000000000101       0x39 Libraries/STM32F4xx_StdPeriph_Driver/src/stm32f4xx_exti.o
 .ARM.attributes
                0x000000000000013a       0x39 Libraries/STM32F4xx_StdPeriph_Driver/src/stm32f4xx_gpio.o
 .ARM.attributes
                0x0000000000000173       0x39 Libraries/STM32F4xx_StdPeriph_Driver/src/stm32f4xx_rcc.o
 .ARM.attributes
                0x00000000000001ac       0x39 Libraries/STM32F4xx_StdPeriph_Driver/src/stm32f4xx_spi.o
 .ARM.attributes
                0x00000000000001e5       0x39 Libraries/STM32F4xx_StdPeriph_Driver/src/stm32f4xx_syscfg.o
 .ARM.attributes
                0x000000000000021e       0x39 Libraries/STM32F4xx_StdPeriph_Driver/src/stm32f4xx_tim.o
 .ARM.attributes
                0x0000000000000257       0x39 src/CAT25512.o
 .ARM.attributes
                0x0000000000000290       0x39 src/HC165.o
 .ARM.attributes
                0x00000000000002c9       0x39 src/MAX5135.o
 .ARM.attributes
                0x0000000000000302       0x39 src/adc_pots_selector.o
 .ARM.attributes
                0x000000000000033b       0x39 src/dip_config.o
 .ARM.attributes
                0x0000000000000374       0x39 src/expander.o
 .ARM.attributes
                0x00000000000003ad       0x39 src/leds_modes.o
 .ARM.attributes
                0x00000000000003e6       0x39 src/leds_step.o
 .ARM.attributes
                0x000000000000041f       0x39 src/main.o
 .ARM.attributes
                0x0000000000000458       0x21 src/startup_stm32f40xx.o
 .ARM.attributes
                0x0000000000000479       0x39 src/stm32f4xx_it.o
 .ARM.attributes
                0x00000000000004b2       0x39 src/syscalls.o
 .ARM.attributes
                0x00000000000004eb       0x39 src/system_stm32f4xx.o
 .ARM.attributes
                0x0000000000000524       0x39 src/tiny_printf.o
 .ARM.attributes
                0x000000000000055d       0x34 /Applications/STM32CubeIDE.app/Contents/Eclipse/plugins/com.st.stm32cube.ide.mcu.externaltools.gnu-tools-for-stm32.7-2018-q2-update.macos64_1.0.0.201904181610/tools/bin/../lib/gcc/arm-none-eabi/7.3.1/../../../../arm-none-eabi/lib/thumb/v7e-m/fpv4-sp/hard/libc_nano.a(lib_a-init.o)
 .ARM.attributes
                0x0000000000000591       0x22 /Applications/STM32CubeIDE.app/Contents/Eclipse/plugins/com.st.stm32cube.ide.mcu.externaltools.gnu-tools-for-stm32.7-2018-q2-update.macos64_1.0.0.201904181610/tools/bin/../lib/gcc/arm-none-eabi/7.3.1/thumb/v7e-m/fpv4-sp/hard/libgcc.a(_arm_addsubdf3.o)
 .ARM.attributes
                0x00000000000005b3       0x22 /Applications/STM32CubeIDE.app/Contents/Eclipse/plugins/com.st.stm32cube.ide.mcu.externaltools.gnu-tools-for-stm32.7-2018-q2-update.macos64_1.0.0.201904181610/tools/bin/../lib/gcc/arm-none-eabi/7.3.1/thumb/v7e-m/fpv4-sp/hard/libgcc.a(_arm_muldivdf3.o)
 .ARM.attributes
                0x00000000000005d5       0x22 /Applications/STM32CubeIDE.app/Contents/Eclipse/plugins/com.st.stm32cube.ide.mcu.externaltools.gnu-tools-for-stm32.7-2018-q2-update.macos64_1.0.0.201904181610/tools/bin/../lib/gcc/arm-none-eabi/7.3.1/thumb/v7e-m/fpv4-sp/hard/libgcc.a(_arm_fixunsdfsi.o)
 .ARM.attributes
                0x00000000000005f7       0x22 /Applications/STM32CubeIDE.app/Contents/Eclipse/plugins/com.st.stm32cube.ide.mcu.externaltools.gnu-tools-for-stm32.7-2018-q2-update.macos64_1.0.0.201904181610/tools/bin/../lib/gcc/arm-none-eabi/7.3.1/thumb/v7e-m/fpv4-sp/hard/libgcc.a(_aeabi_ldivmod.o)
 .ARM.attributes
                0x0000000000000619       0x34 /Applications/STM32CubeIDE.app/Contents/Eclipse/plugins/com.st.stm32cube.ide.mcu.externaltools.gnu-tools-for-stm32.7-2018-q2-update.macos64_1.0.0.201904181610/tools/bin/../lib/gcc/arm-none-eabi/7.3.1/thumb/v7e-m/fpv4-sp/hard/libgcc.a(_udivmoddi4.o)
 .ARM.attributes
                0x000000000000064d       0x22 /Applications/STM32CubeIDE.app/Contents/Eclipse/plugins/com.st.stm32cube.ide.mcu.externaltools.gnu-tools-for-stm32.7-2018-q2-update.macos64_1.0.0.201904181610/tools/bin/../lib/gcc/arm-none-eabi/7.3.1/thumb/v7e-m/fpv4-sp/hard/libgcc.a(_dvmd_tls.o)
 .ARM.attributes
                0x000000000000066f       0x22 /Applications/STM32CubeIDE.app/Contents/Eclipse/plugins/com.st.stm32cube.ide.mcu.externaltools.gnu-tools-for-stm32.7-2018-q2-update.macos64_1.0.0.201904181610/tools/bin/../lib/gcc/arm-none-eabi/7.3.1/thumb/v7e-m/fpv4-sp/hard/crtn.o
OUTPUT(caal3.elf elf32-littlearm)

.debug_info     0x0000000000000000    0x12ca6
 .debug_info    0x0000000000000000      0x54f Libraries/STM32F4xx_StdPeriph_Driver/src/misc.o
 .debug_info    0x000000000000054f      0xc91 Libraries/STM32F4xx_StdPeriph_Driver/src/stm32f4xx_adc.o
 .debug_info    0x00000000000011e0      0x6a7 Libraries/STM32F4xx_StdPeriph_Driver/src/stm32f4xx_dac.o
 .debug_info    0x0000000000001887      0x36a Libraries/STM32F4xx_StdPeriph_Driver/src/stm32f4xx_exti.o
 .debug_info    0x0000000000001bf1      0x7ee Libraries/STM32F4xx_StdPeriph_Driver/src/stm32f4xx_gpio.o
 .debug_info    0x00000000000023df      0xcce Libraries/STM32F4xx_StdPeriph_Driver/src/stm32f4xx_rcc.o
 .debug_info    0x00000000000030ad      0xc6c Libraries/STM32F4xx_StdPeriph_Driver/src/stm32f4xx_spi.o
 .debug_info    0x0000000000003d19      0x2c4 Libraries/STM32F4xx_StdPeriph_Driver/src/stm32f4xx_syscfg.o
 .debug_info    0x0000000000003fdd     0x2109 Libraries/STM32F4xx_StdPeriph_Driver/src/stm32f4xx_tim.o
 .debug_info    0x00000000000060e6      0xe61 src/CAT25512.o
 .debug_info    0x0000000000006f47      0xe71 src/HC165.o
 .debug_info    0x0000000000007db8      0x79c src/MAX5135.o
 .debug_info    0x0000000000008554      0xc4c src/adc_pots_selector.o
 .debug_info    0x00000000000091a0      0x43a src/dip_config.o
 .debug_info    0x00000000000095da      0x407 src/expander.o
 .debug_info    0x00000000000099e1      0xf56 src/leds_modes.o
 .debug_info    0x000000000000a937      0xdb8 src/leds_step.o
 .debug_info    0x000000000000b6ef     0x4cfc src/main.o
 .debug_info    0x00000000000103eb       0x22 src/startup_stm32f40xx.o
 .debug_info    0x000000000001040d      0x151 src/stm32f4xx_it.o
 .debug_info    0x000000000001055e     0x1307 src/syscalls.o
 .debug_info    0x0000000000011865      0x5ea src/system_stm32f4xx.o
 .debug_info    0x0000000000011e4f      0xe57 src/tiny_printf.o

.debug_abbrev   0x0000000000000000     0x2c7e
 .debug_abbrev  0x0000000000000000      0x186 Libraries/STM32F4xx_StdPeriph_Driver/src/misc.o
 .debug_abbrev  0x0000000000000186      0x1eb Libraries/STM32F4xx_StdPeriph_Driver/src/stm32f4xx_adc.o
 .debug_abbrev  0x0000000000000371      0x1e0 Libraries/STM32F4xx_StdPeriph_Driver/src/stm32f4xx_dac.o
 .debug_abbrev  0x0000000000000551      0x1e1 Libraries/STM32F4xx_StdPeriph_Driver/src/stm32f4xx_exti.o
 .debug_abbrev  0x0000000000000732      0x1fa Libraries/STM32F4xx_StdPeriph_Driver/src/stm32f4xx_gpio.o
 .debug_abbrev  0x000000000000092c      0x223 Libraries/STM32F4xx_StdPeriph_Driver/src/stm32f4xx_rcc.o
 .debug_abbrev  0x0000000000000b4f      0x1c5 Libraries/STM32F4xx_StdPeriph_Driver/src/stm32f4xx_spi.o
 .debug_abbrev  0x0000000000000d14      0x177 Libraries/STM32F4xx_StdPeriph_Driver/src/stm32f4xx_syscfg.o
 .debug_abbrev  0x0000000000000e8b      0x1d6 Libraries/STM32F4xx_StdPeriph_Driver/src/stm32f4xx_tim.o
 .debug_abbrev  0x0000000000001061      0x1c0 src/CAT25512.o
 .debug_abbrev  0x0000000000001221      0x25c src/HC165.o
 .debug_abbrev  0x000000000000147d      0x17b src/MAX5135.o
 .debug_abbrev  0x00000000000015f8      0x242 src/adc_pots_selector.o
 .debug_abbrev  0x000000000000183a      0x1ce src/dip_config.o
 .debug_abbrev  0x0000000000001a08      0x1e8 src/expander.o
 .debug_abbrev  0x0000000000001bf0      0x244 src/leds_modes.o
 .debug_abbrev  0x0000000000001e34      0x242 src/leds_step.o
 .debug_abbrev  0x0000000000002076      0x413 src/main.o
 .debug_abbrev  0x0000000000002489       0x12 src/startup_stm32f40xx.o
 .debug_abbrev  0x000000000000249b       0x7b src/stm32f4xx_it.o
 .debug_abbrev  0x0000000000002516      0x2ef src/syscalls.o
 .debug_abbrev  0x0000000000002805      0x177 src/system_stm32f4xx.o
 .debug_abbrev  0x000000000000297c      0x302 src/tiny_printf.o

.debug_loc      0x0000000000000000     0x5e29
 .debug_loc     0x0000000000000000      0x128 Libraries/STM32F4xx_StdPeriph_Driver/src/misc.o
 .debug_loc     0x0000000000000128      0x919 Libraries/STM32F4xx_StdPeriph_Driver/src/stm32f4xx_adc.o
 .debug_loc     0x0000000000000a41      0x55c Libraries/STM32F4xx_StdPeriph_Driver/src/stm32f4xx_dac.o
 .debug_loc     0x0000000000000f9d      0x170 Libraries/STM32F4xx_StdPeriph_Driver/src/stm32f4xx_exti.o
 .debug_loc     0x000000000000110d      0x3a9 Libraries/STM32F4xx_StdPeriph_Driver/src/stm32f4xx_gpio.o
 .debug_loc     0x00000000000014b6      0xa3b Libraries/STM32F4xx_StdPeriph_Driver/src/stm32f4xx_rcc.o
 .debug_loc     0x0000000000001ef1      0x736 Libraries/STM32F4xx_StdPeriph_Driver/src/stm32f4xx_spi.o
 .debug_loc     0x0000000000002627       0x9b Libraries/STM32F4xx_StdPeriph_Driver/src/stm32f4xx_syscfg.o
 .debug_loc     0x00000000000026c2     0x18f5 Libraries/STM32F4xx_StdPeriph_Driver/src/stm32f4xx_tim.o
 .debug_loc     0x0000000000003fb7      0x21d src/CAT25512.o
 .debug_loc     0x00000000000041d4       0xb2 src/HC165.o
 .debug_loc     0x0000000000004286      0x136 src/MAX5135.o
 .debug_loc     0x00000000000043bc       0xb2 src/adc_pots_selector.o
 .debug_loc     0x000000000000446e       0x1e src/dip_config.o
 .debug_loc     0x000000000000448c       0xc1 src/leds_modes.o
 .debug_loc     0x000000000000454d      0x139 src/leds_step.o
 .debug_loc     0x0000000000004686      0xda4 src/main.o
 .debug_loc     0x000000000000542a      0x3af src/syscalls.o
 .debug_loc     0x00000000000057d9      0x13e src/system_stm32f4xx.o
 .debug_loc     0x0000000000005917      0x512 src/tiny_printf.o

.debug_aranges  0x0000000000000000      0xda0
 .debug_aranges
                0x0000000000000000       0x40 Libraries/STM32F4xx_StdPeriph_Driver/src/misc.o
 .debug_aranges
                0x0000000000000040      0x148 Libraries/STM32F4xx_StdPeriph_Driver/src/stm32f4xx_adc.o
 .debug_aranges
                0x0000000000000188       0xa0 Libraries/STM32F4xx_StdPeriph_Driver/src/stm32f4xx_dac.o
 .debug_aranges
                0x0000000000000228       0x58 Libraries/STM32F4xx_StdPeriph_Driver/src/stm32f4xx_exti.o
 .debug_aranges
                0x0000000000000280       0x88 Libraries/STM32F4xx_StdPeriph_Driver/src/stm32f4xx_gpio.o
 .debug_aranges
                0x0000000000000308      0x180 Libraries/STM32F4xx_StdPeriph_Driver/src/stm32f4xx_rcc.o
 .debug_aranges
                0x0000000000000488       0xe0 Libraries/STM32F4xx_StdPeriph_Driver/src/stm32f4xx_spi.o
 .debug_aranges
                0x0000000000000568       0x48 Libraries/STM32F4xx_StdPeriph_Driver/src/stm32f4xx_syscfg.o
 .debug_aranges
                0x00000000000005b0      0x2f8 Libraries/STM32F4xx_StdPeriph_Driver/src/stm32f4xx_tim.o
 .debug_aranges
                0x00000000000008a8       0x70 src/CAT25512.o
 .debug_aranges
                0x0000000000000918       0x48 src/HC165.o
 .debug_aranges
                0x0000000000000960       0x38 src/MAX5135.o
 .debug_aranges
                0x0000000000000998       0x38 src/adc_pots_selector.o
 .debug_aranges
                0x00000000000009d0       0x28 src/dip_config.o
 .debug_aranges
                0x00000000000009f8       0x28 src/expander.o
 .debug_aranges
                0x0000000000000a20       0x38 src/leds_modes.o
 .debug_aranges
                0x0000000000000a58       0x38 src/leds_step.o
 .debug_aranges
                0x0000000000000a90      0x130 src/main.o
 .debug_aranges
                0x0000000000000bc0       0x28 src/startup_stm32f40xx.o
 .debug_aranges
                0x0000000000000be8       0x60 src/stm32f4xx_it.o
 .debug_aranges
                0x0000000000000c48       0xc8 src/syscalls.o
 .debug_aranges
                0x0000000000000d10       0x30 src/system_stm32f4xx.o
 .debug_aranges
                0x0000000000000d40       0x60 src/tiny_printf.o

.debug_ranges   0x0000000000000000      0xc68
 .debug_ranges  0x0000000000000000       0x30 Libraries/STM32F4xx_StdPeriph_Driver/src/misc.o
 .debug_ranges  0x0000000000000030      0x138 Libraries/STM32F4xx_StdPeriph_Driver/src/stm32f4xx_adc.o
 .debug_ranges  0x0000000000000168       0x90 Libraries/STM32F4xx_StdPeriph_Driver/src/stm32f4xx_dac.o
 .debug_ranges  0x00000000000001f8       0x48 Libraries/STM32F4xx_StdPeriph_Driver/src/stm32f4xx_exti.o
 .debug_ranges  0x0000000000000240       0x78 Libraries/STM32F4xx_StdPeriph_Driver/src/stm32f4xx_gpio.o
 .debug_ranges  0x00000000000002b8      0x170 Libraries/STM32F4xx_StdPeriph_Driver/src/stm32f4xx_rcc.o
 .debug_ranges  0x0000000000000428       0xd0 Libraries/STM32F4xx_StdPeriph_Driver/src/stm32f4xx_spi.o
 .debug_ranges  0x00000000000004f8       0x38 Libraries/STM32F4xx_StdPeriph_Driver/src/stm32f4xx_syscfg.o
 .debug_ranges  0x0000000000000530      0x2e8 Libraries/STM32F4xx_StdPeriph_Driver/src/stm32f4xx_tim.o
 .debug_ranges  0x0000000000000818       0x60 src/CAT25512.o
 .debug_ranges  0x0000000000000878       0x38 src/HC165.o
 .debug_ranges  0x00000000000008b0       0x28 src/MAX5135.o
 .debug_ranges  0x00000000000008d8       0x28 src/adc_pots_selector.o
 .debug_ranges  0x0000000000000900       0x18 src/dip_config.o
 .debug_ranges  0x0000000000000918       0x18 src/expander.o
 .debug_ranges  0x0000000000000930       0x28 src/leds_modes.o
 .debug_ranges  0x0000000000000958       0x28 src/leds_step.o
 .debug_ranges  0x0000000000000980      0x120 src/main.o
 .debug_ranges  0x0000000000000aa0       0x20 src/startup_stm32f40xx.o
 .debug_ranges  0x0000000000000ac0       0x50 src/stm32f4xx_it.o
 .debug_ranges  0x0000000000000b10       0xb8 src/syscalls.o
 .debug_ranges  0x0000000000000bc8       0x20 src/system_stm32f4xx.o
 .debug_ranges  0x0000000000000be8       0x80 src/tiny_printf.o

.debug_macro    0x0000000000000000    0x14024
 .debug_macro   0x0000000000000000      0x1c6 Libraries/STM32F4xx_StdPeriph_Driver/src/misc.o
 .debug_macro   0x00000000000001c6      0xa5a Libraries/STM32F4xx_StdPeriph_Driver/src/misc.o
 .debug_macro   0x0000000000000c20       0x5d Libraries/STM32F4xx_StdPeriph_Driver/src/misc.o
 .debug_macro   0x0000000000000c7d       0x3b Libraries/STM32F4xx_StdPeriph_Driver/src/misc.o
 .debug_macro   0x0000000000000cb8       0x22 Libraries/STM32F4xx_StdPeriph_Driver/src/misc.o
 .debug_macro   0x0000000000000cda       0x8e Libraries/STM32F4xx_StdPeriph_Driver/src/misc.o
 .debug_macro   0x0000000000000d68       0x51 Libraries/STM32F4xx_StdPeriph_Driver/src/misc.o
 .debug_macro   0x0000000000000db9       0xef Libraries/STM32F4xx_StdPeriph_Driver/src/misc.o
 .debug_macro   0x0000000000000ea8       0x6a Libraries/STM32F4xx_StdPeriph_Driver/src/misc.o
 .debug_macro   0x0000000000000f12      0x1df Libraries/STM32F4xx_StdPeriph_Driver/src/misc.o
 .debug_macro   0x00000000000010f1       0x18 Libraries/STM32F4xx_StdPeriph_Driver/src/misc.o
 .debug_macro   0x0000000000001109       0x42 Libraries/STM32F4xx_StdPeriph_Driver/src/misc.o
 .debug_macro   0x000000000000114b      0xd39 Libraries/STM32F4xx_StdPeriph_Driver/src/misc.o
 .debug_macro   0x0000000000001e84     0x822c Libraries/STM32F4xx_StdPeriph_Driver/src/misc.o
 .debug_macro   0x000000000000a0b0      0x44f Libraries/STM32F4xx_StdPeriph_Driver/src/misc.o
 .debug_macro   0x000000000000a4ff      0x3cf Libraries/STM32F4xx_StdPeriph_Driver/src/misc.o
 .debug_macro   0x000000000000a8ce      0x144 Libraries/STM32F4xx_StdPeriph_Driver/src/misc.o
 .debug_macro   0x000000000000aa12      0x188 Libraries/STM32F4xx_StdPeriph_Driver/src/misc.o
 .debug_macro   0x000000000000ab9a       0xb2 Libraries/STM32F4xx_StdPeriph_Driver/src/misc.o
 .debug_macro   0x000000000000ac4c      0x149 Libraries/STM32F4xx_StdPeriph_Driver/src/misc.o
 .debug_macro   0x000000000000ad95      0x477 Libraries/STM32F4xx_StdPeriph_Driver/src/misc.o
 .debug_macro   0x000000000000b20c       0xae Libraries/STM32F4xx_StdPeriph_Driver/src/misc.o
 .debug_macro   0x000000000000b2ba      0x2f7 Libraries/STM32F4xx_StdPeriph_Driver/src/misc.o
 .debug_macro   0x000000000000b5b1      0x279 Libraries/STM32F4xx_StdPeriph_Driver/src/misc.o
 .debug_macro   0x000000000000b82a       0xc3 Libraries/STM32F4xx_StdPeriph_Driver/src/misc.o
 .debug_macro   0x000000000000b8ed      0x288 Libraries/STM32F4xx_StdPeriph_Driver/src/misc.o
 .debug_macro   0x000000000000bb75      0x2bb Libraries/STM32F4xx_StdPeriph_Driver/src/misc.o
 .debug_macro   0x000000000000be30       0x64 Libraries/STM32F4xx_StdPeriph_Driver/src/misc.o
 .debug_macro   0x000000000000be94       0xae Libraries/STM32F4xx_StdPeriph_Driver/src/misc.o
 .debug_macro   0x000000000000bf42      0x57c Libraries/STM32F4xx_StdPeriph_Driver/src/misc.o
 .debug_macro   0x000000000000c4be       0x40 Libraries/STM32F4xx_StdPeriph_Driver/src/misc.o
 .debug_macro   0x000000000000c4fe      0x57b Libraries/STM32F4xx_StdPeriph_Driver/src/misc.o
 .debug_macro   0x000000000000ca79      0x342 Libraries/STM32F4xx_StdPeriph_Driver/src/misc.o
 .debug_macro   0x000000000000cdbb      0x36c Libraries/STM32F4xx_StdPeriph_Driver/src/misc.o
 .debug_macro   0x000000000000d127       0xe2 Libraries/STM32F4xx_StdPeriph_Driver/src/misc.o
 .debug_macro   0x000000000000d209      0x73b Libraries/STM32F4xx_StdPeriph_Driver/src/misc.o
 .debug_macro   0x000000000000d944      0x223 Libraries/STM32F4xx_StdPeriph_Driver/src/misc.o
 .debug_macro   0x000000000000db67       0x34 Libraries/STM32F4xx_StdPeriph_Driver/src/misc.o
 .debug_macro   0x000000000000db9b       0x35 Libraries/STM32F4xx_StdPeriph_Driver/src/misc.o
 .debug_macro   0x000000000000dbd0       0x7c Libraries/STM32F4xx_StdPeriph_Driver/src/misc.o
 .debug_macro   0x000000000000dc4c      0x24a Libraries/STM32F4xx_StdPeriph_Driver/src/stm32f4xx_adc.o
 .debug_macro   0x000000000000de96      0x3c9 Libraries/STM32F4xx_StdPeriph_Driver/src/stm32f4xx_adc.o
 .debug_macro   0x000000000000e25f       0x82 Libraries/STM32F4xx_StdPeriph_Driver/src/stm32f4xx_adc.o
 .debug_macro   0x000000000000e2e1      0x1f2 Libraries/STM32F4xx_StdPeriph_Driver/src/stm32f4xx_dac.o
 .debug_macro   0x000000000000e4d3      0x182 Libraries/STM32F4xx_StdPeriph_Driver/src/stm32f4xx_dac.o
 .debug_macro   0x000000000000e655      0x1c6 Libraries/STM32F4xx_StdPeriph_Driver/src/stm32f4xx_exti.o
 .debug_macro   0x000000000000e81b       0xa8 Libraries/STM32F4xx_StdPeriph_Driver/src/stm32f4xx_exti.o
 .debug_macro   0x000000000000e8c3      0x1c0 Libraries/STM32F4xx_StdPeriph_Driver/src/stm32f4xx_gpio.o
 .debug_macro   0x000000000000ea83      0x282 Libraries/STM32F4xx_StdPeriph_Driver/src/stm32f4xx_gpio.o
 .debug_macro   0x000000000000ed05      0x27c Libraries/STM32F4xx_StdPeriph_Driver/src/stm32f4xx_rcc.o
 .debug_macro   0x000000000000ef81      0x576 Libraries/STM32F4xx_StdPeriph_Driver/src/stm32f4xx_rcc.o
 .debug_macro   0x000000000000f4f7      0x1eb Libraries/STM32F4xx_StdPeriph_Driver/src/stm32f4xx_spi.o
 .debug_macro   0x000000000000f6e2      0x366 Libraries/STM32F4xx_StdPeriph_Driver/src/stm32f4xx_spi.o
 .debug_macro   0x000000000000fa48      0x1ea Libraries/STM32F4xx_StdPeriph_Driver/src/stm32f4xx_syscfg.o
 .debug_macro   0x000000000000fc32       0xdc Libraries/STM32F4xx_StdPeriph_Driver/src/stm32f4xx_syscfg.o
 .debug_macro   0x000000000000fd0e      0x1ea Libraries/STM32F4xx_StdPeriph_Driver/src/stm32f4xx_tim.o
 .debug_macro   0x000000000000fef8      0x735 Libraries/STM32F4xx_StdPeriph_Driver/src/stm32f4xx_tim.o
 .debug_macro   0x000000000001062d      0x1c9 src/CAT25512.o
 .debug_macro   0x00000000000107f6       0x64 src/CAT25512.o
 .debug_macro   0x000000000001085a      0x2fa src/HC165.o
 .debug_macro   0x0000000000010b54       0x18 src/HC165.o
 .debug_macro   0x0000000000010b6c       0x40 src/HC165.o
 .debug_macro   0x0000000000010bac       0x94 src/HC165.o
 .debug_macro   0x0000000000010c40       0x3c src/HC165.o
 .debug_macro   0x0000000000010c7c       0x34 src/HC165.o
 .debug_macro   0x0000000000010cb0       0x16 src/HC165.o
 .debug_macro   0x0000000000010cc6      0x10e src/HC165.o
 .debug_macro   0x0000000000010dd4       0x8d src/HC165.o
 .debug_macro   0x0000000000010e61       0x57 src/HC165.o
 .debug_macro   0x0000000000010eb8       0x52 src/HC165.o
 .debug_macro   0x0000000000010f0a       0x1f src/HC165.o
 .debug_macro   0x0000000000010f29       0x43 src/HC165.o
 .debug_macro   0x0000000000010f6c       0x20 src/HC165.o
 .debug_macro   0x0000000000010f8c      0x1a3 src/HC165.o
 .debug_macro   0x000000000001112f      0x330 src/HC165.o
 .debug_macro   0x000000000001145f       0x16 src/HC165.o
 .debug_macro   0x0000000000011475       0x29 src/HC165.o
 .debug_macro   0x000000000001149e       0x16 src/HC165.o
 .debug_macro   0x00000000000114b4       0x35 src/HC165.o
 .debug_macro   0x00000000000114e9       0x20 src/HC165.o
 .debug_macro   0x0000000000011509      0x1c9 src/MAX5135.o
 .debug_macro   0x00000000000116d2       0x76 src/MAX5135.o
 .debug_macro   0x0000000000011748      0x2fa src/adc_pots_selector.o
 .debug_macro   0x0000000000011a42       0x46 src/adc_pots_selector.o
 .debug_macro   0x0000000000011a88      0x1e2 src/dip_config.o
 .debug_macro   0x0000000000011c6a      0x1c9 src/expander.o
 .debug_macro   0x0000000000011e33       0x10 src/expander.o
 .debug_macro   0x0000000000011e43      0x2e2 src/leds_modes.o
 .debug_macro   0x0000000000012125      0x2eb src/leds_step.o
 .debug_macro   0x0000000000012410      0x51a src/main.o
 .debug_macro   0x000000000001292a       0x94 src/main.o
 .debug_macro   0x00000000000129be       0x1c src/main.o
 .debug_macro   0x00000000000129da       0x10 src/main.o
 .debug_macro   0x00000000000129ea       0x10 src/main.o
 .debug_macro   0x00000000000129fa       0x1c src/main.o
 .debug_macro   0x0000000000012a16       0x52 src/main.o
 .debug_macro   0x0000000000012a68       0x40 src/main.o
 .debug_macro   0x0000000000012aa8       0x10 src/main.o
 .debug_macro   0x0000000000012ab8       0x40 src/main.o
 .debug_macro   0x0000000000012af8       0xd7 src/main.o
 .debug_macro   0x0000000000012bcf       0x1c src/main.o
 .debug_macro   0x0000000000012beb       0x3d src/main.o
 .debug_macro   0x0000000000012c28       0x16 src/main.o
 .debug_macro   0x0000000000012c3e      0x145 src/main.o
 .debug_macro   0x0000000000012d83      0x1c0 src/stm32f4xx_it.o
 .debug_macro   0x0000000000012f43      0x3c3 src/syscalls.o
 .debug_macro   0x0000000000013306      0x174 src/syscalls.o
 .debug_macro   0x000000000001347a       0x10 src/syscalls.o
 .debug_macro   0x000000000001348a       0x10 src/syscalls.o
 .debug_macro   0x000000000001349a       0x10 src/syscalls.o
 .debug_macro   0x00000000000134aa       0x35 src/syscalls.o
 .debug_macro   0x00000000000134df      0x122 src/syscalls.o
 .debug_macro   0x0000000000013601       0x10 src/syscalls.o
 .debug_macro   0x0000000000013611      0x241 src/syscalls.o
 .debug_macro   0x0000000000013852       0x10 src/syscalls.o
 .debug_macro   0x0000000000013862      0x189 src/syscalls.o
 .debug_macro   0x00000000000139eb       0x16 src/syscalls.o
 .debug_macro   0x0000000000013a01       0x88 src/syscalls.o
 .debug_macro   0x0000000000013a89      0x1d9 src/system_stm32f4xx.o
 .debug_macro   0x0000000000013c62      0x1c0 src/tiny_printf.o
 .debug_macro   0x0000000000013e22       0x58 src/tiny_printf.o
 .debug_macro   0x0000000000013e7a       0x16 src/tiny_printf.o
 .debug_macro   0x0000000000013e90       0x97 src/tiny_printf.o
 .debug_macro   0x0000000000013f27       0xfd src/tiny_printf.o

.debug_line     0x0000000000000000     0xc960
 .debug_line    0x0000000000000000      0x720 Libraries/STM32F4xx_StdPeriph_Driver/src/misc.o
 .debug_line    0x0000000000000720      0xa3c Libraries/STM32F4xx_StdPeriph_Driver/src/stm32f4xx_adc.o
 .debug_line    0x000000000000115c      0x82f Libraries/STM32F4xx_StdPeriph_Driver/src/stm32f4xx_dac.o
 .debug_line    0x000000000000198b      0x776 Libraries/STM32F4xx_StdPeriph_Driver/src/stm32f4xx_exti.o
 .debug_line    0x0000000000002101      0x803 Libraries/STM32F4xx_StdPeriph_Driver/src/stm32f4xx_gpio.o
 .debug_line    0x0000000000002904      0xa98 Libraries/STM32F4xx_StdPeriph_Driver/src/stm32f4xx_rcc.o
 .debug_line    0x000000000000339c      0x926 Libraries/STM32F4xx_StdPeriph_Driver/src/stm32f4xx_spi.o
 .debug_line    0x0000000000003cc2      0x72a Libraries/STM32F4xx_StdPeriph_Driver/src/stm32f4xx_syscfg.o
 .debug_line    0x00000000000043ec      0xf31 Libraries/STM32F4xx_StdPeriph_Driver/src/stm32f4xx_tim.o
 .debug_line    0x000000000000531d      0x7e3 src/CAT25512.o
 .debug_line    0x0000000000005b00      0x8c7 src/HC165.o
 .debug_line    0x00000000000063c7      0x70f src/MAX5135.o
 .debug_line    0x0000000000006ad6      0x8aa src/adc_pots_selector.o
 .debug_line    0x0000000000007380      0x6bf src/dip_config.o
 .debug_line    0x0000000000007a3f      0x6c9 src/expander.o
 .debug_line    0x0000000000008108      0x89b src/leds_modes.o
 .debug_line    0x00000000000089a3      0x8c2 src/leds_step.o
 .debug_line    0x0000000000009265     0x16b4 src/main.o
 .debug_line    0x000000000000a919       0x7a src/startup_stm32f40xx.o
 .debug_line    0x000000000000a993      0x72c src/stm32f4xx_it.o
 .debug_line    0x000000000000b0bf      0xab4 src/syscalls.o
 .debug_line    0x000000000000bb73      0x714 src/system_stm32f4xx.o
 .debug_line    0x000000000000c287      0x6d9 src/tiny_printf.o

.debug_str      0x0000000000000000    0x64911
 .debug_str     0x0000000000000000    0x597a1 Libraries/STM32F4xx_StdPeriph_Driver/src/misc.o
                                      0x59951 (size before relaxing)
 .debug_str     0x00000000000597a1      0x94a Libraries/STM32F4xx_StdPeriph_Driver/src/stm32f4xx_adc.o
                                      0x5a057 (size before relaxing)
 .debug_str     0x000000000005a0eb      0x391 Libraries/STM32F4xx_StdPeriph_Driver/src/stm32f4xx_dac.o
                                      0x59acc (size before relaxing)
 .debug_str     0x000000000005a47c      0x1e2 Libraries/STM32F4xx_StdPeriph_Driver/src/stm32f4xx_exti.o
                                      0x598d4 (size before relaxing)
 .debug_str     0x000000000005a65e      0x31f Libraries/STM32F4xx_StdPeriph_Driver/src/stm32f4xx_gpio.o
                                      0x59a13 (size before relaxing)
 .debug_str     0x000000000005a97d      0xb81 Libraries/STM32F4xx_StdPeriph_Driver/src/stm32f4xx_rcc.o
                                      0x5a333 (size before relaxing)
 .debug_str     0x000000000005b4fe      0x3d6 Libraries/STM32F4xx_StdPeriph_Driver/src/stm32f4xx_spi.o
                                      0x59ceb (size before relaxing)
 .debug_str     0x000000000005b8d4      0x2b6 Libraries/STM32F4xx_StdPeriph_Driver/src/stm32f4xx_syscfg.o
                                      0x599c4 (size before relaxing)
 .debug_str     0x000000000005bb8a      0xc2f Libraries/STM32F4xx_StdPeriph_Driver/src/stm32f4xx_tim.o
                                      0x5a41e (size before relaxing)
 .debug_str     0x000000000005c7b9      0x278 src/CAT25512.o
                                      0x59ce8 (size before relaxing)
 .debug_str     0x000000000005ca31     0x347e src/HC165.o
                                      0x5ce39 (size before relaxing)
 .debug_str     0x000000000005feaf      0x214 src/MAX5135.o
                                      0x59c90 (size before relaxing)
 .debug_str     0x00000000000600c3      0x24f src/adc_pots_selector.o
                                      0x5ce89 (size before relaxing)
 .debug_str     0x0000000000060312       0xe7 src/dip_config.o
                                      0x59986 (size before relaxing)
 .debug_str     0x00000000000603f9       0x66 src/expander.o
                                      0x59953 (size before relaxing)
 .debug_str     0x000000000006045f      0x2f8 src/leds_modes.o
                                      0x5cf62 (size before relaxing)
 .debug_str     0x0000000000060757      0x1a8 src/leds_step.o
                                      0x5ce4c (size before relaxing)
 .debug_str     0x00000000000608ff     0x2b64 src/main.o
                                      0x605ee (size before relaxing)
 .debug_str     0x0000000000063463       0x2a src/startup_stm32f40xx.o
                                         0x53 (size before relaxing)
 .debug_str     0x000000000006348d       0xb8 src/stm32f4xx_it.o
                                      0x5975a (size before relaxing)
 .debug_str     0x0000000000063545     0x11b0 src/syscalls.o
                                      0x5ee73 (size before relaxing)
 .debug_str     0x00000000000646f5       0xc7 src/system_stm32f4xx.o
                                      0x59913 (size before relaxing)
 .debug_str     0x00000000000647bc      0x155 src/tiny_printf.o
                                       0x7867 (size before relaxing)

.comment        0x0000000000000000       0x7b
 .comment       0x0000000000000000       0x7b Libraries/STM32F4xx_StdPeriph_Driver/src/misc.o
                                         0x7c (size before relaxing)
 .comment       0x000000000000007b       0x7c Libraries/STM32F4xx_StdPeriph_Driver/src/stm32f4xx_adc.o
 .comment       0x000000000000007b       0x7c Libraries/STM32F4xx_StdPeriph_Driver/src/stm32f4xx_dac.o
 .comment       0x000000000000007b       0x7c Libraries/STM32F4xx_StdPeriph_Driver/src/stm32f4xx_exti.o
 .comment       0x000000000000007b       0x7c Libraries/STM32F4xx_StdPeriph_Driver/src/stm32f4xx_gpio.o
 .comment       0x000000000000007b       0x7c Libraries/STM32F4xx_StdPeriph_Driver/src/stm32f4xx_rcc.o
 .comment       0x000000000000007b       0x7c Libraries/STM32F4xx_StdPeriph_Driver/src/stm32f4xx_spi.o
 .comment       0x000000000000007b       0x7c Libraries/STM32F4xx_StdPeriph_Driver/src/stm32f4xx_syscfg.o
 .comment       0x000000000000007b       0x7c Libraries/STM32F4xx_StdPeriph_Driver/src/stm32f4xx_tim.o
 .comment       0x000000000000007b       0x7c src/CAT25512.o
 .comment       0x000000000000007b       0x7c src/HC165.o
 .comment       0x000000000000007b       0x7c src/MAX5135.o
 .comment       0x000000000000007b       0x7c src/adc_pots_selector.o
 .comment       0x000000000000007b       0x7c src/dip_config.o
 .comment       0x000000000000007b       0x7c src/expander.o
 .comment       0x000000000000007b       0x7c src/leds_modes.o
 .comment       0x000000000000007b       0x7c src/leds_step.o
 .comment       0x000000000000007b       0x7c src/main.o
 .comment       0x000000000000007b       0x7c src/stm32f4xx_it.o
 .comment       0x000000000000007b       0x7c src/syscalls.o
 .comment       0x000000000000007b       0x7c src/system_stm32f4xx.o
 .comment       0x000000000000007b       0x7c src/tiny_printf.o

.debug_frame    0x0000000000000000     0x2084
 .debug_frame   0x0000000000000000       0x60 Libraries/STM32F4xx_StdPeriph_Driver/src/misc.o
 .debug_frame   0x0000000000000060      0x2d4 Libraries/STM32F4xx_StdPeriph_Driver/src/stm32f4xx_adc.o
 .debug_frame   0x0000000000000334      0x14c Libraries/STM32F4xx_StdPeriph_Driver/src/stm32f4xx_dac.o
 .debug_frame   0x0000000000000480       0xa0 Libraries/STM32F4xx_StdPeriph_Driver/src/stm32f4xx_exti.o
 .debug_frame   0x0000000000000520      0x120 Libraries/STM32F4xx_StdPeriph_Driver/src/stm32f4xx_gpio.o
 .debug_frame   0x0000000000000640      0x2fc Libraries/STM32F4xx_StdPeriph_Driver/src/stm32f4xx_rcc.o
 .debug_frame   0x000000000000093c      0x1e0 Libraries/STM32F4xx_StdPeriph_Driver/src/stm32f4xx_spi.o
 .debug_frame   0x0000000000000b1c       0x84 Libraries/STM32F4xx_StdPeriph_Driver/src/stm32f4xx_syscfg.o
 .debug_frame   0x0000000000000ba0      0x6cc Libraries/STM32F4xx_StdPeriph_Driver/src/stm32f4xx_tim.o
 .debug_frame   0x000000000000126c      0x144 src/CAT25512.o
 .debug_frame   0x00000000000013b0       0xbc src/HC165.o
 .debug_frame   0x000000000000146c       0x80 src/MAX5135.o
 .debug_frame   0x00000000000014ec       0x6c src/adc_pots_selector.o
 .debug_frame   0x0000000000001558       0x48 src/dip_config.o
 .debug_frame   0x00000000000015a0       0x44 src/expander.o
 .debug_frame   0x00000000000015e4       0x78 src/leds_modes.o
 .debug_frame   0x000000000000165c       0x7c src/leds_step.o
 .debug_frame   0x00000000000016d8      0x410 src/main.o
 .debug_frame   0x0000000000001ae8       0xa0 src/stm32f4xx_it.o
 .debug_frame   0x0000000000001b88      0x17c src/syscalls.o
 .debug_frame   0x0000000000001d04       0x54 src/system_stm32f4xx.o
 .debug_frame   0x0000000000001d58      0x168 src/tiny_printf.o
 .debug_frame   0x0000000000001ec0       0x2c /Applications/STM32CubeIDE.app/Contents/Eclipse/plugins/com.st.stm32cube.ide.mcu.externaltools.gnu-tools-for-stm32.7-2018-q2-update.macos64_1.0.0.201904181610/tools/bin/../lib/gcc/arm-none-eabi/7.3.1/../../../../arm-none-eabi/lib/thumb/v7e-m/fpv4-sp/hard/libc_nano.a(lib_a-init.o)
 .debug_frame   0x0000000000001eec       0xac /Applications/STM32CubeIDE.app/Contents/Eclipse/plugins/com.st.stm32cube.ide.mcu.externaltools.gnu-tools-for-stm32.7-2018-q2-update.macos64_1.0.0.201904181610/tools/bin/../lib/gcc/arm-none-eabi/7.3.1/thumb/v7e-m/fpv4-sp/hard/libgcc.a(_arm_addsubdf3.o)
 .debug_frame   0x0000000000001f98       0x50 /Applications/STM32CubeIDE.app/Contents/Eclipse/plugins/com.st.stm32cube.ide.mcu.externaltools.gnu-tools-for-stm32.7-2018-q2-update.macos64_1.0.0.201904181610/tools/bin/../lib/gcc/arm-none-eabi/7.3.1/thumb/v7e-m/fpv4-sp/hard/libgcc.a(_arm_muldivdf3.o)
 .debug_frame   0x0000000000001fe8       0x24 /Applications/STM32CubeIDE.app/Contents/Eclipse/plugins/com.st.stm32cube.ide.mcu.externaltools.gnu-tools-for-stm32.7-2018-q2-update.macos64_1.0.0.201904181610/tools/bin/../lib/gcc/arm-none-eabi/7.3.1/thumb/v7e-m/fpv4-sp/hard/libgcc.a(_arm_fixunsdfsi.o)
 .debug_frame   0x000000000000200c       0x44 /Applications/STM32CubeIDE.app/Contents/Eclipse/plugins/com.st.stm32cube.ide.mcu.externaltools.gnu-tools-for-stm32.7-2018-q2-update.macos64_1.0.0.201904181610/tools/bin/../lib/gcc/arm-none-eabi/7.3.1/thumb/v7e-m/fpv4-sp/hard/libgcc.a(_aeabi_ldivmod.o)
 .debug_frame   0x0000000000002050       0x34 /Applications/STM32CubeIDE.app/Contents/Eclipse/plugins/com.st.stm32cube.ide.mcu.externaltools.gnu-tools-for-stm32.7-2018-q2-update.macos64_1.0.0.201904181610/tools/bin/../lib/gcc/arm-none-eabi/7.3.1/thumb/v7e-m/fpv4-sp/hard/libgcc.a(_udivmoddi4.o)
