core_cm4.h:1452:22:NVIC_EnableIRQ	16	static
core_cm4.h:1465:22:NVIC_DisableIRQ	16	static
core_cm4.h:1535:22:NVIC_SetPriority	16	static
core_cm4.h:1662:26:SysTick_Config	16	static
main.c:209:6:systickInit	32	static
main.c:215:6:SysTick_Handler	4	static
main.c:222:6:ADC_IRQHandler	24	static
main.c:355:6:mADC_init	72	static
main.c:437:6:ADCPause	8	static
main.c:442:6:ADCResume	8	static
main.c:448:6:mInterruptInit	32	static
main.c:507:6:EXTI0_IRQHandler	8	static
main.c:527:6:InitStart_1_SignalTimer	8	static
main.c:543:6:InitStart_2_SignalTimer	8	static
main.c:556:6:InitClear_Timer	8	static
main.c:572:6:EXTI1_IRQHandler	8	static
main.c:591:6:EXTI9_5_IRQHandler	8	static
main.c:776:15:SaveSequence	16	static
main.c:794:6:LoadSequence	24	static
main.c:838:19:GetStepWidth	32	static
main.c:883:14:GetStepVoltage	32	static
main.c:964:15:GetNextStep	24	static
main.c:1021:6:TIM4_IRQHandler	32	static
main.c:1229:6:TIM5_IRQHandler	32	static
main.c:1404:6:mTimersInit	24	static
main.c:1485:6:TIM8_UP_TIM13_IRQHandler	8	static
main.c:1498:6:TIM8_TRG_COM_TIM14_IRQHandler	8	static
main.c:1512:6:TIM3_IRQHandler	8	static
main.c:1558:6:TIM7_IRQHandler	8	static
main.c:1598:6:TIM6_DAC_IRQHandler	32	static
main.c:1693:6:PulsesInit	16	static
main.c:1731:6:DisplayLedsIOInit	16	static
main.c:1748:6:InternalDACInit	32	static
main.c:1785:15:keyb_proc	32	static
main.c:2562:6:UpdateModeSection	24	static
main.c:2713:6:UpdateStepSection	8	static
main.c:2732:6:PermutePulses	40	static
main.c:2778:6:Calibration	40	static
main.c:2888:5:main	88	static
main.c:3139:6:delay_ms	40	static
main.c:3149:6:delay_us	40	static
main.c:3159:6:delay_ns	48	static
