main.c:362:6:mADC_init	72	static
main.c:431:6:ADCPause	0	static
main.c:436:6:ADCResume	0	static
main.c:442:6:mInterruptInit	40	static
main.c:501:6:EXTI0_IRQHandler	8	static
main.c:520:6:InitStart_1_SignalTimer	8	static
main.c:536:6:InitStart_2_SignalTimer	8	static
main.c:549:6:InitClear_Timer	8	static
main.c:565:6:EXTI1_IRQHandler	8	static
main.c:584:6:EXTI9_5_IRQHandler	8	static
main.c:681:15:SaveSequence	16	static
main.c:699:6:LoadSequence	16	static
main.c:742:19:GetStepWidth	8	static
main.c:787:14:GetStepVoltage	8	static
main.c:868:15:GetNextStep	24	static
main.c:924:6:TIM4_IRQHandler	24	static
main.c:1126:6:TIM5_IRQHandler	32	static
main.c:1295:6:mTimersInit	40	static
main.c:1376:6:TIM8_UP_TIM13_IRQHandler	16	static
main.c:1389:6:TIM8_TRG_COM_TIM14_IRQHandler	16	static
main.c:1403:6:TIM3_IRQHandler	8	static
main.c:1433:6:TIM7_IRQHandler	8	static
main.c:1557:6:PulsesInit	32	static
main.c:1595:6:DisplayLedsIOInit	16	static
main.c:1612:6:InternalDACInit	32	static
main.c:1649:15:keyb_proc	32	static
main.c:2463:6:UpdateModeSection	16	static
main.c:2608:6:UpdateStepSection	8	static
main.c:2628:6:Calibration	24	static
main.c:2957:6:delay_ms	32	static
main.c:1462:6:TIM6_DAC_IRQHandler	16	static
main.c:2728:5:main	56	static
main.c:2967:6:delay_us	32	static
main.c:184:6:ADC_IRQHandler	16	static
main.c:2977:6:delay_ns	32	static
