main.c:362:6:mADC_init	72	static
main.c:431:6:ADCPause	0	static
main.c:436:6:ADCResume	0	static
main.c:442:6:mInterruptInit	40	static
main.c:501:6:EXTI0_IRQHandler	0	static
main.c:520:6:InitStart_1_SignalTimer	8	static
main.c:536:6:InitStart_2_SignalTimer	8	static
main.c:549:6:InitClear_Timer	8	static
main.c:565:6:EXTI1_IRQHandler	0	static
main.c:746:15:SaveSequence	16	static
main.c:764:6:LoadSequence	16	static
main.c:807:19:GetStepWidth	8	static
main.c:852:14:GetStepVoltage	16	static
main.c:933:15:GetNextStep	24	static
main.c:584:6:EXTI9_5_IRQHandler	24	static
main.c:989:6:TIM4_IRQHandler	40	static
main.c:1188:6:TIM5_IRQHandler	40	static
main.c:1357:6:mTimersInit	40	static
main.c:1438:6:TIM8_UP_TIM13_IRQHandler	8	static
main.c:1451:6:TIM8_TRG_COM_TIM14_IRQHandler	8	static
main.c:1465:6:TIM3_IRQHandler	32	static
main.c:1510:6:TIM7_IRQHandler	16	static
main.c:1645:6:PulsesInit	32	static
main.c:1683:6:DisplayLedsIOInit	16	static
main.c:1700:6:InternalDACInit	32	static
main.c:1737:15:keyb_proc	128	static
main.c:2551:6:UpdateModeSection	16	static
main.c:2696:6:UpdateStepSection	8	static
main.c:2716:6:Calibration	32	static
main.c:3054:6:delay_ms	32	static
main.c:1550:6:TIM6_DAC_IRQHandler	24	static
main.c:2825:5:main	88	static
main.c:3064:6:delay_us	32	static
main.c:184:6:ADC_IRQHandler	24	static
main.c:3074:6:delay_ns	32	static
