Archive member included to satisfy reference by file (symbol)

/Applications/STM32CubeIDE.app/Contents/Eclipse/plugins/com.st.stm32cube.ide.mcu.externaltools.gnu-tools-for-stm32.7-2018-q2-update.macos64_1.0.0.201904181610/tools/bin/../lib/gcc/arm-none-eabi/7.3.1/../../../../arm-none-eabi/lib/thumb/v7e-m/fpv4-sp/hard/libc_nano.a(lib_a-exit.o)
                              /Applications/STM32CubeIDE.app/Contents/Eclipse/plugins/com.st.stm32cube.ide.mcu.externaltools.gnu-tools-for-stm32.7-2018-q2-update.macos64_1.0.0.201904181610/tools/bin/../lib/gcc/arm-none-eabi/7.3.1/../../../../arm-none-eabi/lib/thumb/v7e-m/fpv4-sp/hard/crt0.o (exit)
/Applications/STM32CubeIDE.app/Contents/Eclipse/plugins/com.st.stm32cube.ide.mcu.externaltools.gnu-tools-for-stm32.7-2018-q2-update.macos64_1.0.0.201904181610/tools/bin/../lib/gcc/arm-none-eabi/7.3.1/../../../../arm-none-eabi/lib/thumb/v7e-m/fpv4-sp/hard/libc_nano.a(lib_a-impure.o)
                              /Applications/STM32CubeIDE.app/Contents/Eclipse/plugins/com.st.stm32cube.ide.mcu.externaltools.gnu-tools-for-stm32.7-2018-q2-update.macos64_1.0.0.201904181610/tools/bin/../lib/gcc/arm-none-eabi/7.3.1/../../../../arm-none-eabi/lib/thumb/v7e-m/fpv4-sp/hard/libc_nano.a(lib_a-exit.o) (_global_impure_ptr)
/Applications/STM32CubeIDE.app/Contents/Eclipse/plugins/com.st.stm32cube.ide.mcu.externaltools.gnu-tools-for-stm32.7-2018-q2-update.macos64_1.0.0.201904181610/tools/bin/../lib/gcc/arm-none-eabi/7.3.1/../../../../arm-none-eabi/lib/thumb/v7e-m/fpv4-sp/hard/libc_nano.a(lib_a-init.o)
                              /Applications/STM32CubeIDE.app/Contents/Eclipse/plugins/com.st.stm32cube.ide.mcu.externaltools.gnu-tools-for-stm32.7-2018-q2-update.macos64_1.0.0.201904181610/tools/bin/../lib/gcc/arm-none-eabi/7.3.1/../../../../arm-none-eabi/lib/thumb/v7e-m/fpv4-sp/hard/crt0.o (__libc_init_array)
/Applications/STM32CubeIDE.app/Contents/Eclipse/plugins/com.st.stm32cube.ide.mcu.externaltools.gnu-tools-for-stm32.7-2018-q2-update.macos64_1.0.0.201904181610/tools/bin/../lib/gcc/arm-none-eabi/7.3.1/../../../../arm-none-eabi/lib/thumb/v7e-m/fpv4-sp/hard/libc_nano.a(lib_a-memset.o)
                              /Applications/STM32CubeIDE.app/Contents/Eclipse/plugins/com.st.stm32cube.ide.mcu.externaltools.gnu-tools-for-stm32.7-2018-q2-update.macos64_1.0.0.201904181610/tools/bin/../lib/gcc/arm-none-eabi/7.3.1/../../../../arm-none-eabi/lib/thumb/v7e-m/fpv4-sp/hard/crt0.o (memset)
/Applications/STM32CubeIDE.app/Contents/Eclipse/plugins/com.st.stm32cube.ide.mcu.externaltools.gnu-tools-for-stm32.7-2018-q2-update.macos64_1.0.0.201904181610/tools/bin/../lib/gcc/arm-none-eabi/7.3.1/../../../../arm-none-eabi/lib/thumb/v7e-m/fpv4-sp/hard/libc_nano.a(lib_a-reent.o)
                              src/syscalls.o (errno)
/Applications/STM32CubeIDE.app/Contents/Eclipse/plugins/com.st.stm32cube.ide.mcu.externaltools.gnu-tools-for-stm32.7-2018-q2-update.macos64_1.0.0.201904181610/tools/bin/../lib/gcc/arm-none-eabi/7.3.1/../../../../arm-none-eabi/lib/thumb/v7e-m/fpv4-sp/hard/libc_nano.a(lib_a-strlen.o)
                              src/tiny_printf.o (strlen)
/Applications/STM32CubeIDE.app/Contents/Eclipse/plugins/com.st.stm32cube.ide.mcu.externaltools.gnu-tools-for-stm32.7-2018-q2-update.macos64_1.0.0.201904181610/tools/bin/../lib/gcc/arm-none-eabi/7.3.1/../../../../arm-none-eabi/lib/thumb/v7e-m/fpv4-sp/hard/libc_nano.a(lib_a-nano-freer.o)
                              /Applications/STM32CubeIDE.app/Contents/Eclipse/plugins/com.st.stm32cube.ide.mcu.externaltools.gnu-tools-for-stm32.7-2018-q2-update.macos64_1.0.0.201904181610/tools/bin/../lib/gcc/arm-none-eabi/7.3.1/../../../../arm-none-eabi/lib/thumb/v7e-m/fpv4-sp/hard/libc_nano.a(lib_a-reent.o) (_free_r)
/Applications/STM32CubeIDE.app/Contents/Eclipse/plugins/com.st.stm32cube.ide.mcu.externaltools.gnu-tools-for-stm32.7-2018-q2-update.macos64_1.0.0.201904181610/tools/bin/../lib/gcc/arm-none-eabi/7.3.1/../../../../arm-none-eabi/lib/thumb/v7e-m/fpv4-sp/hard/libc_nano.a(lib_a-nano-mallocr.o)
                              /Applications/STM32CubeIDE.app/Contents/Eclipse/plugins/com.st.stm32cube.ide.mcu.externaltools.gnu-tools-for-stm32.7-2018-q2-update.macos64_1.0.0.201904181610/tools/bin/../lib/gcc/arm-none-eabi/7.3.1/../../../../arm-none-eabi/lib/thumb/v7e-m/fpv4-sp/hard/libc_nano.a(lib_a-nano-freer.o) (__malloc_free_list)
/Applications/STM32CubeIDE.app/Contents/Eclipse/plugins/com.st.stm32cube.ide.mcu.externaltools.gnu-tools-for-stm32.7-2018-q2-update.macos64_1.0.0.201904181610/tools/bin/../lib/gcc/arm-none-eabi/7.3.1/../../../../arm-none-eabi/lib/thumb/v7e-m/fpv4-sp/hard/libc_nano.a(lib_a-sbrkr.o)
                              /Applications/STM32CubeIDE.app/Contents/Eclipse/plugins/com.st.stm32cube.ide.mcu.externaltools.gnu-tools-for-stm32.7-2018-q2-update.macos64_1.0.0.201904181610/tools/bin/../lib/gcc/arm-none-eabi/7.3.1/../../../../arm-none-eabi/lib/thumb/v7e-m/fpv4-sp/hard/libc_nano.a(lib_a-nano-mallocr.o) (_sbrk_r)
[...]
Memory Configuration

Name             Origin             Length             Attributes
FLASH            0x0000000008000000 0x0000000000100000 xr
RAM              0x0000000020000000 0x0000000000020000 xrw
MEMORY_B1        0x0000000060000000 0x0000000000000000 xr
CCMRAM           0x0000000010000000 0x0000000000010000 rw
*default*        0x0000000000000000 0xffffffffffffffff

Linker script and memory map

LOAD /Applications/STM32CubeIDE.app/Contents/Eclipse/plugins/com.st.stm32cube.ide.mcu.externaltools.gnu-tools-for-stm32.7-2018-q2-update.macos64_1.0.0.201904181610/tools/bin/../lib/gcc/arm-none-eabi/7.3.1/thumb/v7e-m/fpv4-sp/hard/crti.o
LOAD /Applications/STM32CubeIDE.app/Contents/Eclipse/plugins/com.st.stm32cube.ide.mcu.externaltools.gnu-tools-for-stm32.7-2018-q2-update.macos64_1.0.0.201904181610/tools/bin/../lib/gcc/arm-none-eabi/7.3.1/thumb/v7e-m/fpv4-sp/hard/crtbegin.o
LOAD /Applications/STM32CubeIDE.app/Contents/Eclipse/plugins/com.st.stm32cube.ide.mcu.externaltools.gnu-tools-for-stm32.7-2018-q2-update.macos64_1.0.0.201904181610/tools/bin/../lib/gcc/arm-none-eabi/7.3.1/../../../../arm-none-eabi/lib/thumb/v7e-m/fpv4-sp/hard/crt0.o
LOAD Libraries/STM32F4xx_StdPeriph_Driver/src/misc.o
LOAD Libraries/STM32F4xx_StdPeriph_Driver/src/stm32f4xx_adc.o
LOAD Libraries/STM32F4xx_StdPeriph_Driver/src/stm32f4xx_can.o
LOAD Libraries/STM32F4xx_StdPeriph_Driver/src/stm32f4xx_crc.o
LOAD Libraries/STM32F4xx_StdPeriph_Driver/src/stm32f4xx_cryp.o
LOAD Libraries/STM32F4xx_StdPeriph_Driver/src/stm32f4xx_cryp_aes.o
LOAD Libraries/STM32F4xx_StdPeriph_Driver/src/stm32f4xx_cryp_des.o
LOAD Libraries/STM32F4xx_StdPeriph_Driver/src/stm32f4xx_cryp_tdes.o
LOAD Libraries/STM32F4xx_StdPeriph_Driver/src/stm32f4xx_dac.o
LOAD Libraries/STM32F4xx_StdPeriph_Driver/src/stm32f4xx_dbgmcu.o
LOAD Libraries/STM32F4xx_StdPeriph_Driver/src/stm32f4xx_dcmi.o
LOAD Libraries/STM32F4xx_StdPeriph_Driver/src/stm32f4xx_dma.o
LOAD Libraries/STM32F4xx_StdPeriph_Driver/src/stm32f4xx_exti.o
LOAD Libraries/STM32F4xx_StdPeriph_Driver/src/stm32f4xx_flash.o
LOAD Libraries/STM32F4xx_StdPeriph_Driver/src/stm32f4xx_fsmc.o
LOAD Libraries/STM32F4xx_StdPeriph_Driver/src/stm32f4xx_gpio.o
LOAD Libraries/STM32F4xx_StdPeriph_Driver/src/stm32f4xx_hash.o
LOAD Libraries/STM32F4xx_StdPeriph_Driver/src/stm32f4xx_hash_md5.o
LOAD Libraries/STM32F4xx_StdPeriph_Driver/src/stm32f4xx_hash_sha1.o
LOAD Libraries/STM32F4xx_StdPeriph_Driver/src/stm32f4xx_i2c.o
LOAD Libraries/STM32F4xx_StdPeriph_Driver/src/stm32f4xx_iwdg.o
LOAD Libraries/STM32F4xx_StdPeriph_Driver/src/stm32f4xx_pwr.o
LOAD Libraries/STM32F4xx_StdPeriph_Driver/src/stm32f4xx_rcc.o
LOAD Libraries/STM32F4xx_StdPeriph_Driver/src/stm32f4xx_rng.o
LOAD Libraries/STM32F4xx_StdPeriph_Driver/src/stm32f4xx_rtc.o
LOAD Libraries/STM32F4xx_StdPeriph_Driver/src/stm32f4xx_sdio.o
LOAD Libraries/STM32F4xx_StdPeriph_Driver/src/stm32f4xx_spi.o
LOAD Libraries/STM32F4xx_StdPeriph_Driver/src/stm32f4xx_syscfg.o
LOAD Libraries/STM32F4xx_StdPeriph_Driver/src/stm32f4xx_tim.o
LOAD Libraries/STM32F4xx_StdPeriph_Driver/src/stm32f4xx_usart.o
LOAD Libraries/STM32F4xx_StdPeriph_Driver/src/stm32f4xx_wwdg.o
LOAD src/CAT25512.o
LOAD src/HC165.o
LOAD src/MAX5135.o
LOAD src/adc_pots_selector.o
LOAD src/dip_config.o
LOAD src/expander.o
LOAD src/leds_modes.o
LOAD src/leds_step.o
LOAD src/main.o
LOAD src/startup_stm32f40xx.o
LOAD src/stm32f4xx_it.o
LOAD src/syscalls.o
LOAD src/system_stm32f4xx.o
LOAD src/tiny_printf.o
LOAD src/version.o
START GROUP
LOAD /Applications/STM32CubeIDE.app/Contents/Eclipse/plugins/com.st.stm32cube.ide.mcu.externaltools.gnu-tools-for-stm32.7-2018-q2-update.macos64_1.0.0.201904181610/tools/bin/../lib/gcc/arm-none-eabi/7.3.1/../../../../arm-none-eabi/lib/thumb/v7e-m/fpv4-sp/hard/libc_nano.a
LOAD /Applications/STM32CubeIDE.app/Contents/Eclipse/plugins/com.st.stm32cube.ide.mcu.externaltools.gnu-tools-for-stm32.7-2018-q2-update.macos64_1.0.0.201904181610/tools/bin/../lib/gcc/arm-none-eabi/7.3.1/../../../../arm-none-eabi/lib/thumb/v7e-m/fpv4-sp/hard/libm.a
END GROUP
START GROUP
LOAD /Applications/STM32CubeIDE.app/Contents/Eclipse/plugins/com.st.stm32cube.ide.mcu.externaltools.gnu-tools-for-stm32.7-2018-q2-update.macos64_1.0.0.201904181610/tools/bin/../lib/gcc/arm-none-eabi/7.3.1/thumb/v7e-m/fpv4-sp/hard/libgcc.a
LOAD /Applications/STM32CubeIDE.app/Contents/Eclipse/plugins/com.st.stm32cube.ide.mcu.externaltools.gnu-tools-for-stm32.7-2018-q2-update.macos64_1.0.0.201904181610/tools/bin/../lib/gcc/arm-none-eabi/7.3.1/../../../../arm-none-eabi/lib/thumb/v7e-m/fpv4-sp/hard/libc_nano.a
END GROUP
START GROUP
LOAD /Applications/STM32CubeIDE.app/Contents/Eclipse/plugins/com.st.stm32cube.ide.mcu.externaltools.gnu-tools-for-stm32.7-2018-q2-update.macos64_1.0.0.201904181610/tools/bin/../lib/gcc/arm-none-eabi/7.3.1/thumb/v7e-m/fpv4-sp/hard/libgcc.a
LOAD /Applications/STM32CubeIDE.app/Contents/Eclipse/plugins/com.st.stm32cube.ide.mcu.externaltools.gnu-tools-for-stm32.7-2018-q2-update.macos64_1.0.0.201904181610/tools/bin/../lib/gcc/arm-none-eabi/7.3.1/../../../../arm-none-eabi/lib/thumb/v7e-m/fpv4-sp/hard/libc_nano.a
LOAD /Applications/STM32CubeIDE.app/Contents/Eclipse/plugins/com.st.stm32cube.ide.mcu.externaltools.gnu-tools-for-stm32.7-2018-q2-update.macos64_1.0.0.201904181610/tools/bin/../lib/gcc/arm-none-eabi/7.3.1/../../../../arm-none-eabi/lib/thumb/v7e-m/fpv4-sp/hard/libnosys.a
END GROUP
START GROUP
LOAD /Applications/STM32CubeIDE.app/Contents/Eclipse/plugins/com.st.stm32cube.ide.mcu.externaltools.gnu-tools-for-stm32.7-2018-q2-update.macos64_1.0.0.201904181610/tools/bin/../lib/gcc/arm-none-eabi/7.3.1/thumb/v7e-m/fpv4-sp/hard/libgcc.a
LOAD /Applications/STM32CubeIDE.app/Contents/Eclipse/plugins/com.st.stm32cube.ide.mcu.externaltools.gnu-tools-for-stm32.7-2018-q2-update.macos64_1.0.0.201904181610/tools/bin/../lib/gcc/arm-none-eabi/7.3.1/../../../../arm-none-eabi/lib/thumb/v7e-m/fpv4-sp/hard/libc_nano.a
LOAD /Applications/STM32CubeIDE.app/Contents/Eclipse/plugins/com.st.stm32cube.ide.mcu.externaltools.gnu-tools-for-stm32.7-2018-q2-update.macos64_1.0.0.201904181610/tools/bin/../lib/gcc/arm-none-eabi/7.3.1/../../../../arm-none-eabi/lib/thumb/v7e-m/fpv4-sp/hard/libnosys.a
END GROUP
LOAD /Applications/STM32CubeIDE.app/Contents/Eclipse/plugins/com.st.stm32cube.ide.mcu.externaltools.gnu-tools-for-stm32.7-2018-q2-update.macos64_1.0.0.201904181610/tools/bin/../lib/gcc/arm-none-eabi/7.3.1/thumb/v7e-m/fpv4-sp/hard/crtend.o
LOAD /Applications/STM32CubeIDE.app/Contents/Eclipse/plugins/com.st.stm32cube.ide.mcu.externaltools.gnu-tools-for-stm32.7-2018-q2-update.macos64_1.0.0.201904181610/tools/bin/../lib/gcc/arm-none-eabi/7.3.1/thumb/v7e-m/fpv4-sp/hard/crtn.o
                0x0000000020020000                _estack = 0x20020000
                0x0000000000000000                _Min_Heap_Size = 0x0
                0x0000000000000400                _Min_Stack_Size = 0x400

.isr_vector     0x0000000008000000      0x188
                0x0000000008000000                . = ALIGN (0x4)
 *(.isr_vector)
 .isr_vector    0x0000000008000000      0x188 src/startup_stm32f40xx.o
                0x0000000008000000                g_pfnVectors
                0x0000000008000188                . = ALIGN (0x4)

.text           0x0000000008000188     0x7308
                0x0000000008000188                . = ALIGN (0x4)
 *(.text)
 .text          0x0000000008000188       0x40 /Applications/STM32CubeIDE.app/Contents/Eclipse/plugins/com.st.stm32cube.ide.mcu.externaltools.gnu-tools-for-stm32.7-2018-q2-update.macos64_1.0.0.201904181610/tools/bin/../lib/gcc/arm-none-eabi/7.3.1/thumb/v7e-m/fpv4-sp/hard/crtbegin.o
 .text          0x00000000080001c8       0x10 /Applications/STM32CubeIDE.app/Contents/Eclipse/plugins/com.st.stm32cube.ide.mcu.externaltools.gnu-tools-for-stm32.7-2018-q2-update.macos64_1.0.0.201904181610/tools/bin/../lib/gcc/arm-none-eabi/7.3.1/../../../../arm-none-eabi/lib/thumb/v7e-m/fpv4-sp/hard/libc_nano.a(lib_a-strlen.o)
                0x00000000080001c8                strlen
 .text          0x00000000080001d8      0x378 /Applications/STM32CubeIDE.app/Contents/Eclipse/plugins/com.st.stm32cube.ide.mcu.externaltools.gnu-tools-for-stm32.7-2018-q2-update.macos64_1.0.0.201904181610/tools/bin/../lib/gcc/arm-none-eabi/7.3.1/thumb/v7e-m/fpv4-sp/hard/libgcc.a(_arm_addsubdf3.o)
                0x00000000080001d8                __aeabi_drsub
                0x00000000080001e0                __subdf3
                0x00000000080001e0                __aeabi_dsub
                0x00000000080001e4                __aeabi_dadd
                0x00000000080001e4                __adddf3
                0x000000000800045c                __aeabi_ui2d
                0x000000000800045c                __floatunsidf
                0x000000000800047c                __floatsidf
                0x000000000800047c                __aeabi_i2d
                0x00000000080004a0                __extendsfdf2
                0x00000000080004a0                __aeabi_f2d
                0x00000000080004e4                __aeabi_ul2d
                0x00000000080004e4                __floatundidf
                0x00000000080004f4                __aeabi_l2d
                0x00000000080004f4                __floatdidf
 .text          0x0000000008000550      0x424 /Applications/STM32CubeIDE.app/Contents/Eclipse/plugins/com.st.stm32cube.ide.mcu.externaltools.gnu-tools-for-stm32.7-2018-q2-update.macos64_1.0.0.201904181610/tools/bin/../lib/gcc/arm-none-eabi/7.3.1/thumb/v7e-m/fpv4-sp/hard/libgcc.a(_arm_muldivdf3.o)
                0x0000000008000550                __aeabi_dmul
                0x0000000008000550                __muldf3
                0x00000000080007a4                __aeabi_ddiv
                0x00000000080007a4                __divdf3
 .text          0x0000000008000974       0x40 /Applications/STM32CubeIDE.app/Contents/Eclipse/plugins/com.st.stm32cube.ide.mcu.externaltools.gnu-tools-for-stm32.7-2018-q2-update.macos64_1.0.0.201904181610/tools/bin/../lib/gcc/arm-none-eabi/7.3.1/thumb/v7e-m/fpv4-sp/hard/libgcc.a(_arm_fixunsdfsi.o)
                0x0000000008000974                __fixunsdfsi
                0x0000000008000974                __aeabi_d2uiz
 .text          0x00000000080009b4       0xa0 /Applications/STM32CubeIDE.app/Contents/Eclipse/plugins/com.st.stm32cube.ide.mcu.externaltools.gnu-tools-for-stm32.7-2018-q2-update.macos64_1.0.0.201904181610/tools/bin/../lib/gcc/arm-none-eabi/7.3.1/thumb/v7e-m/fpv4-sp/hard/libgcc.a(_aeabi_ldivmod.o)
                0x00000000080009b4                __aeabi_ldivmod
 .text          0x0000000008000a54      0x2cc /Applications/STM32CubeIDE.app/Contents/Eclipse/plugins/com.st.stm32cube.ide.mcu.externaltools.gnu-tools-for-stm32.7-2018-q2-update.macos64_1.0.0.201904181610/tools/bin/../lib/gcc/arm-none-eabi/7.3.1/thumb/v7e-m/fpv4-sp/hard/libgcc.a(_udivmoddi4.o)
                0x0000000008000a54                __udivmoddi4
 .text          0x0000000008000d20        0x4 /Applications/STM32CubeIDE.app/Contents/Eclipse/plugins/com.st.stm32cube.ide.mcu.externaltools.gnu-tools-for-stm32.7-2018-q2-update.macos64_1.0.0.201904181610/tools/bin/../lib/gcc/arm-none-eabi/7.3.1/thumb/v7e-m/fpv4-sp/hard/libgcc.a(_dvmd_tls.o)
                0x0000000008000d20                __aeabi_ldiv0
                0x0000000008000d20                __aeabi_idiv0
 *(.text*)
 .text.NVIC_Init
                0x0000000008000d24       0x58 Libraries/STM32F4xx_StdPeriph_Driver/src/misc.o
                0x0000000008000d24                NVIC_Init
 .text.ADC_Init
                0x0000000008000d7c       0x4c Libraries/STM32F4xx_StdPeriph_Driver/src/stm32f4xx_adc.o
                0x0000000008000d7c                ADC_Init
 .text.ADC_StructInit
                0x0000000008000dc8       0x14 Libraries/STM32F4xx_StdPeriph_Driver/src/stm32f4xx_adc.o
                0x0000000008000dc8                ADC_StructInit
 .text.ADC_CommonInit
                0x0000000008000ddc       0x28 Libraries/STM32F4xx_StdPeriph_Driver/src/stm32f4xx_adc.o
                0x0000000008000ddc                ADC_CommonInit
 .text.ADC_Cmd  0x0000000008000e04       0x12 Libraries/STM32F4xx_StdPeriph_Driver/src/stm32f4xx_adc.o
                0x0000000008000e04                ADC_Cmd
 .text.ADC_RegularChannelConfig
                0x0000000008000e16       0x8c Libraries/STM32F4xx_StdPeriph_Driver/src/stm32f4xx_adc.o
                0x0000000008000e16                ADC_RegularChannelConfig
 .text.ADC_ITConfig
                0x0000000008000ea2       0x18 Libraries/STM32F4xx_StdPeriph_Driver/src/stm32f4xx_adc.o
                0x0000000008000ea2                ADC_ITConfig
 .text.ADC_GetFlagStatus
                0x0000000008000eba        0xc Libraries/STM32F4xx_StdPeriph_Driver/src/stm32f4xx_adc.o
                0x0000000008000eba                ADC_GetFlagStatus
 .text.ADC_ClearFlag
                0x0000000008000ec6        0x6 Libraries/STM32F4xx_StdPeriph_Driver/src/stm32f4xx_adc.o
                0x0000000008000ec6                ADC_ClearFlag
 .text.DAC_DeInit
                0x0000000008000ecc       0x1a Libraries/STM32F4xx_StdPeriph_Driver/src/stm32f4xx_dac.o
                0x0000000008000ecc                DAC_DeInit
 *fill*         0x0000000008000ee6        0x2 
 .text.DAC_Init
                0x0000000008000ee8       0x2c Libraries/STM32F4xx_StdPeriph_Driver/src/stm32f4xx_dac.o
                0x0000000008000ee8                DAC_Init
 .text.DAC_StructInit
                0x0000000008000f14        0xc Libraries/STM32F4xx_StdPeriph_Driver/src/stm32f4xx_dac.o
                0x0000000008000f14                DAC_StructInit
 .text.DAC_Cmd  0x0000000008000f20       0x1c Libraries/STM32F4xx_StdPeriph_Driver/src/stm32f4xx_dac.o
                0x0000000008000f20                DAC_Cmd
 .text.DAC_SetChannel1Data
                0x0000000008000f3c       0x20 Libraries/STM32F4xx_StdPeriph_Driver/src/stm32f4xx_dac.o
                0x0000000008000f3c                DAC_SetChannel1Data
 .text.DAC_SetChannel2Data
                0x0000000008000f5c       0x20 Libraries/STM32F4xx_StdPeriph_Driver/src/stm32f4xx_dac.o
                0x0000000008000f5c                DAC_SetChannel2Data
 .text.EXTI_DeInit
                0x0000000008000f7c       0x1c Libraries/STM32F4xx_StdPeriph_Driver/src/stm32f4xx_exti.o
                0x0000000008000f7c                EXTI_DeInit
 .text.EXTI_Init
                0x0000000008000f98       0x68 Libraries/STM32F4xx_StdPeriph_Driver/src/stm32f4xx_exti.o
                0x0000000008000f98                EXTI_Init
 .text.EXTI_ClearITPendingBit
                0x0000000008001000        0xc Libraries/STM32F4xx_StdPeriph_Driver/src/stm32f4xx_exti.o
                0x0000000008001000                EXTI_ClearITPendingBit
 .text.GPIO_Init
                0x000000000800100c       0x9c Libraries/STM32F4xx_StdPeriph_Driver/src/stm32f4xx_gpio.o
                0x000000000800100c                GPIO_Init
 .text.GPIO_StructInit
                0x00000000080010a8       0x12 Libraries/STM32F4xx_StdPeriph_Driver/src/stm32f4xx_gpio.o
                0x00000000080010a8                GPIO_StructInit
 .text.GPIO_ReadInputDataBit
                0x00000000080010ba        0xc Libraries/STM32F4xx_StdPeriph_Driver/src/stm32f4xx_gpio.o
                0x00000000080010ba                GPIO_ReadInputDataBit
 .text.GPIO_SetBits
                0x00000000080010c6        0x4 Libraries/STM32F4xx_StdPeriph_Driver/src/stm32f4xx_gpio.o
                0x00000000080010c6                GPIO_SetBits
 .text.GPIO_ResetBits
                0x00000000080010ca        0x4 Libraries/STM32F4xx_StdPeriph_Driver/src/stm32f4xx_gpio.o
                0x00000000080010ca                GPIO_ResetBits
 .text.GPIO_PinAFConfig
                0x00000000080010ce       0x24 Libraries/STM32F4xx_StdPeriph_Driver/src/stm32f4xx_gpio.o
                0x00000000080010ce                GPIO_PinAFConfig
 *fill*         0x00000000080010f2        0x2 
 .text.RCC_GetClocksFreq
                0x00000000080010f4       0x88 Libraries/STM32F4xx_StdPeriph_Driver/src/stm32f4xx_rcc.o
                0x00000000080010f4                RCC_GetClocksFreq
 .text.RCC_AHB1PeriphClockCmd
                0x000000000800117c       0x18 Libraries/STM32F4xx_StdPeriph_Driver/src/stm32f4xx_rcc.o
                0x000000000800117c                RCC_AHB1PeriphClockCmd
 .text.RCC_APB1PeriphClockCmd
                0x0000000008001194       0x18 Libraries/STM32F4xx_StdPeriph_Driver/src/stm32f4xx_rcc.o
                0x0000000008001194                RCC_APB1PeriphClockCmd
 .text.RCC_APB2PeriphClockCmd
                0x00000000080011ac       0x18 Libraries/STM32F4xx_StdPeriph_Driver/src/stm32f4xx_rcc.o
                0x00000000080011ac                RCC_APB2PeriphClockCmd
 .text.RCC_APB1PeriphResetCmd
                0x00000000080011c4       0x18 Libraries/STM32F4xx_StdPeriph_Driver/src/stm32f4xx_rcc.o
                0x00000000080011c4                RCC_APB1PeriphResetCmd
 .text.RCC_APB2PeriphResetCmd
                0x00000000080011dc       0x18 Libraries/STM32F4xx_StdPeriph_Driver/src/stm32f4xx_rcc.o
                0x00000000080011dc                RCC_APB2PeriphResetCmd
 .text.SPI_I2S_DeInit
                0x00000000080011f4       0xb8 Libraries/STM32F4xx_StdPeriph_Driver/src/stm32f4xx_spi.o
                0x00000000080011f4                SPI_I2S_DeInit
 .text.SPI_Init
                0x00000000080012ac       0x3c Libraries/STM32F4xx_StdPeriph_Driver/src/stm32f4xx_spi.o
                0x00000000080012ac                SPI_Init
 .text.SPI_StructInit
                0x00000000080012e8       0x18 Libraries/STM32F4xx_StdPeriph_Driver/src/stm32f4xx_spi.o
                0x00000000080012e8                SPI_StructInit
 .text.SPI_Cmd  0x0000000008001300       0x16 Libraries/STM32F4xx_StdPeriph_Driver/src/stm32f4xx_spi.o
                0x0000000008001300                SPI_Cmd
 .text.SPI_NSSInternalSoftwareConfig
                0x0000000008001316       0x1a Libraries/STM32F4xx_StdPeriph_Driver/src/stm32f4xx_spi.o
                0x0000000008001316                SPI_NSSInternalSoftwareConfig
 .text.SPI_I2S_ReceiveData
                0x0000000008001330        0x4 Libraries/STM32F4xx_StdPeriph_Driver/src/stm32f4xx_spi.o
                0x0000000008001330                SPI_I2S_ReceiveData
 .text.SPI_I2S_SendData
                0x0000000008001334        0x4 Libraries/STM32F4xx_StdPeriph_Driver/src/stm32f4xx_spi.o
                0x0000000008001334                SPI_I2S_SendData
 .text.SPI_I2S_GetFlagStatus
                0x0000000008001338        0xc Libraries/STM32F4xx_StdPeriph_Driver/src/stm32f4xx_spi.o
                0x0000000008001338                SPI_I2S_GetFlagStatus
 .text.SYSCFG_EXTILineConfig
                0x0000000008001344       0x2a Libraries/STM32F4xx_StdPeriph_Driver/src/stm32f4xx_syscfg.o
                0x0000000008001344                SYSCFG_EXTILineConfig
 *fill*         0x000000000800136e        0x2 
 .text.TIM_TimeBaseInit
                0x0000000008001370       0x7c Libraries/STM32F4xx_StdPeriph_Driver/src/stm32f4xx_tim.o
                0x0000000008001370                TIM_TimeBaseInit
 .text.TIM_TimeBaseStructInit
                0x00000000080013ec       0x10 Libraries/STM32F4xx_StdPeriph_Driver/src/stm32f4xx_tim.o
                0x00000000080013ec                TIM_TimeBaseStructInit
 .text.TIM_SetCounter
                0x00000000080013fc        0x4 Libraries/STM32F4xx_StdPeriph_Driver/src/stm32f4xx_tim.o
                0x00000000080013fc                TIM_SetCounter
 .text.TIM_ARRPreloadConfig
                0x0000000008001400       0x16 Libraries/STM32F4xx_StdPeriph_Driver/src/stm32f4xx_tim.o
                0x0000000008001400                TIM_ARRPreloadConfig
 .text.TIM_Cmd  0x0000000008001416       0x16 Libraries/STM32F4xx_StdPeriph_Driver/src/stm32f4xx_tim.o
                0x0000000008001416                TIM_Cmd
 .text.TIM_SetCompare2
                0x000000000800142c        0x4 Libraries/STM32F4xx_StdPeriph_Driver/src/stm32f4xx_tim.o
                0x000000000800142c                TIM_SetCompare2
 .text.TIM_CCxCmd
                0x0000000008001430       0x1c Libraries/STM32F4xx_StdPeriph_Driver/src/stm32f4xx_tim.o
                0x0000000008001430                TIM_CCxCmd
 .text.TIM_ITConfig
                0x000000000800144c       0x10 Libraries/STM32F4xx_StdPeriph_Driver/src/stm32f4xx_tim.o
                0x000000000800144c                TIM_ITConfig
 .text.TIM_GetITStatus
                0x000000000800145c       0x16 Libraries/STM32F4xx_StdPeriph_Driver/src/stm32f4xx_tim.o
                0x000000000800145c                TIM_GetITStatus
 .text.TIM_ClearITPendingBit
                0x0000000008001472        0x8 Libraries/STM32F4xx_StdPeriph_Driver/src/stm32f4xx_tim.o
                0x0000000008001472                TIM_ClearITPendingBit
 .text.TIM_SelectOutputTrigger
                0x000000000800147a       0x14 Libraries/STM32F4xx_StdPeriph_Driver/src/stm32f4xx_tim.o
                0x000000000800147a                TIM_SelectOutputTrigger
 *fill*         0x000000000800148e        0x2 
 .text.CAT25512_SendByte
                0x0000000008001490       0x38 src/CAT25512.o
                0x0000000008001490                CAT25512_SendByte
 .text.CAT25512_RecieveData
                0x00000000080014c8       0x34 src/CAT25512.o
                0x00000000080014c8                CAT25512_RecieveData
 .text.CAT25512_init
                0x00000000080014fc       0xe8 src/CAT25512.o
                0x00000000080014fc                CAT25512_init
 .text.CAT25512_ReadStatusRegister
                0x00000000080015e4       0x34 src/CAT25512.o
                0x00000000080015e4                CAT25512_ReadStatusRegister
 .text.CAT25512_WREN
                0x0000000008001618       0x28 src/CAT25512.o
                0x0000000008001618                CAT25512_WREN
 .text.CAT25512_ReadByte
                0x0000000008001640       0x3c src/CAT25512.o
                0x0000000008001640                CAT25512_ReadByte
 .text.CAT25512_write_block
                0x000000000800167c       0xb4 src/CAT25512.o
                0x000000000800167c                CAT25512_write_block
 .text.CAT25512_read_block
                0x0000000008001730       0x4c src/CAT25512.o
                0x0000000008001730                CAT25512_read_block
 .text.init_HC165
                0x000000000800177c       0x58 src/HC165.o
                0x000000000800177c                init_HC165
 .text.HC165_LatchUp
                0x00000000080017d4       0x6c src/HC165.o
                0x00000000080017d4                HC165_LatchUp
 .text.HC165_GetByte
                0x0000000008001840       0xfc src/HC165.o
                0x0000000008001840                HC165_GetByte
 .text.HC165_GetDWord
                0x000000000800193c       0x26 src/HC165.o
                0x000000000800193c                HC165_GetDWord
 .text.HC165_GetDWord1
                0x0000000008001962       0x1c src/HC165.o
                0x0000000008001962                HC165_GetDWord1
 *fill*         0x000000000800197e        0x2 
 .text.GetButton
                0x0000000008001980       0x38 src/HC165.o
                0x0000000008001980                GetButton
 .text.SendData
                0x00000000080019b8       0x38 src/MAX5135.o
                0x00000000080019b8                SendData
 .text.MAX5135_SendPack
                0x00000000080019f0       0x30 src/MAX5135.o
                0x00000000080019f0                MAX5135_SendPack
 .text.MAX5135init
                0x0000000008001a20       0xb4 src/MAX5135.o
                0x0000000008001a20                MAX5135init
 .text.MAX5135_DAC_send
                0x0000000008001ad4       0x46 src/MAX5135.o
                0x0000000008001ad4                MAX5135_DAC_send
 *fill*         0x0000000008001b1a        0x2 
 .text.ADC_POTS_selector_init
                0x0000000008001b1c       0x38 src/adc_pots_selector.o
                0x0000000008001b1c                ADC_POTS_selector_init
 .text.ADC_POTS_selector_SendByte
                0x0000000008001b54       0x74 src/adc_pots_selector.o
                0x0000000008001b54                ADC_POTS_selector_SendByte
 .text.ADC_POTS_selector_SendHalfByte
                0x0000000008001bc8       0x74 src/adc_pots_selector.o
                0x0000000008001bc8                ADC_POTS_selector_SendHalfByte
 .text.ADC_POTS_selector_SendDWord
                0x0000000008001c3c       0x38 src/adc_pots_selector.o
                0x0000000008001c3c                ADC_POTS_selector_SendDWord
 .text.ADC_POTS_selector_Ch
                0x0000000008001c74       0x14 src/adc_pots_selector.o
                0x0000000008001c74                ADC_POTS_selector_Ch
 .text.ADC_inc  0x0000000008001c88       0x80 src/adc_pots_selector.o
                0x0000000008001c88                ADC_inc
 .text.ADC_inc_expanded
                0x0000000008001d08       0x70 src/adc_pots_selector.o
                0x0000000008001d08                ADC_inc_expanded
 .text.DipConfig_init
                0x0000000008001d78       0x34 src/dip_config.o
                0x0000000008001d78                DipConfig_init
 .text.GetDipConfig
                0x0000000008001dac       0x48 src/dip_config.o
                0x0000000008001dac                GetDipConfig
 .text.Init_Expander_GPIO
                0x0000000008001df4        0x2 src/expander.o
                0x0000000008001df4                Init_Expander_GPIO
 .text.Is_Expander_Present
                0x0000000008001df6        0xc src/expander.o
                0x0000000008001df6                Is_Expander_Present
 *fill*         0x0000000008001e02        0x2 
 .text.LEDS_modes_init
                0x0000000008001e04       0x38 src/leds_modes.o
                0x0000000008001e04                LEDS_modes_init
 .text.LEDS_modes_SendByte
                0x0000000008001e3c       0x88 src/leds_modes.o
                0x0000000008001e3c                LEDS_modes_SendByte
 .text.LEDS_modes_SendStruct
                0x0000000008001ec4       0x38 src/leds_modes.o
                0x0000000008001ec4                LEDS_modes_SendStruct
 .text.LED_STEP_init
                0x0000000008001efc       0x38 src/leds_step.o
                0x0000000008001efc                LED_STEP_init
 .text.LED_STEP_SendByte
                0x0000000008001f34       0x8c src/leds_step.o
                0x0000000008001f34                LED_STEP_SendByte
 .text.LED_STEP_SendWord
                0x0000000008001fc0       0x30 src/leds_step.o
                0x0000000008001fc0                LED_STEP_SendWord
 .text.LED_STEP_LightStep
                0x0000000008001ff0       0x64 src/leds_step.o
                0x0000000008001ff0                LED_STEP_LightStep
 .text.NVIC_EnableIRQ
                0x0000000008002054       0x34 src/main.o
 .text.NVIC_DisableIRQ
                0x0000000008002088       0x34 src/main.o
 .text.NVIC_SetPriority
                0x00000000080020bc       0x54 src/main.o
 .text.SysTick_Config
                0x0000000008002110       0x44 src/main.o
 .text.systickInit
                0x0000000008002154       0x2a src/main.o
                0x0000000008002154                systickInit
 *fill*         0x000000000800217e        0x2 
 .text.SysTick_Handler
                0x0000000008002180       0x1c src/main.o
                0x0000000008002180                SysTick_Handler
 .text.ADC_IRQHandler
                0x000000000800219c      0x5d0 src/main.o
                0x000000000800219c                ADC_IRQHandler
 .text.mADC_init
                0x000000000800276c      0x1a4 src/main.o
                0x000000000800276c                mADC_init
 .text.ADCPause
                0x0000000008002910        0xe src/main.o
                0x0000000008002910                ADCPause
 *fill*         0x000000000800291e        0x2 
 .text.mInterruptInit
                0x0000000008002920       0xf8 src/main.o
                0x0000000008002920                mInterruptInit
 .text.EXTI0_IRQHandler
                0x0000000008002a18       0x74 src/main.o
                0x0000000008002a18                EXTI0_IRQHandler
 .text.InitStart_1_SignalTimer
                0x0000000008002a8c       0x44 src/main.o
                0x0000000008002a8c                InitStart_1_SignalTimer
 .text.InitStart_2_SignalTimer
                0x0000000008002ad0       0x44 src/main.o
                0x0000000008002ad0                InitStart_2_SignalTimer
 .text.InitClear_Timer
                0x0000000008002b14       0x50 src/main.o
                0x0000000008002b14                InitClear_Timer
 .text.EXTI1_IRQHandler
                0x0000000008002b64       0x68 src/main.o
                0x0000000008002b64                EXTI1_IRQHandler
 .text.EXTI9_5_IRQHandler
                0x0000000008002bcc      0x51c src/main.o
                0x0000000008002bcc                EXTI9_5_IRQHandler
 .text.SaveSequence
                0x00000000080030e8       0xb0 src/main.o
                0x00000000080030e8                SaveSequence
 .text.LoadSequence
                0x0000000008003198      0x178 src/main.o
                0x0000000008003198                LoadSequence
 .text.GetStepWidth
                0x0000000008003310      0x210 src/main.o
                0x0000000008003310                GetStepWidth
 .text.GetStepVoltage
                0x0000000008003520      0x404 src/main.o
                0x0000000008003520                GetStepVoltage
 .text.GetNextStep
                0x0000000008003924      0x104 src/main.o
                0x0000000008003924                GetNextStep
 .text.TIM4_IRQHandler
                0x0000000008003a28      0x628 src/main.o
                0x0000000008003a28                TIM4_IRQHandler
 .text.TIM5_IRQHandler
                0x0000000008004050      0x600 src/main.o
                0x0000000008004050                TIM5_IRQHandler
 .text.mTimersInit
                0x0000000008004650      0x190 src/main.o
                0x0000000008004650                mTimersInit
 .text.TIM8_UP_TIM13_IRQHandler
                0x00000000080047e0       0x48 src/main.o
                0x00000000080047e0                TIM8_UP_TIM13_IRQHandler
 .text.TIM8_TRG_COM_TIM14_IRQHandler
                0x0000000008004828       0x4c src/main.o
                0x0000000008004828                TIM8_TRG_COM_TIM14_IRQHandler
 .text.TIM3_IRQHandler
                0x0000000008004874      0x148 src/main.o
                0x0000000008004874                TIM3_IRQHandler
 .text.TIM7_IRQHandler
                0x00000000080049bc      0x144 src/main.o
                0x00000000080049bc                TIM7_IRQHandler
 .text.TIM6_DAC_IRQHandler
                0x0000000008004b00      0x29c src/main.o
                0x0000000008004b00                TIM6_DAC_IRQHandler
 .text.PulsesInit
                0x0000000008004d9c       0xb8 src/main.o
                0x0000000008004d9c                PulsesInit
 .text.DisplayLedsIOInit
                0x0000000008004e54       0x34 src/main.o
                0x0000000008004e54                DisplayLedsIOInit
 .text.InternalDACInit
                0x0000000008004e88       0x88 src/main.o
                0x0000000008004e88                InternalDACInit
 .text.keyb_proc
                0x0000000008004f10     0x1450 src/main.o
                0x0000000008004f10                keyb_proc
 .text.UpdateModeSection
                0x0000000008006360      0x554 src/main.o
                0x0000000008006360                UpdateModeSection
 .text.UpdateStepSection
                0x00000000080068b4       0x8c src/main.o
                0x00000000080068b4                UpdateStepSection
 .text.PermutePulses
                0x0000000008006940      0x100 src/main.o
                0x0000000008006940                PermutePulses
 .text.Calibration
                0x0000000008006a40      0x178 src/main.o
                0x0000000008006a40                Calibration
 .text.main     0x0000000008006bb8      0x590 src/main.o
                0x0000000008006bb8                main
 .text.delay_ms
                0x0000000008007148       0x40 src/main.o
                0x0000000008007148                delay_ms
 .text.delay_us
                0x0000000008007188       0x40 src/main.o
                0x0000000008007188                delay_us
 .text.delay_ns
                0x00000000080071c8       0x50 src/main.o
                0x00000000080071c8                delay_ns
 .text.Reset_Handler
                0x0000000008007218       0x50 src/startup_stm32f40xx.o
                0x0000000008007218                Reset_Handler
 .text.Default_Handler
                0x0000000008007268        0x2 src/startup_stm32f40xx.o
                0x0000000008007268                DMA1_Stream3_IRQHandler
                0x0000000008007268                HASH_RNG_IRQHandler
                0x0000000008007268                EXTI2_IRQHandler
                0x0000000008007268                TIM8_CC_IRQHandler
                0x0000000008007268                TIM1_CC_IRQHandler
                0x0000000008007268                DMA2_Stream5_IRQHandler
                0x0000000008007268                DMA1_Stream5_IRQHandler
                0x0000000008007268                PVD_IRQHandler
                0x0000000008007268                SDIO_IRQHandler
                0x0000000008007268                TAMP_STAMP_IRQHandler
                0x0000000008007268                CAN2_RX1_IRQHandler
                0x0000000008007268                EXTI3_IRQHandler
                0x0000000008007268                TIM1_UP_TIM10_IRQHandler
                0x0000000008007268                I2C3_ER_IRQHandler
                0x0000000008007268                I2C2_EV_IRQHandler
                0x0000000008007268                DMA1_Stream2_IRQHandler
                0x0000000008007268                CAN1_RX0_IRQHandler
                0x0000000008007268                FPU_IRQHandler
                0x0000000008007268                OTG_HS_WKUP_IRQHandler
                0x0000000008007268                CAN2_SCE_IRQHandler
                0x0000000008007268                DMA2_Stream2_IRQHandler
                0x0000000008007268                SPI1_IRQHandler
                0x0000000008007268                TIM1_BRK_TIM9_IRQHandler
                0x0000000008007268                DCMI_IRQHandler
                0x0000000008007268                CAN2_RX0_IRQHandler
                0x0000000008007268                DMA2_Stream3_IRQHandler
                0x0000000008007268                USART6_IRQHandler
                0x0000000008007268                USART3_IRQHandler
                0x0000000008007268                CRYP_IRQHandler
                0x0000000008007268                CAN1_RX1_IRQHandler
                0x0000000008007268                UART5_IRQHandler
                0x0000000008007268                DMA2_Stream0_IRQHandler
                0x0000000008007268                I2C1_EV_IRQHandler
                0x0000000008007268                DMA1_Stream6_IRQHandler
                0x0000000008007268                DMA1_Stream1_IRQHandler
                0x0000000008007268                UART4_IRQHandler
                0x0000000008007268                RCC_IRQHandler
                0x0000000008007268                TIM8_BRK_TIM12_IRQHandler
                0x0000000008007268                Default_Handler
                0x0000000008007268                EXTI15_10_IRQHandler
                0x0000000008007268                DMA1_Stream7_IRQHandler
                0x0000000008007268                CAN2_TX_IRQHandler
                0x0000000008007268                DMA2_Stream7_IRQHandler
                0x0000000008007268                I2C3_EV_IRQHandler
                0x0000000008007268                RTC_WKUP_IRQHandler
                0x0000000008007268                ETH_WKUP_IRQHandler
                0x0000000008007268                SPI2_IRQHandler
                0x0000000008007268                OTG_HS_EP1_IN_IRQHandler
                0x0000000008007268                DMA1_Stream0_IRQHandler
                0x0000000008007268                CAN1_TX_IRQHandler
                0x0000000008007268                EXTI4_IRQHandler
                0x0000000008007268                FSMC_IRQHandler
                0x0000000008007268                ETH_IRQHandler
                0x0000000008007268                OTG_HS_EP1_OUT_IRQHandler
                0x0000000008007268                WWDG_IRQHandler
                0x0000000008007268                TIM2_IRQHandler
                0x0000000008007268                OTG_FS_WKUP_IRQHandler
                0x0000000008007268                TIM1_TRG_COM_TIM11_IRQHandler
                0x0000000008007268                OTG_HS_IRQHandler
                0x0000000008007268                USART2_IRQHandler
                0x0000000008007268                I2C2_ER_IRQHandler
                0x0000000008007268                DMA2_Stream1_IRQHandler
                0x0000000008007268                CAN1_SCE_IRQHandler
                0x0000000008007268                FLASH_IRQHandler
                0x0000000008007268                DMA2_Stream4_IRQHandler
                0x0000000008007268                USART1_IRQHandler
                0x0000000008007268                OTG_FS_IRQHandler
                0x0000000008007268                SPI3_IRQHandler
                0x0000000008007268                DMA1_Stream4_IRQHandler
                0x0000000008007268                I2C1_ER_IRQHandler
                0x0000000008007268                DMA2_Stream6_IRQHandler
                0x0000000008007268                RTC_Alarm_IRQHandler
 .text.NMI_Handler
                0x000000000800726a        0x2 src/stm32f4xx_it.o
                0x000000000800726a                NMI_Handler
 .text.HardFault_Handler
                0x000000000800726c        0x2 src/stm32f4xx_it.o
                0x000000000800726c                HardFault_Handler
 .text.MemManage_Handler
                0x000000000800726e        0x2 src/stm32f4xx_it.o
                0x000000000800726e                MemManage_Handler
 .text.BusFault_Handler
                0x0000000008007270        0x2 src/stm32f4xx_it.o
                0x0000000008007270                BusFault_Handler
 .text.UsageFault_Handler
                0x0000000008007272        0x2 src/stm32f4xx_it.o
                0x0000000008007272                UsageFault_Handler
 .text.SVC_Handler
                0x0000000008007274        0x2 src/stm32f4xx_it.o
                0x0000000008007274                SVC_Handler
 .text.DebugMon_Handler
                0x0000000008007276        0x2 src/stm32f4xx_it.o
                0x0000000008007276                DebugMon_Handler
 .text.PendSV_Handler
                0x0000000008007278        0x2 src/stm32f4xx_it.o
                0x0000000008007278                PendSV_Handler
 .text._write   0x000000000800727a       0x2e src/syscalls.o
                0x000000000800727a                _write
 .text.SystemInit
                0x00000000080072a8       0xf4 src/system_stm32f4xx.o
                0x00000000080072a8                SystemInit
 .text.puts     0x000000000800739c       0x34 src/tiny_printf.o
                0x000000000800739c                puts
 .text.versionInit
                0x00000000080073d0       0x38 src/version.o
                0x00000000080073d0                versionInit
 .text.versionRevised
                0x0000000008007408       0x18 src/version.o
                0x0000000008007408                versionRevised
 .text.__libc_init_array
                0x0000000008007420       0x48 /Applications/STM32CubeIDE.app/Contents/Eclipse/plugins/com.st.stm32cube.ide.mcu.externaltools.gnu-tools-for-stm32.7-2018-q2-update.macos64_1.0.0.201904181610/tools/bin/../lib/gcc/arm-none-eabi/7.3.1/../../../../arm-none-eabi/lib/thumb/v7e-m/fpv4-sp/hard/libc_nano.a(lib_a-init.o)
                0x0000000008007420                __libc_init_array
 .text.memset   0x0000000008007468       0x10 /Applications/STM32CubeIDE.app/Contents/Eclipse/plugins/com.st.stm32cube.ide.mcu.externaltools.gnu-tools-for-stm32.7-2018-q2-update.macos64_1.0.0.201904181610/tools/bin/../lib/gcc/arm-none-eabi/7.3.1/../../../../arm-none-eabi/lib/thumb/v7e-m/fpv4-sp/hard/libc_nano.a(lib_a-memset.o)
                0x0000000008007468                memset
 *(.glue_7)
 .glue_7        0x0000000008007478        0x0 linker stubs
 *(.glue_7t)
 .glue_7t       0x0000000008007478        0x0 linker stubs
 *(.eh_frame)
 .eh_frame      0x0000000008007478        0x0 /Applications/STM32CubeIDE.app/Contents/Eclipse/plugins/com.st.stm32cube.ide.mcu.externaltools.gnu-tools-for-stm32.7-2018-q2-update.macos64_1.0.0.201904181610/tools/bin/../lib/gcc/arm-none-eabi/7.3.1/thumb/v7e-m/fpv4-sp/hard/crtbegin.o
 *(.init)
 .init          0x0000000008007478        0x4 /Applications/STM32CubeIDE.app/Contents/Eclipse/plugins/com.st.stm32cube.ide.mcu.externaltools.gnu-tools-for-stm32.7-2018-q2-update.macos64_1.0.0.201904181610/tools/bin/../lib/gcc/arm-none-eabi/7.3.1/thumb/v7e-m/fpv4-sp/hard/crti.o
                0x0000000008007478                _init
 .init          0x000000000800747c        0x8 /Applications/STM32CubeIDE.app/Contents/Eclipse/plugins/com.st.stm32cube.ide.mcu.externaltools.gnu-tools-for-stm32.7-2018-q2-update.macos64_1.0.0.201904181610/tools/bin/../lib/gcc/arm-none-eabi/7.3.1/thumb/v7e-m/fpv4-sp/hard/crtn.o
 *(.fini)
 .fini          0x0000000008007484        0x4 /Applications/STM32CubeIDE.app/Contents/Eclipse/plugins/com.st.stm32cube.ide.mcu.externaltools.gnu-tools-for-stm32.7-2018-q2-update.macos64_1.0.0.201904181610/tools/bin/../lib/gcc/arm-none-eabi/7.3.1/thumb/v7e-m/fpv4-sp/hard/crti.o
                0x0000000008007484                _fini
 .fini          0x0000000008007488        0x8 /Applications/STM32CubeIDE.app/Contents/Eclipse/plugins/com.st.stm32cube.ide.mcu.externaltools.gnu-tools-for-stm32.7-2018-q2-update.macos64_1.0.0.201904181610/tools/bin/../lib/gcc/arm-none-eabi/7.3.1/thumb/v7e-m/fpv4-sp/hard/crtn.o
                0x0000000008007490                . = ALIGN (0x4)
                0x0000000008007490                _etext = .

.vfp11_veneer   0x0000000008007490        0x0
 .vfp11_veneer  0x0000000008007490        0x0 linker stubs

.v4_bx          0x0000000008007490        0x0
 .v4_bx         0x0000000008007490        0x0 linker stubs

.iplt           0x0000000008007490        0x0
 .iplt          0x0000000008007490        0x0 /Applications/STM32CubeIDE.app/Contents/Eclipse/plugins/com.st.stm32cube.ide.mcu.externaltools.gnu-tools-for-stm32.7-2018-q2-update.macos64_1.0.0.201904181610/tools/bin/../lib/gcc/arm-none-eabi/7.3.1/thumb/v7e-m/fpv4-sp/hard/crtbegin.o

.rodata         0x0000000008007490       0x10
                0x0000000008007490                . = ALIGN (0x4)
 *(.rodata)
 .rodata        0x0000000008007490        0xb src/main.o
 *(.rodata*)
 .rodata.fputs.str1.1
                0x000000000800749b        0x2 src/tiny_printf.o
                0x00000000080074a0                . = ALIGN (0x4)
 *fill*         0x000000000800749d        0x3 

.ARM.extab
 *(.ARM.extab* .gnu.linkonce.armextab.*)

.ARM            0x00000000080074a0        0x8
                0x00000000080074a0                __exidx_start = .
 *(.ARM.exidx*)
 .ARM.exidx     0x00000000080074a0        0x8 /Applications/STM32CubeIDE.app/Contents/Eclipse/plugins/com.st.stm32cube.ide.mcu.externaltools.gnu-tools-for-stm32.7-2018-q2-update.macos64_1.0.0.201904181610/tools/bin/../lib/gcc/arm-none-eabi/7.3.1/thumb/v7e-m/fpv4-sp/hard/libgcc.a(_udivmoddi4.o)
                0x00000000080074a8                __exidx_end = .

.rel.dyn        0x00000000080074a8        0x0
 .rel.iplt      0x00000000080074a8        0x0 /Applications/STM32CubeIDE.app/Contents/Eclipse/plugins/com.st.stm32cube.ide.mcu.externaltools.gnu-tools-for-stm32.7-2018-q2-update.macos64_1.0.0.201904181610/tools/bin/../lib/gcc/arm-none-eabi/7.3.1/thumb/v7e-m/fpv4-sp/hard/crtbegin.o

.preinit_array  0x00000000080074a8        0x0
                0x00000000080074a8                PROVIDE (__preinit_array_start = .)
 *(.preinit_array*)
                0x00000000080074a8                PROVIDE (__preinit_array_end = .)

.init_array     0x00000000080074a8        0x4
                0x00000000080074a8                PROVIDE (__init_array_start = .)
 *(SORT_BY_NAME(.init_array.*))
 *(.init_array*)
 .init_array    0x00000000080074a8        0x4 /Applications/STM32CubeIDE.app/Contents/Eclipse/plugins/com.st.stm32cube.ide.mcu.externaltools.gnu-tools-for-stm32.7-2018-q2-update.macos64_1.0.0.201904181610/tools/bin/../lib/gcc/arm-none-eabi/7.3.1/thumb/v7e-m/fpv4-sp/hard/crtbegin.o
                0x00000000080074ac                PROVIDE (__init_array_end = .)

.fini_array     0x00000000080074ac        0x4
                [!provide]                        PROVIDE (__fini_array_start = .)
 *(SORT_BY_NAME(.fini_array.*))
 *(.fini_array*)
 .fini_array    0x00000000080074ac        0x4 /Applications/STM32CubeIDE.app/Contents/Eclipse/plugins/com.st.stm32cube.ide.mcu.externaltools.gnu-tools-for-stm32.7-2018-q2-update.macos64_1.0.0.201904181610/tools/bin/../lib/gcc/arm-none-eabi/7.3.1/thumb/v7e-m/fpv4-sp/hard/crtbegin.o
                [!provide]                        PROVIDE (__fini_array_end = .)
                0x00000000080074b0                _sidata = LOADADDR (.data)

.data           0x0000000020000000      0x278 load address 0x00000000080074b0
                0x0000000020000000                . = ALIGN (0x4)
                0x0000000020000000                _sdata = .
 *(.data)
 *(.data*)
 .data.APBAHBPrescTable
                0x0000000020000000       0x10 Libraries/STM32F4xx_StdPeriph_Driver/src/stm32f4xx_rcc.o
 .data.ChSelData
                0x0000000020000010      0x240 src/adc_pots_selector.o
                0x0000000020000010                ChSelData
 .data.CalConstants
                0x0000000020000250       0x20 src/main.o
                0x0000000020000250                CalConstants
 .data.pots_step
                0x0000000020000270        0x2 src/main.o
                0x0000000020000270                pots_step
 *fill*         0x0000000020000272        0x2 
 .data.previous_step
                0x0000000020000274        0x2 src/main.o
                0x0000000020000274                previous_step
 .data.bank     0x0000000020000276        0x1 src/main.o
                0x0000000020000276                bank
                0x0000000020000278                . = ALIGN (0x4)
 *fill*         0x0000000020000277        0x1 
                0x0000000020000278                _edata = .
                0x0000000008007728                _siccmram = LOADADDR (.ccmram)

.igot.plt       0x0000000020000278        0x0 load address 0x0000000008007728
 .igot.plt      0x0000000020000278        0x0 /Applications/STM32CubeIDE.app/Contents/Eclipse/plugins/com.st.stm32cube.ide.mcu.externaltools.gnu-tools-for-stm32.7-2018-q2-update.macos64_1.0.0.201904181610/tools/bin/../lib/gcc/arm-none-eabi/7.3.1/thumb/v7e-m/fpv4-sp/hard/crtbegin.o

.ccmram         0x0000000010000000        0x0 load address 0x0000000008007728
                0x0000000010000000                . = ALIGN (0x4)
                0x0000000010000000                _sccmram = .
 *(.ccmram)
 *(.ccmram*)
                0x0000000010000000                . = ALIGN (0x4)
                0x0000000010000000                _eccmram = .
                0x0000000010000000                . = ALIGN (0x4)

.bss            0x0000000020000278      0x9a8
                0x0000000020000278                _sbss = .
                0x0000000020000278                __bss_start__ = _sbss
 *(.bss)
 .bss           0x0000000020000278       0x1c /Applications/STM32CubeIDE.app/Contents/Eclipse/plugins/com.st.stm32cube.ide.mcu.externaltools.gnu-tools-for-stm32.7-2018-q2-update.macos64_1.0.0.201904181610/tools/bin/../lib/gcc/arm-none-eabi/7.3.1/thumb/v7e-m/fpv4-sp/hard/crtbegin.o
 *(.bss*)
 .bss.ADC_POT_sel_cnt
                0x0000000020000294        0x1 src/main.o
                0x0000000020000294                ADC_POT_sel_cnt
 .bss.swapped_pulses
                0x0000000020000295        0x1 src/main.o
                0x0000000020000295                swapped_pulses
 .bss.gDisplayMode
                0x0000000020000296        0x1 src/main.o
                0x0000000020000296                gDisplayMode
 .bss.gSequenceStepNumber_1
                0x0000000020000297        0x1 src/main.o
                0x0000000020000297                gSequenceStepNumber_1
 .bss.gSequenceStepNumber_2
                0x0000000020000298        0x1 src/main.o
                0x0000000020000298                gSequenceStepNumber_2
 *fill*         0x0000000020000299        0x3 
 .bss.gFullStepWidth_1
                0x000000002000029c        0x4 src/main.o
 .bss.gFullStepWidth_2
                0x00000000200002a0        0x4 src/main.o
 .bss.gStepWidth_1
                0x00000000200002a4        0x4 src/main.o
 .bss.gStepWidth_2
                0x00000000200002a8        0x4 src/main.o
 .bss.gEditModeStepNum
                0x00000000200002ac        0x1 src/main.o
                0x00000000200002ac                gEditModeStepNum
 .bss.gSequencerMode_1
                0x00000000200002ad        0x1 src/main.o
                0x00000000200002ad                gSequencerMode_1
 .bss.gSequencerMode_2
                0x00000000200002ae        0x1 src/main.o
                0x00000000200002ae                gSequencerMode_2
 .bss.gPrevSequencerMode_1
                0x00000000200002af        0x1 src/main.o
                0x00000000200002af                gPrevSequencerMode_1
 .bss.gPrevSequencerMode_2
                0x00000000200002b0        0x1 src/main.o
                0x00000000200002b0                gPrevSequencerMode_2
 .bss.key_locked
                0x00000000200002b1        0x1 src/main.o
                0x00000000200002b1                key_locked
 .bss.gKeysNotValid
                0x00000000200002b2        0x1 src/main.o
                0x00000000200002b2                gKeysNotValid
 *fill*         0x00000000200002b3        0x1 
 .bss.PreviousStep
                0x00000000200002b4        0x4 src/main.o
                0x00000000200002b4                PreviousStep
 .bss.PreviousStep_2
                0x00000000200002b8        0x4 src/main.o
                0x00000000200002b8                PreviousStep_2
 .bss.strobe_banana_flag1
                0x00000000200002bc        0x1 src/main.o
                0x00000000200002bc                strobe_banana_flag1
 .bss.strobe_banana_flag2
                0x00000000200002bd        0x1 src/main.o
                0x00000000200002bd                strobe_banana_flag2
 *fill*         0x00000000200002be        0x2 
 .bss.save_counter
                0x00000000200002c0        0x4 src/main.o
                0x00000000200002c0                save_counter
 .bss.load_counter
                0x00000000200002c4        0x4 src/main.o
                0x00000000200002c4                load_counter
 .bss.advanced_counter_1
                0x00000000200002c8        0x1 src/main.o
                0x00000000200002c8                advanced_counter_1
 .bss.advanced_counter_2
                0x00000000200002c9        0x1 src/main.o
                0x00000000200002c9                advanced_counter_2
 .bss.counterL  0x00000000200002ca        0x2 src/main.o
                0x00000000200002ca                counterL
 .bss.counterR  0x00000000200002cc        0x2 src/main.o
                0x00000000200002cc                counterR
 .bss.clear_counter1.10877
                0x00000000200002ce        0x1 src/main.o
 .bss.clear_counter2.10878
                0x00000000200002cf        0x1 src/main.o
 *(COMMON)
 COMMON         0x00000000200002d0      0x950 src/main.o
                0x00000000200002d0                acc
                0x00000000200002d8                gDipConfig
                0x00000000200002dc                ADC_result
                0x00000000200002e0                DisplayUpdateFlags
                0x00000000200002e4                average_array
                0x00000000200007e4                voltages_lp
                0x0000000020000824                i
                0x0000000020000828                AddData
                0x0000000020000838                step1
                0x000000002000083a                tick
                0x000000002000083c                average_index
                0x00000000200008bc                divider
                0x00000000200008c0                readings
                0x00000000200008c2                rev
                0x00000000200008c4                tsteps_lp
                0x0000000020000944                offset
                0x0000000020000948                Steps
                0x0000000020000b48                steps_lp
                0x0000000020000bc8                RCC_Clocks
                0x0000000020000bd8                adcreading
                0x0000000020000bdc                times_lp
                0x0000000020000c1c                millis
                0x0000000020000c20                . = ALIGN (0x4)
                0x0000000020000c20                _ebss = .
                0x0000000020000c20                __bss_end__ = _ebss

._user_heap_stack
                0x0000000020000c20      0x400
                0x0000000020000c20                . = ALIGN (0x4)
                0x0000000020000c20                PROVIDE (end = .)
                [!provide]                        PROVIDE (_end = .)
                0x0000000020000c20                . = (. + _Min_Heap_Size)
                0x0000000020001020                . = (. + _Min_Stack_Size)
 *fill*         0x0000000020000c20      0x400 
                0x0000000020001020                . = ALIGN (0x4)

.memory_b1_text
 *(.mb1text)
 *(.mb1text*)
 *(.mb1rodata)
 *(.mb1rodata*)

/DISCARD/
 libc.a(*)
 libm.a(*)
 libgcc.a(*)

.ARM.attributes
                0x0000000000000000       0x30
 *(.ARM.attributes)
 .ARM.attributes
                0x0000000000000000       0x22 /Applications/STM32CubeIDE.app/Contents/Eclipse/plugins/com.st.stm32cube.ide.mcu.externaltools.gnu-tools-for-stm32.7-2018-q2-update.macos64_1.0.0.201904181610/tools/bin/../lib/gcc/arm-none-eabi/7.3.1/thumb/v7e-m/fpv4-sp/hard/crti.o
 .ARM.attributes
                0x0000000000000022       0x34 /Applications/STM32CubeIDE.app/Contents/Eclipse/plugins/com.st.stm32cube.ide.mcu.externaltools.gnu-tools-for-stm32.7-2018-q2-update.macos64_1.0.0.201904181610/tools/bin/../lib/gcc/arm-none-eabi/7.3.1/thumb/v7e-m/fpv4-sp/hard/crtbegin.o
 .ARM.attributes
                0x0000000000000056       0x39 Libraries/STM32F4xx_StdPeriph_Driver/src/misc.o
 .ARM.attributes
                0x000000000000008f       0x39 Libraries/STM32F4xx_StdPeriph_Driver/src/stm32f4xx_adc.o
 .ARM.attributes
                0x00000000000000c8       0x39 Libraries/STM32F4xx_StdPeriph_Driver/src/stm32f4xx_dac.o
 .ARM.attributes
                0x0000000000000101       0x39 Libraries/STM32F4xx_StdPeriph_Driver/src/stm32f4xx_exti.o
 .ARM.attributes
                0x000000000000013a       0x39 Libraries/STM32F4xx_StdPeriph_Driver/src/stm32f4xx_gpio.o
 .ARM.attributes
                0x0000000000000173       0x39 Libraries/STM32F4xx_StdPeriph_Driver/src/stm32f4xx_rcc.o
 .ARM.attributes
                0x00000000000001ac       0x39 Libraries/STM32F4xx_StdPeriph_Driver/src/stm32f4xx_spi.o
 .ARM.attributes
                0x00000000000001e5       0x39 Libraries/STM32F4xx_StdPeriph_Driver/src/stm32f4xx_syscfg.o
 .ARM.attributes
                0x000000000000021e       0x39 Libraries/STM32F4xx_StdPeriph_Driver/src/stm32f4xx_tim.o
 .ARM.attributes
                0x0000000000000257       0x39 src/CAT25512.o
 .ARM.attributes
                0x0000000000000290       0x39 src/HC165.o
 .ARM.attributes
                0x00000000000002c9       0x39 src/MAX5135.o
 .ARM.attributes
                0x0000000000000302       0x39 src/adc_pots_selector.o
 .ARM.attributes
                0x000000000000033b       0x39 src/dip_config.o
 .ARM.attributes
                0x0000000000000374       0x39 src/expander.o
 .ARM.attributes
                0x00000000000003ad       0x39 src/leds_modes.o
 .ARM.attributes
                0x00000000000003e6       0x39 src/leds_step.o
 .ARM.attributes
                0x000000000000041f       0x39 src/main.o
 .ARM.attributes
                0x0000000000000458       0x21 src/startup_stm32f40xx.o
 .ARM.attributes
                0x0000000000000479       0x39 src/stm32f4xx_it.o
 .ARM.attributes
                0x00000000000004b2       0x39 src/syscalls.o
 .ARM.attributes
                0x00000000000004eb       0x39 src/system_stm32f4xx.o
 .ARM.attributes
                0x0000000000000524       0x39 src/tiny_printf.o
 .ARM.attributes
                0x000000000000055d       0x39 src/version.o
 .ARM.attributes
                0x0000000000000596       0x34 /Applications/STM32CubeIDE.app/Contents/Eclipse/plugins/com.st.stm32cube.ide.mcu.externaltools.gnu-tools-for-stm32.7-2018-q2-update.macos64_1.0.0.201904181610/tools/bin/../lib/gcc/arm-none-eabi/7.3.1/../../../../arm-none-eabi/lib/thumb/v7e-m/fpv4-sp/hard/libc_nano.a(lib_a-init.o)
 .ARM.attributes
                0x00000000000005ca       0x34 /Applications/STM32CubeIDE.app/Contents/Eclipse/plugins/com.st.stm32cube.ide.mcu.externaltools.gnu-tools-for-stm32.7-2018-q2-update.macos64_1.0.0.201904181610/tools/bin/../lib/gcc/arm-none-eabi/7.3.1/../../../../arm-none-eabi/lib/thumb/v7e-m/fpv4-sp/hard/libc_nano.a(lib_a-memset.o)
 .ARM.attributes
                0x00000000000005fe       0x1b /Applications/STM32CubeIDE.app/Contents/Eclipse/plugins/com.st.stm32cube.ide.mcu.externaltools.gnu-tools-for-stm32.7-2018-q2-update.macos64_1.0.0.201904181610/tools/bin/../lib/gcc/arm-none-eabi/7.3.1/../../../../arm-none-eabi/lib/thumb/v7e-m/fpv4-sp/hard/libc_nano.a(lib_a-strlen.o)
 .ARM.attributes
                0x0000000000000619       0x22 /Applications/STM32CubeIDE.app/Contents/Eclipse/plugins/com.st.stm32cube.ide.mcu.externaltools.gnu-tools-for-stm32.7-2018-q2-update.macos64_1.0.0.201904181610/tools/bin/../lib/gcc/arm-none-eabi/7.3.1/thumb/v7e-m/fpv4-sp/hard/libgcc.a(_arm_addsubdf3.o)
 .ARM.attributes
                0x000000000000063b       0x22 /Applications/STM32CubeIDE.app/Contents/Eclipse/plugins/com.st.stm32cube.ide.mcu.externaltools.gnu-tools-for-stm32.7-2018-q2-update.macos64_1.0.0.201904181610/tools/bin/../lib/gcc/arm-none-eabi/7.3.1/thumb/v7e-m/fpv4-sp/hard/libgcc.a(_arm_muldivdf3.o)
 .ARM.attributes
                0x000000000000065d       0x22 /Applications/STM32CubeIDE.app/Contents/Eclipse/plugins/com.st.stm32cube.ide.mcu.externaltools.gnu-tools-for-stm32.7-2018-q2-update.macos64_1.0.0.201904181610/tools/bin/../lib/gcc/arm-none-eabi/7.3.1/thumb/v7e-m/fpv4-sp/hard/libgcc.a(_arm_fixunsdfsi.o)
 .ARM.attributes
                0x000000000000067f       0x22 /Applications/STM32CubeIDE.app/Contents/Eclipse/plugins/com.st.stm32cube.ide.mcu.externaltools.gnu-tools-for-stm32.7-2018-q2-update.macos64_1.0.0.201904181610/tools/bin/../lib/gcc/arm-none-eabi/7.3.1/thumb/v7e-m/fpv4-sp/hard/libgcc.a(_aeabi_ldivmod.o)
 .ARM.attributes
                0x00000000000006a1       0x34 /Applications/STM32CubeIDE.app/Contents/Eclipse/plugins/com.st.stm32cube.ide.mcu.externaltools.gnu-tools-for-stm32.7-2018-q2-update.macos64_1.0.0.201904181610/tools/bin/../lib/gcc/arm-none-eabi/7.3.1/thumb/v7e-m/fpv4-sp/hard/libgcc.a(_udivmoddi4.o)
 .ARM.attributes
                0x00000000000006d5       0x22 /Applications/STM32CubeIDE.app/Contents/Eclipse/plugins/com.st.stm32cube.ide.mcu.externaltools.gnu-tools-for-stm32.7-2018-q2-update.macos64_1.0.0.201904181610/tools/bin/../lib/gcc/arm-none-eabi/7.3.1/thumb/v7e-m/fpv4-sp/hard/libgcc.a(_dvmd_tls.o)
 .ARM.attributes
                0x00000000000006f7       0x22 /Applications/STM32CubeIDE.app/Contents/Eclipse/plugins/com.st.stm32cube.ide.mcu.externaltools.gnu-tools-for-stm32.7-2018-q2-update.macos64_1.0.0.201904181610/tools/bin/../lib/gcc/arm-none-eabi/7.3.1/thumb/v7e-m/fpv4-sp/hard/crtn.o
OUTPUT(MARF_v2.5.elf elf32-littlearm)

.comment        0x0000000000000000       0x7b
 .comment       0x0000000000000000       0x7b Libraries/STM32F4xx_StdPeriph_Driver/src/misc.o
                                         0x7c (size before relaxing)
 .comment       0x000000000000007b       0x7c Libraries/STM32F4xx_StdPeriph_Driver/src/stm32f4xx_adc.o
 .comment       0x000000000000007b       0x7c Libraries/STM32F4xx_StdPeriph_Driver/src/stm32f4xx_dac.o
 .comment       0x000000000000007b       0x7c Libraries/STM32F4xx_StdPeriph_Driver/src/stm32f4xx_exti.o
 .comment       0x000000000000007b       0x7c Libraries/STM32F4xx_StdPeriph_Driver/src/stm32f4xx_gpio.o
 .comment       0x000000000000007b       0x7c Libraries/STM32F4xx_StdPeriph_Driver/src/stm32f4xx_rcc.o
 .comment       0x000000000000007b       0x7c Libraries/STM32F4xx_StdPeriph_Driver/src/stm32f4xx_spi.o
 .comment       0x000000000000007b       0x7c Libraries/STM32F4xx_StdPeriph_Driver/src/stm32f4xx_syscfg.o
 .comment       0x000000000000007b       0x7c Libraries/STM32F4xx_StdPeriph_Driver/src/stm32f4xx_tim.o
 .comment       0x000000000000007b       0x7c src/CAT25512.o
 .comment       0x000000000000007b       0x7c src/HC165.o
 .comment       0x000000000000007b       0x7c src/MAX5135.o
 .comment       0x000000000000007b       0x7c src/adc_pots_selector.o
 .comment       0x000000000000007b       0x7c src/dip_config.o
 .comment       0x000000000000007b       0x7c src/expander.o
 .comment       0x000000000000007b       0x7c src/leds_modes.o
 .comment       0x000000000000007b       0x7c src/leds_step.o
 .comment       0x000000000000007b       0x7c src/main.o
 .comment       0x000000000000007b       0x7c src/stm32f4xx_it.o
 .comment       0x000000000000007b       0x7c src/syscalls.o
 .comment       0x000000000000007b       0x7c src/system_stm32f4xx.o
 .comment       0x000000000000007b       0x7c src/tiny_printf.o
 .comment       0x000000000000007b       0x7c src/version.o

.debug_frame    0x0000000000000000      0x1e4
 .debug_frame   0x0000000000000000       0x2c /Applications/STM32CubeIDE.app/Contents/Eclipse/plugins/com.st.stm32cube.ide.mcu.externaltools.gnu-tools-for-stm32.7-2018-q2-update.macos64_1.0.0.201904181610/tools/bin/../lib/gcc/arm-none-eabi/7.3.1/../../../../arm-none-eabi/lib/thumb/v7e-m/fpv4-sp/hard/libc_nano.a(lib_a-init.o)
 .debug_frame   0x000000000000002c       0x20 /Applications/STM32CubeIDE.app/Contents/Eclipse/plugins/com.st.stm32cube.ide.mcu.externaltools.gnu-tools-for-stm32.7-2018-q2-update.macos64_1.0.0.201904181610/tools/bin/../lib/gcc/arm-none-eabi/7.3.1/../../../../arm-none-eabi/lib/thumb/v7e-m/fpv4-sp/hard/libc_nano.a(lib_a-memset.o)
 .debug_frame   0x000000000000004c       0xac /Applications/STM32CubeIDE.app/Contents/Eclipse/plugins/com.st.stm32cube.ide.mcu.externaltools.gnu-tools-for-stm32.7-2018-q2-update.macos64_1.0.0.201904181610/tools/bin/../lib/gcc/arm-none-eabi/7.3.1/thumb/v7e-m/fpv4-sp/hard/libgcc.a(_arm_addsubdf3.o)
 .debug_frame   0x00000000000000f8       0x50 /Applications/STM32CubeIDE.app/Contents/Eclipse/plugins/com.st.stm32cube.ide.mcu.externaltools.gnu-tools-for-stm32.7-2018-q2-update.macos64_1.0.0.201904181610/tools/bin/../lib/gcc/arm-none-eabi/7.3.1/thumb/v7e-m/fpv4-sp/hard/libgcc.a(_arm_muldivdf3.o)
 .debug_frame   0x0000000000000148       0x24 /Applications/STM32CubeIDE.app/Contents/Eclipse/plugins/com.st.stm32cube.ide.mcu.externaltools.gnu-tools-for-stm32.7-2018-q2-update.macos64_1.0.0.201904181610/tools/bin/../lib/gcc/arm-none-eabi/7.3.1/thumb/v7e-m/fpv4-sp/hard/libgcc.a(_arm_fixunsdfsi.o)
 .debug_frame   0x000000000000016c       0x44 /Applications/STM32CubeIDE.app/Contents/Eclipse/plugins/com.st.stm32cube.ide.mcu.externaltools.gnu-tools-for-stm32.7-2018-q2-update.macos64_1.0.0.201904181610/tools/bin/../lib/gcc/arm-none-eabi/7.3.1/thumb/v7e-m/fpv4-sp/hard/libgcc.a(_aeabi_ldivmod.o)
 .debug_frame   0x00000000000001b0       0x34 /Applications/STM32CubeIDE.app/Contents/Eclipse/plugins/com.st.stm32cube.ide.mcu.externaltools.gnu-tools-for-stm32.7-2018-q2-update.macos64_1.0.0.201904181610/tools/bin/../lib/gcc/arm-none-eabi/7.3.1/thumb/v7e-m/fpv4-sp/hard/libgcc.a(_udivmoddi4.o)
